Archive member included to satisfy reference by file (symbol)

C:/Tools/arm-gnu-toolchain/xpack-arm-none-eabi-gcc-13.3.1-1.1/bin/../lib/gcc/arm-none-eabi/13.3.1/../../../../arm-none-eabi/lib/thumb/v7e-m+fp/hard\libm.a(libm_a-s_sin.o)
                              CMakeFiles/PCM5102.dir/Core/Src/sweep.c.obj (sin)
C:/Tools/arm-gnu-toolchain/xpack-arm-none-eabi-gcc-13.3.1-1.1/bin/../lib/gcc/arm-none-eabi/13.3.1/../../../../arm-none-eabi/lib/thumb/v7e-m+fp/hard\libm.a(libm_a-k_cos.o)
                              C:/Tools/arm-gnu-toolchain/xpack-arm-none-eabi-gcc-13.3.1-1.1/bin/../lib/gcc/arm-none-eabi/13.3.1/../../../../arm-none-eabi/lib/thumb/v7e-m+fp/hard\libm.a(libm_a-s_sin.o) (__kernel_cos)
C:/Tools/arm-gnu-toolchain/xpack-arm-none-eabi-gcc-13.3.1-1.1/bin/../lib/gcc/arm-none-eabi/13.3.1/../../../../arm-none-eabi/lib/thumb/v7e-m+fp/hard\libm.a(libm_a-k_sin.o)
                              C:/Tools/arm-gnu-toolchain/xpack-arm-none-eabi-gcc-13.3.1-1.1/bin/../lib/gcc/arm-none-eabi/13.3.1/../../../../arm-none-eabi/lib/thumb/v7e-m+fp/hard\libm.a(libm_a-s_sin.o) (__kernel_sin)
C:/Tools/arm-gnu-toolchain/xpack-arm-none-eabi-gcc-13.3.1-1.1/bin/../lib/gcc/arm-none-eabi/13.3.1/../../../../arm-none-eabi/lib/thumb/v7e-m+fp/hard\libm.a(libm_a-e_rem_pio2.o)
                              C:/Tools/arm-gnu-toolchain/xpack-arm-none-eabi-gcc-13.3.1-1.1/bin/../lib/gcc/arm-none-eabi/13.3.1/../../../../arm-none-eabi/lib/thumb/v7e-m+fp/hard\libm.a(libm_a-s_sin.o) (__ieee754_rem_pio2)
C:/Tools/arm-gnu-toolchain/xpack-arm-none-eabi-gcc-13.3.1-1.1/bin/../lib/gcc/arm-none-eabi/13.3.1/../../../../arm-none-eabi/lib/thumb/v7e-m+fp/hard\libm.a(libm_a-s_fabs.o)
                              C:/Tools/arm-gnu-toolchain/xpack-arm-none-eabi-gcc-13.3.1-1.1/bin/../lib/gcc/arm-none-eabi/13.3.1/../../../../arm-none-eabi/lib/thumb/v7e-m+fp/hard\libm.a(libm_a-e_rem_pio2.o) (fabs)
C:/Tools/arm-gnu-toolchain/xpack-arm-none-eabi-gcc-13.3.1-1.1/bin/../lib/gcc/arm-none-eabi/13.3.1/../../../../arm-none-eabi/lib/thumb/v7e-m+fp/hard\libm.a(libm_a-k_rem_pio2.o)
                              C:/Tools/arm-gnu-toolchain/xpack-arm-none-eabi-gcc-13.3.1-1.1/bin/../lib/gcc/arm-none-eabi/13.3.1/../../../../arm-none-eabi/lib/thumb/v7e-m+fp/hard\libm.a(libm_a-e_rem_pio2.o) (__kernel_rem_pio2)
C:/Tools/arm-gnu-toolchain/xpack-arm-none-eabi-gcc-13.3.1-1.1/bin/../lib/gcc/arm-none-eabi/13.3.1/../../../../arm-none-eabi/lib/thumb/v7e-m+fp/hard\libm.a(libm_a-s_scalbn.o)
                              C:/Tools/arm-gnu-toolchain/xpack-arm-none-eabi-gcc-13.3.1-1.1/bin/../lib/gcc/arm-none-eabi/13.3.1/../../../../arm-none-eabi/lib/thumb/v7e-m+fp/hard\libm.a(libm_a-k_rem_pio2.o) (scalbn)
C:/Tools/arm-gnu-toolchain/xpack-arm-none-eabi-gcc-13.3.1-1.1/bin/../lib/gcc/arm-none-eabi/13.3.1/../../../../arm-none-eabi/lib/thumb/v7e-m+fp/hard\libm.a(libm_a-s_floor.o)
                              C:/Tools/arm-gnu-toolchain/xpack-arm-none-eabi-gcc-13.3.1-1.1/bin/../lib/gcc/arm-none-eabi/13.3.1/../../../../arm-none-eabi/lib/thumb/v7e-m+fp/hard\libm.a(libm_a-k_rem_pio2.o) (floor)
C:/Tools/arm-gnu-toolchain/xpack-arm-none-eabi-gcc-13.3.1-1.1/bin/../lib/gcc/arm-none-eabi/13.3.1/thumb/v7e-m+fp/hard\libgcc.a(_arm_muldf3.o)
                              CMakeFiles/PCM5102.dir/Core/Src/sweep.c.obj (__aeabi_dmul)
C:/Tools/arm-gnu-toolchain/xpack-arm-none-eabi-gcc-13.3.1-1.1/bin/../lib/gcc/arm-none-eabi/13.3.1/thumb/v7e-m+fp/hard\libgcc.a(_arm_addsubdf3.o)
                              C:/Tools/arm-gnu-toolchain/xpack-arm-none-eabi-gcc-13.3.1-1.1/bin/../lib/gcc/arm-none-eabi/13.3.1/../../../../arm-none-eabi/lib/thumb/v7e-m+fp/hard\libm.a(libm_a-s_sin.o) (__aeabi_dsub)
C:/Tools/arm-gnu-toolchain/xpack-arm-none-eabi-gcc-13.3.1-1.1/bin/../lib/gcc/arm-none-eabi/13.3.1/thumb/v7e-m+fp/hard\libgcc.a(_arm_muldivdf3.o)
                              CMakeFiles/PCM5102.dir/Core/Src/sweep.c.obj (__aeabi_ddiv)
C:/Tools/arm-gnu-toolchain/xpack-arm-none-eabi-gcc-13.3.1-1.1/bin/../lib/gcc/arm-none-eabi/13.3.1/thumb/v7e-m+fp/hard\libgcc.a(_arm_cmpdf2.o)
                              C:/Tools/arm-gnu-toolchain/xpack-arm-none-eabi-gcc-13.3.1-1.1/bin/../lib/gcc/arm-none-eabi/13.3.1/../../../../arm-none-eabi/lib/thumb/v7e-m+fp/hard\libm.a(libm_a-e_rem_pio2.o) (__aeabi_dcmpeq)
C:/Tools/arm-gnu-toolchain/xpack-arm-none-eabi-gcc-13.3.1-1.1/bin/../lib/gcc/arm-none-eabi/13.3.1/thumb/v7e-m+fp/hard\libgcc.a(_arm_fixdfsi.o)
                              CMakeFiles/PCM5102.dir/Core/Src/sweep.c.obj (__aeabi_d2iz)
C:/Tools/arm-gnu-toolchain/xpack-arm-none-eabi-gcc-13.3.1-1.1/bin/../lib/gcc/arm-none-eabi/13.3.1/thumb/v7e-m+fp/hard\libgcc.a(_arm_fixunsdfsi.o)
                              CMakeFiles/PCM5102.dir/Core/Src/sweep.c.obj (__aeabi_d2uiz)
C:/Tools/arm-gnu-toolchain/xpack-arm-none-eabi-gcc-13.3.1-1.1/bin/../lib/gcc/arm-none-eabi/13.3.1/thumb/v7e-m+fp/hard\libgcc.a(_aeabi_uldivmod.o)
[...]
Memory Configuration

Name             Origin             Length             Attributes
RAM              0x20000000         0x00020000         xrw
CCMRAM           0x10000000         0x00010000         xrw
FLASH            0x08000000         0x00080000         xr
*default*        0x00000000         0xffffffff

Linker script and memory map

LOAD C:/Tools/arm-gnu-toolchain/xpack-arm-none-eabi-gcc-13.3.1-1.1/bin/../lib/gcc/arm-none-eabi/13.3.1/thumb/v7e-m+fp/hard/crti.o
LOAD C:/Tools/arm-gnu-toolchain/xpack-arm-none-eabi-gcc-13.3.1-1.1/bin/../lib/gcc/arm-none-eabi/13.3.1/thumb/v7e-m+fp/hard/crtbegin.o
LOAD C:/Tools/arm-gnu-toolchain/xpack-arm-none-eabi-gcc-13.3.1-1.1/bin/../lib/gcc/arm-none-eabi/13.3.1/../../../../arm-none-eabi/lib/thumb/v7e-m+fp/hard/crt0.o
LOAD cmake/stm32cubemx/CMakeFiles/STM32_Drivers.dir/__/__/Core/Src/system_stm32f4xx.c.obj
LOAD cmake/stm32cubemx/CMakeFiles/STM32_Drivers.dir/__/__/Drivers/STM32F4xx_HAL_Driver/Src/stm32f4xx_hal_i2s.c.obj
LOAD cmake/stm32cubemx/CMakeFiles/STM32_Drivers.dir/__/__/Drivers/STM32F4xx_HAL_Driver/Src/stm32f4xx_hal_i2s_ex.c.obj
LOAD cmake/stm32cubemx/CMakeFiles/STM32_Drivers.dir/__/__/Drivers/STM32F4xx_HAL_Driver/Src/stm32f4xx_hal_rcc.c.obj
LOAD cmake/stm32cubemx/CMakeFiles/STM32_Drivers.dir/__/__/Drivers/STM32F4xx_HAL_Driver/Src/stm32f4xx_hal_rcc_ex.c.obj
LOAD cmake/stm32cubemx/CMakeFiles/STM32_Drivers.dir/__/__/Drivers/STM32F4xx_HAL_Driver/Src/stm32f4xx_hal_flash.c.obj
LOAD cmake/stm32cubemx/CMakeFiles/STM32_Drivers.dir/__/__/Drivers/STM32F4xx_HAL_Driver/Src/stm32f4xx_hal_flash_ex.c.obj
LOAD cmake/stm32cubemx/CMakeFiles/STM32_Drivers.dir/__/__/Drivers/STM32F4xx_HAL_Driver/Src/stm32f4xx_hal_flash_ramfunc.c.obj
LOAD cmake/stm32cubemx/CMakeFiles/STM32_Drivers.dir/__/__/Drivers/STM32F4xx_HAL_Driver/Src/stm32f4xx_hal_gpio.c.obj
LOAD cmake/stm32cubemx/CMakeFiles/STM32_Drivers.dir/__/__/Drivers/STM32F4xx_HAL_Driver/Src/stm32f4xx_hal_dma_ex.c.obj
LOAD cmake/stm32cubemx/CMakeFiles/STM32_Drivers.dir/__/__/Drivers/STM32F4xx_HAL_Driver/Src/stm32f4xx_hal_dma.c.obj
LOAD cmake/stm32cubemx/CMakeFiles/STM32_Drivers.dir/__/__/Drivers/STM32F4xx_HAL_Driver/Src/stm32f4xx_hal_pwr.c.obj
LOAD cmake/stm32cubemx/CMakeFiles/STM32_Drivers.dir/__/__/Drivers/STM32F4xx_HAL_Driver/Src/stm32f4xx_hal_pwr_ex.c.obj
LOAD cmake/stm32cubemx/CMakeFiles/STM32_Drivers.dir/__/__/Drivers/STM32F4xx_HAL_Driver/Src/stm32f4xx_hal_cortex.c.obj
LOAD cmake/stm32cubemx/CMakeFiles/STM32_Drivers.dir/__/__/Drivers/STM32F4xx_HAL_Driver/Src/stm32f4xx_hal.c.obj
LOAD cmake/stm32cubemx/CMakeFiles/STM32_Drivers.dir/__/__/Drivers/STM32F4xx_HAL_Driver/Src/stm32f4xx_hal_exti.c.obj
LOAD CMakeFiles/PCM5102.dir/Core/Src/main.c.obj
LOAD CMakeFiles/PCM5102.dir/Core/Src/gpio.c.obj
LOAD CMakeFiles/PCM5102.dir/Core/Src/dma.c.obj
LOAD CMakeFiles/PCM5102.dir/Core/Src/i2s.c.obj
LOAD CMakeFiles/PCM5102.dir/Core/Src/sweep.c.obj
LOAD CMakeFiles/PCM5102.dir/Core/Src/stm32f4xx_it.c.obj
LOAD CMakeFiles/PCM5102.dir/Core/Src/stm32f4xx_hal_msp.c.obj
LOAD CMakeFiles/PCM5102.dir/Core/Src/sysmem.c.obj
LOAD CMakeFiles/PCM5102.dir/Core/Src/syscalls.c.obj
LOAD CMakeFiles/PCM5102.dir/startup_stm32f407xx.s.obj
LOAD C:/Tools/arm-gnu-toolchain/xpack-arm-none-eabi-gcc-13.3.1-1.1/bin/../lib/gcc/arm-none-eabi/13.3.1/../../../../arm-none-eabi/lib/thumb/v7e-m+fp/hard\libm.a
LOAD C:/Tools/arm-gnu-toolchain/xpack-arm-none-eabi-gcc-13.3.1-1.1/bin/../lib/gcc/arm-none-eabi/13.3.1/../../../../arm-none-eabi/lib/thumb/v7e-m+fp/hard\libm.a
START GROUP
LOAD C:/Tools/arm-gnu-toolchain/xpack-arm-none-eabi-gcc-13.3.1-1.1/bin/../lib/gcc/arm-none-eabi/13.3.1/thumb/v7e-m+fp/hard\libgcc.a
LOAD C:/Tools/arm-gnu-toolchain/xpack-arm-none-eabi-gcc-13.3.1-1.1/bin/../lib/gcc/arm-none-eabi/13.3.1/../../../../arm-none-eabi/lib/thumb/v7e-m+fp/hard\libg_nano.a
LOAD C:/Tools/arm-gnu-toolchain/xpack-arm-none-eabi-gcc-13.3.1-1.1/bin/../lib/gcc/arm-none-eabi/13.3.1/../../../../arm-none-eabi/lib/thumb/v7e-m+fp/hard\libc_nano.a
END GROUP
START GROUP
LOAD C:/Tools/arm-gnu-toolchain/xpack-arm-none-eabi-gcc-13.3.1-1.1/bin/../lib/gcc/arm-none-eabi/13.3.1/thumb/v7e-m+fp/hard\libgcc.a
LOAD C:/Tools/arm-gnu-toolchain/xpack-arm-none-eabi-gcc-13.3.1-1.1/bin/../lib/gcc/arm-none-eabi/13.3.1/../../../../arm-none-eabi/lib/thumb/v7e-m+fp/hard\libc_nano.a
END GROUP
LOAD C:/Tools/arm-gnu-toolchain/xpack-arm-none-eabi-gcc-13.3.1-1.1/bin/../lib/gcc/arm-none-eabi/13.3.1/thumb/v7e-m+fp/hard/crtend.o
LOAD C:/Tools/arm-gnu-toolchain/xpack-arm-none-eabi-gcc-13.3.1-1.1/bin/../lib/gcc/arm-none-eabi/13.3.1/thumb/v7e-m+fp/hard/crtn.o
                0x20020000                        _estack = (ORIGIN (RAM) + LENGTH (RAM))
                0x2001fc00                        _sstack = (_estack - _Min_Stack_Size)
                0x00000200                        _Min_Heap_Size = 0x200
                0x00000400                        _Min_Stack_Size = 0x400

.isr_vector     0x08000000      0x188
                0x08000000                        . = ALIGN (0x4)
 *(.isr_vector)
 .isr_vector    0x08000000      0x188 CMakeFiles/PCM5102.dir/startup_stm32f407xx.s.obj
                0x08000000                g_pfnVectors
                0x08000188                        . = ALIGN (0x4)

.text           0x08000188     0x4b84
                0x08000188                        . = ALIGN (0x4)
 *(.text)
 .text          0x08000188      0x378 C:/Tools/arm-gnu-toolchain/xpack-arm-none-eabi-gcc-13.3.1-1.1/bin/../lib/gcc/arm-none-eabi/13.3.1/thumb/v7e-m+fp/hard\libgcc.a(_arm_addsubdf3.o)
                0x08000188                __aeabi_drsub
                0x08000190                __aeabi_dsub
                0x08000190                __subdf3
                0x08000194                __aeabi_dadd
                0x08000194                __adddf3
                0x0800040c                __floatunsidf
                0x0800040c                __aeabi_ui2d
                0x0800042c                __floatsidf
                0x0800042c                __aeabi_i2d
                0x08000450                __aeabi_f2d
                0x08000450                __extendsfdf2
                0x08000494                __floatundidf
                0x08000494                __aeabi_ul2d
                0x080004a4                __floatdidf
                0x080004a4                __aeabi_l2d
 .text          0x08000500      0x424 C:/Tools/arm-gnu-toolchain/xpack-arm-none-eabi-gcc-13.3.1-1.1/bin/../lib/gcc/arm-none-eabi/13.3.1/thumb/v7e-m+fp/hard\libgcc.a(_arm_muldivdf3.o)
                0x08000500                __aeabi_dmul
                0x08000500                __muldf3
                0x08000754                __divdf3
                0x08000754                __aeabi_ddiv
 .text          0x08000924      0x110 C:/Tools/arm-gnu-toolchain/xpack-arm-none-eabi-gcc-13.3.1-1.1/bin/../lib/gcc/arm-none-eabi/13.3.1/thumb/v7e-m+fp/hard\libgcc.a(_arm_cmpdf2.o)
                0x08000924                __gtdf2
                0x08000924                __gedf2
                0x0800092c                __ltdf2
                0x0800092c                __ledf2
                0x08000934                __nedf2
                0x08000934                __eqdf2
                0x08000934                __cmpdf2
                0x080009b0                __aeabi_cdrcmple
                0x080009c0                __aeabi_cdcmpeq
                0x080009c0                __aeabi_cdcmple
                0x080009d0                __aeabi_dcmpeq
                0x080009e4                __aeabi_dcmplt
                0x080009f8                __aeabi_dcmple
                0x08000a0c                __aeabi_dcmpge
                0x08000a20                __aeabi_dcmpgt
 .text          0x08000a34       0x50 C:/Tools/arm-gnu-toolchain/xpack-arm-none-eabi-gcc-13.3.1-1.1/bin/../lib/gcc/arm-none-eabi/13.3.1/thumb/v7e-m+fp/hard\libgcc.a(_arm_fixdfsi.o)
                0x08000a34                __aeabi_d2iz
                0x08000a34                __fixdfsi
 .text          0x08000a84       0x40 C:/Tools/arm-gnu-toolchain/xpack-arm-none-eabi-gcc-13.3.1-1.1/bin/../lib/gcc/arm-none-eabi/13.3.1/thumb/v7e-m+fp/hard\libgcc.a(_arm_fixunsdfsi.o)
                0x08000a84                __aeabi_d2uiz
                0x08000a84                __fixunsdfsi
 .text          0x08000ac4       0x30 C:/Tools/arm-gnu-toolchain/xpack-arm-none-eabi-gcc-13.3.1-1.1/bin/../lib/gcc/arm-none-eabi/13.3.1/thumb/v7e-m+fp/hard\libgcc.a(_aeabi_uldivmod.o)
                0x08000ac4                __aeabi_uldivmod
 .text          0x08000af4        0x4 C:/Tools/arm-gnu-toolchain/xpack-arm-none-eabi-gcc-13.3.1-1.1/bin/../lib/gcc/arm-none-eabi/13.3.1/thumb/v7e-m+fp/hard\libgcc.a(_dvmd_tls.o)
                0x08000af4                __aeabi_idiv0
                0x08000af4                __aeabi_ldiv0
 *(.text*)
 .text.__do_global_dtors_aux
                0x08000af8       0x24 C:/Tools/arm-gnu-toolchain/xpack-arm-none-eabi-gcc-13.3.1-1.1/bin/../lib/gcc/arm-none-eabi/13.3.1/thumb/v7e-m+fp/hard/crtbegin.o
 .text.frame_dummy
                0x08000b1c       0x1c C:/Tools/arm-gnu-toolchain/xpack-arm-none-eabi-gcc-13.3.1-1.1/bin/../lib/gcc/arm-none-eabi/13.3.1/thumb/v7e-m+fp/hard/crtbegin.o
 .text.SystemInit
                0x08000b38       0x24 cmake/stm32cubemx/CMakeFiles/STM32_Drivers.dir/__/__/Core/Src/system_stm32f4xx.c.obj
                0x08000b38                SystemInit
 .text.HAL_I2S_Init
                0x08000b5c      0x280 cmake/stm32cubemx/CMakeFiles/STM32_Drivers.dir/__/__/Drivers/STM32F4xx_HAL_Driver/Src/stm32f4xx_hal_i2s.c.obj
                0x08000b5c                HAL_I2S_Init
 .text.HAL_I2S_Transmit_DMA
                0x08000ddc      0x148 cmake/stm32cubemx/CMakeFiles/STM32_Drivers.dir/__/__/Drivers/STM32F4xx_HAL_Driver/Src/stm32f4xx_hal_i2s.c.obj
                0x08000ddc                HAL_I2S_Transmit_DMA
 .text.HAL_I2S_IRQHandler
                0x08000f24       0x18 cmake/stm32cubemx/CMakeFiles/STM32_Drivers.dir/__/__/Drivers/STM32F4xx_HAL_Driver/Src/stm32f4xx_hal_i2s.c.obj
                0x08000f24                HAL_I2S_IRQHandler
 .text.HAL_I2S_RxCpltCallback
                0x08000f3c       0x14 cmake/stm32cubemx/CMakeFiles/STM32_Drivers.dir/__/__/Drivers/STM32F4xx_HAL_Driver/Src/stm32f4xx_hal_i2s.c.obj
                0x08000f3c                HAL_I2S_RxCpltCallback
 .text.HAL_I2S_ErrorCallback
                0x08000f50       0x14 cmake/stm32cubemx/CMakeFiles/STM32_Drivers.dir/__/__/Drivers/STM32F4xx_HAL_Driver/Src/stm32f4xx_hal_i2s.c.obj
                0x08000f50                HAL_I2S_ErrorCallback
 .text.I2S_DMATxCplt
                0x08000f64       0x42 cmake/stm32cubemx/CMakeFiles/STM32_Drivers.dir/__/__/Drivers/STM32F4xx_HAL_Driver/Src/stm32f4xx_hal_i2s.c.obj
 .text.I2S_DMATxHalfCplt
                0x08000fa6       0x1c cmake/stm32cubemx/CMakeFiles/STM32_Drivers.dir/__/__/Drivers/STM32F4xx_HAL_Driver/Src/stm32f4xx_hal_i2s.c.obj
 .text.I2S_DMAError
                0x08000fc2       0x4c cmake/stm32cubemx/CMakeFiles/STM32_Drivers.dir/__/__/Drivers/STM32F4xx_HAL_Driver/Src/stm32f4xx_hal_i2s.c.obj
 .text.I2S_Transmit_IT
                0x0800100e       0x5c cmake/stm32cubemx/CMakeFiles/STM32_Drivers.dir/__/__/Drivers/STM32F4xx_HAL_Driver/Src/stm32f4xx_hal_i2s.c.obj
 .text.I2S_Receive_IT
                0x0800106a       0x5e cmake/stm32cubemx/CMakeFiles/STM32_Drivers.dir/__/__/Drivers/STM32F4xx_HAL_Driver/Src/stm32f4xx_hal_i2s.c.obj
 .text.I2S_IRQHandler
                0x080010c8      0x114 cmake/stm32cubemx/CMakeFiles/STM32_Drivers.dir/__/__/Drivers/STM32F4xx_HAL_Driver/Src/stm32f4xx_hal_i2s.c.obj
 .text.HAL_I2SEx_FullDuplex_IRQHandler
                0x080011dc      0x2a8 cmake/stm32cubemx/CMakeFiles/STM32_Drivers.dir/__/__/Drivers/STM32F4xx_HAL_Driver/Src/stm32f4xx_hal_i2s_ex.c.obj
                0x080011dc                HAL_I2SEx_FullDuplex_IRQHandler
 .text.HAL_I2SEx_TxRxCpltCallback
                0x08001484       0x14 cmake/stm32cubemx/CMakeFiles/STM32_Drivers.dir/__/__/Drivers/STM32F4xx_HAL_Driver/Src/stm32f4xx_hal_i2s_ex.c.obj
                0x08001484                HAL_I2SEx_TxRxCpltCallback
 .text.I2SEx_TxISR_I2S
                0x08001498       0x62 cmake/stm32cubemx/CMakeFiles/STM32_Drivers.dir/__/__/Drivers/STM32F4xx_HAL_Driver/Src/stm32f4xx_hal_i2s_ex.c.obj
 *fill*         0x080014fa        0x2 
 .text.I2SEx_TxISR_I2SExt
                0x080014fc       0x98 cmake/stm32cubemx/CMakeFiles/STM32_Drivers.dir/__/__/Drivers/STM32F4xx_HAL_Driver/Src/stm32f4xx_hal_i2s_ex.c.obj
 .text.I2SEx_RxISR_I2S
                0x08001594       0x64 cmake/stm32cubemx/CMakeFiles/STM32_Drivers.dir/__/__/Drivers/STM32F4xx_HAL_Driver/Src/stm32f4xx_hal_i2s_ex.c.obj
 .text.I2SEx_RxISR_I2SExt
                0x080015f8       0x98 cmake/stm32cubemx/CMakeFiles/STM32_Drivers.dir/__/__/Drivers/STM32F4xx_HAL_Driver/Src/stm32f4xx_hal_i2s_ex.c.obj
 .text.HAL_RCC_OscConfig
                0x08001690      0x4f0 cmake/stm32cubemx/CMakeFiles/STM32_Drivers.dir/__/__/Drivers/STM32F4xx_HAL_Driver/Src/stm32f4xx_hal_rcc.c.obj
                0x08001690                HAL_RCC_OscConfig
 .text.HAL_RCC_ClockConfig
                0x08001b80      0x1cc cmake/stm32cubemx/CMakeFiles/STM32_Drivers.dir/__/__/Drivers/STM32F4xx_HAL_Driver/Src/stm32f4xx_hal_rcc.c.obj
                0x08001b80                HAL_RCC_ClockConfig
 .text.HAL_RCC_GetSysClockFreq
                0x08001d4c      0x18c cmake/stm32cubemx/CMakeFiles/STM32_Drivers.dir/__/__/Drivers/STM32F4xx_HAL_Driver/Src/stm32f4xx_hal_rcc.c.obj
                0x08001d4c                HAL_RCC_GetSysClockFreq
 .text.HAL_RCCEx_PeriphCLKConfig
                0x08001ed8      0x1c4 cmake/stm32cubemx/CMakeFiles/STM32_Drivers.dir/__/__/Drivers/STM32F4xx_HAL_Driver/Src/stm32f4xx_hal_rcc_ex.c.obj
                0x08001ed8                HAL_RCCEx_PeriphCLKConfig
 .text.HAL_RCCEx_GetPeriphCLKFreq
                0x0800209c       0xc0 cmake/stm32cubemx/CMakeFiles/STM32_Drivers.dir/__/__/Drivers/STM32F4xx_HAL_Driver/Src/stm32f4xx_hal_rcc_ex.c.obj
                0x0800209c                HAL_RCCEx_GetPeriphCLKFreq
 .text.HAL_GPIO_Init
                0x0800215c      0x338 cmake/stm32cubemx/CMakeFiles/STM32_Drivers.dir/__/__/Drivers/STM32F4xx_HAL_Driver/Src/stm32f4xx_hal_gpio.c.obj
                0x0800215c                HAL_GPIO_Init
 .text.HAL_GPIO_WritePin
                0x08002494       0x32 cmake/stm32cubemx/CMakeFiles/STM32_Drivers.dir/__/__/Drivers/STM32F4xx_HAL_Driver/Src/stm32f4xx_hal_gpio.c.obj
                0x08002494                HAL_GPIO_WritePin
 *fill*         0x080024c6        0x2 
 .text.HAL_DMA_Init
                0x080024c8      0x15c cmake/stm32cubemx/CMakeFiles/STM32_Drivers.dir/__/__/Drivers/STM32F4xx_HAL_Driver/Src/stm32f4xx_hal_dma.c.obj
                0x080024c8                HAL_DMA_Init
 .text.HAL_DMA_Start_IT
                0x08002624       0xb0 cmake/stm32cubemx/CMakeFiles/STM32_Drivers.dir/__/__/Drivers/STM32F4xx_HAL_Driver/Src/stm32f4xx_hal_dma.c.obj
                0x08002624                HAL_DMA_Start_IT
 .text.HAL_DMA_IRQHandler
                0x080026d4      0x314 cmake/stm32cubemx/CMakeFiles/STM32_Drivers.dir/__/__/Drivers/STM32F4xx_HAL_Driver/Src/stm32f4xx_hal_dma.c.obj
                0x080026d4                HAL_DMA_IRQHandler
 .text.DMA_SetConfig
                0x080029e8       0x5c cmake/stm32cubemx/CMakeFiles/STM32_Drivers.dir/__/__/Drivers/STM32F4xx_HAL_Driver/Src/stm32f4xx_hal_dma.c.obj
 .text.DMA_CalcBaseAndBitshift
                0x08002a44       0x6c cmake/stm32cubemx/CMakeFiles/STM32_Drivers.dir/__/__/Drivers/STM32F4xx_HAL_Driver/Src/stm32f4xx_hal_dma.c.obj
 .text.DMA_CheckFifoParam
                0x08002ab0       0xf8 cmake/stm32cubemx/CMakeFiles/STM32_Drivers.dir/__/__/Drivers/STM32F4xx_HAL_Driver/Src/stm32f4xx_hal_dma.c.obj
 .text.__NVIC_SetPriorityGrouping
                0x08002ba8       0x48 cmake/stm32cubemx/CMakeFiles/STM32_Drivers.dir/__/__/Drivers/STM32F4xx_HAL_Driver/Src/stm32f4xx_hal_cortex.c.obj
 .text.__NVIC_GetPriorityGrouping
                0x08002bf0       0x1c cmake/stm32cubemx/CMakeFiles/STM32_Drivers.dir/__/__/Drivers/STM32F4xx_HAL_Driver/Src/stm32f4xx_hal_cortex.c.obj
 .text.__NVIC_EnableIRQ
                0x08002c0c       0x3c cmake/stm32cubemx/CMakeFiles/STM32_Drivers.dir/__/__/Drivers/STM32F4xx_HAL_Driver/Src/stm32f4xx_hal_cortex.c.obj
 .text.__NVIC_SetPriority
                0x08002c48       0x54 cmake/stm32cubemx/CMakeFiles/STM32_Drivers.dir/__/__/Drivers/STM32F4xx_HAL_Driver/Src/stm32f4xx_hal_cortex.c.obj
 .text.NVIC_EncodePriority
                0x08002c9c       0x66 cmake/stm32cubemx/CMakeFiles/STM32_Drivers.dir/__/__/Drivers/STM32F4xx_HAL_Driver/Src/stm32f4xx_hal_cortex.c.obj
 *fill*         0x08002d02        0x2 
 .text.SysTick_Config
                0x08002d04       0x44 cmake/stm32cubemx/CMakeFiles/STM32_Drivers.dir/__/__/Drivers/STM32F4xx_HAL_Driver/Src/stm32f4xx_hal_cortex.c.obj
 .text.HAL_NVIC_SetPriorityGrouping
                0x08002d48       0x16 cmake/stm32cubemx/CMakeFiles/STM32_Drivers.dir/__/__/Drivers/STM32F4xx_HAL_Driver/Src/stm32f4xx_hal_cortex.c.obj
                0x08002d48                HAL_NVIC_SetPriorityGrouping
 .text.HAL_NVIC_SetPriority
                0x08002d5e       0x38 cmake/stm32cubemx/CMakeFiles/STM32_Drivers.dir/__/__/Drivers/STM32F4xx_HAL_Driver/Src/stm32f4xx_hal_cortex.c.obj
                0x08002d5e                HAL_NVIC_SetPriority
 .text.HAL_NVIC_EnableIRQ
                0x08002d96       0x1c cmake/stm32cubemx/CMakeFiles/STM32_Drivers.dir/__/__/Drivers/STM32F4xx_HAL_Driver/Src/stm32f4xx_hal_cortex.c.obj
                0x08002d96                HAL_NVIC_EnableIRQ
 .text.HAL_SYSTICK_Config
                0x08002db2       0x18 cmake/stm32cubemx/CMakeFiles/STM32_Drivers.dir/__/__/Drivers/STM32F4xx_HAL_Driver/Src/stm32f4xx_hal_cortex.c.obj
                0x08002db2                HAL_SYSTICK_Config
 *fill*         0x08002dca        0x2 
 .text.HAL_Init
                0x08002dcc       0x44 cmake/stm32cubemx/CMakeFiles/STM32_Drivers.dir/__/__/Drivers/STM32F4xx_HAL_Driver/Src/stm32f4xx_hal.c.obj
                0x08002dcc                HAL_Init
 .text.HAL_InitTick
                0x08002e10       0x60 cmake/stm32cubemx/CMakeFiles/STM32_Drivers.dir/__/__/Drivers/STM32F4xx_HAL_Driver/Src/stm32f4xx_hal.c.obj
                0x08002e10                HAL_InitTick
 .text.HAL_IncTick
                0x08002e70       0x28 cmake/stm32cubemx/CMakeFiles/STM32_Drivers.dir/__/__/Drivers/STM32F4xx_HAL_Driver/Src/stm32f4xx_hal.c.obj
                0x08002e70                HAL_IncTick
 .text.HAL_GetTick
                0x08002e98       0x18 cmake/stm32cubemx/CMakeFiles/STM32_Drivers.dir/__/__/Drivers/STM32F4xx_HAL_Driver/Src/stm32f4xx_hal.c.obj
                0x08002e98                HAL_GetTick
 .text.main     0x08002eb0       0x24 CMakeFiles/PCM5102.dir/Core/Src/main.c.obj
                0x08002eb0                main
 .text.SystemClock_Config
                0x08002ed4       0xd4 CMakeFiles/PCM5102.dir/Core/Src/main.c.obj
                0x08002ed4                SystemClock_Config
 .text.Error_Handler
                0x08002fa8        0xc CMakeFiles/PCM5102.dir/Core/Src/main.c.obj
                0x08002fa8                Error_Handler
 .text.MX_GPIO_Init
                0x08002fb4       0xbc CMakeFiles/PCM5102.dir/Core/Src/gpio.c.obj
                0x08002fb4                MX_GPIO_Init
 .text.MX_DMA_Init
                0x08003070       0x40 CMakeFiles/PCM5102.dir/Core/Src/dma.c.obj
                0x08003070                MX_DMA_Init
 .text.MX_I2S2_Init
                0x080030b0       0x5c CMakeFiles/PCM5102.dir/Core/Src/i2s.c.obj
                0x080030b0                MX_I2S2_Init
 .text.HAL_I2S_MspInit
                0x0800310c      0x178 CMakeFiles/PCM5102.dir/Core/Src/i2s.c.obj
                0x0800310c                HAL_I2S_MspInit
 *fill*         0x08003284        0x4 
 .text.InitSineTable
                0x08003288       0xa8 CMakeFiles/PCM5102.dir/Core/Src/sweep.c.obj
 .text.FillBufferHalf
                0x08003330      0x17c CMakeFiles/PCM5102.dir/Core/Src/sweep.c.obj
 .text.HAL_I2S_TxHalfCpltCallback
                0x080034ac       0x24 CMakeFiles/PCM5102.dir/Core/Src/sweep.c.obj
                0x080034ac                HAL_I2S_TxHalfCpltCallback
 .text.HAL_I2S_TxCpltCallback
                0x080034d0       0x24 CMakeFiles/PCM5102.dir/Core/Src/sweep.c.obj
                0x080034d0                HAL_I2S_TxCpltCallback
 *fill*         0x080034f4        0x4 
 .text.Sweep_Init
                0x080034f8       0x88 CMakeFiles/PCM5102.dir/Core/Src/sweep.c.obj
                0x080034f8                Sweep_Init
 .text.Sweep_Start
                0x08003580       0x28 CMakeFiles/PCM5102.dir/Core/Src/sweep.c.obj
                0x08003580                Sweep_Start
 .text.NMI_Handler
                0x080035a8        0x8 CMakeFiles/PCM5102.dir/Core/Src/stm32f4xx_it.c.obj
                0x080035a8                NMI_Handler
 .text.HardFault_Handler
                0x080035b0        0x8 CMakeFiles/PCM5102.dir/Core/Src/stm32f4xx_it.c.obj
                0x080035b0                HardFault_Handler
 .text.MemManage_Handler
                0x080035b8        0x8 CMakeFiles/PCM5102.dir/Core/Src/stm32f4xx_it.c.obj
                0x080035b8                MemManage_Handler
 .text.BusFault_Handler
                0x080035c0        0x8 CMakeFiles/PCM5102.dir/Core/Src/stm32f4xx_it.c.obj
                0x080035c0                BusFault_Handler
 .text.UsageFault_Handler
                0x080035c8        0x8 CMakeFiles/PCM5102.dir/Core/Src/stm32f4xx_it.c.obj
                0x080035c8                UsageFault_Handler
 .text.SVC_Handler
                0x080035d0        0xe CMakeFiles/PCM5102.dir/Core/Src/stm32f4xx_it.c.obj
                0x080035d0                SVC_Handler
 .text.DebugMon_Handler
                0x080035de        0xe CMakeFiles/PCM5102.dir/Core/Src/stm32f4xx_it.c.obj
                0x080035de                DebugMon_Handler
 .text.PendSV_Handler
                0x080035ec        0xe CMakeFiles/PCM5102.dir/Core/Src/stm32f4xx_it.c.obj
                0x080035ec                PendSV_Handler
 .text.SysTick_Handler
                0x080035fa        0xc CMakeFiles/PCM5102.dir/Core/Src/stm32f4xx_it.c.obj
                0x080035fa                SysTick_Handler
 *fill*         0x08003606        0x2 
 .text.DMA1_Stream4_IRQHandler
                0x08003608       0x14 CMakeFiles/PCM5102.dir/Core/Src/stm32f4xx_it.c.obj
                0x08003608                DMA1_Stream4_IRQHandler
 .text.SPI2_IRQHandler
                0x0800361c       0x14 CMakeFiles/PCM5102.dir/Core/Src/stm32f4xx_it.c.obj
                0x0800361c                SPI2_IRQHandler
 .text.HAL_MspInit
                0x08003630       0x50 CMakeFiles/PCM5102.dir/Core/Src/stm32f4xx_hal_msp.c.obj
                0x08003630                HAL_MspInit
 .text.Reset_Handler
                0x08003680       0x50 CMakeFiles/PCM5102.dir/startup_stm32f407xx.s.obj
                0x08003680                Reset_Handler
 .text.Default_Handler
                0x080036d0        0x2 CMakeFiles/PCM5102.dir/startup_stm32f407xx.s.obj
                0x080036d0                RTC_Alarm_IRQHandler
                0x080036d0                HASH_RNG_IRQHandler
                0x080036d0                EXTI2_IRQHandler
                0x080036d0                TIM8_CC_IRQHandler
                0x080036d0                TIM1_CC_IRQHandler
                0x080036d0                DMA2_Stream5_IRQHandler
                0x080036d0                DMA1_Stream5_IRQHandler
                0x080036d0                PVD_IRQHandler
                0x080036d0                SDIO_IRQHandler
                0x080036d0                TAMP_STAMP_IRQHandler
                0x080036d0                CAN2_RX1_IRQHandler
                0x080036d0                EXTI3_IRQHandler
                0x080036d0                TIM8_TRG_COM_TIM14_IRQHandler
                0x080036d0                TIM1_UP_TIM10_IRQHandler
                0x080036d0                TIM8_UP_TIM13_IRQHandler
                0x080036d0                I2C3_ER_IRQHandler
                0x080036d0                EXTI0_IRQHandler
                0x080036d0                I2C2_EV_IRQHandler
                0x080036d0                DMA1_Stream2_IRQHandler
                0x080036d0                CAN1_RX0_IRQHandler
                0x080036d0                FPU_IRQHandler
                0x080036d0                OTG_HS_WKUP_IRQHandler
                0x080036d0                CAN2_SCE_IRQHandler
                0x080036d0                DMA2_Stream2_IRQHandler
                0x080036d0                SPI1_IRQHandler
                0x080036d0                TIM6_DAC_IRQHandler
                0x080036d0                TIM1_BRK_TIM9_IRQHandler
                0x080036d0                DCMI_IRQHandler
                0x080036d0                CAN2_RX0_IRQHandler
                0x080036d0                DMA2_Stream3_IRQHandler
                0x080036d0                USART6_IRQHandler
                0x080036d0                USART3_IRQHandler
                0x080036d0                CAN1_RX1_IRQHandler
                0x080036d0                UART5_IRQHandler
                0x080036d0                DMA2_Stream0_IRQHandler
                0x080036d0                TIM4_IRQHandler
                0x080036d0                I2C1_EV_IRQHandler
                0x080036d0                DMA1_Stream6_IRQHandler
                0x080036d0                DMA1_Stream1_IRQHandler
                0x080036d0                UART4_IRQHandler
                0x080036d0                TIM3_IRQHandler
                0x080036d0                RCC_IRQHandler
                0x080036d0                TIM8_BRK_TIM12_IRQHandler
                0x080036d0                Default_Handler
                0x080036d0                EXTI15_10_IRQHandler
                0x080036d0                ADC_IRQHandler
                0x080036d0                DMA1_Stream7_IRQHandler
                0x080036d0                TIM7_IRQHandler
                0x080036d0                CAN2_TX_IRQHandler
                0x080036d0                TIM5_IRQHandler
                0x080036d0                DMA2_Stream7_IRQHandler
                0x080036d0                I2C3_EV_IRQHandler
                0x080036d0                EXTI9_5_IRQHandler
                0x080036d0                RTC_WKUP_IRQHandler
                0x080036d0                ETH_WKUP_IRQHandler
                0x080036d0                OTG_HS_EP1_IN_IRQHandler
                0x080036d0                DMA1_Stream0_IRQHandler
                0x080036d0                CAN1_TX_IRQHandler
                0x080036d0                EXTI4_IRQHandler
                0x080036d0                FSMC_IRQHandler
                0x080036d0                ETH_IRQHandler
                0x080036d0                OTG_HS_EP1_OUT_IRQHandler
                0x080036d0                WWDG_IRQHandler
                0x080036d0                TIM2_IRQHandler
                0x080036d0                OTG_FS_WKUP_IRQHandler
                0x080036d0                TIM1_TRG_COM_TIM11_IRQHandler
                0x080036d0                OTG_HS_IRQHandler
                0x080036d0                EXTI1_IRQHandler
                0x080036d0                USART2_IRQHandler
                0x080036d0                I2C2_ER_IRQHandler
                0x080036d0                DMA2_Stream1_IRQHandler
                0x080036d0                CAN1_SCE_IRQHandler
                0x080036d0                FLASH_IRQHandler
                0x080036d0                DMA2_Stream4_IRQHandler
                0x080036d0                USART1_IRQHandler
                0x080036d0                OTG_FS_IRQHandler
                0x080036d0                SPI3_IRQHandler
                0x080036d0                I2C1_ER_IRQHandler
                0x080036d0                DMA2_Stream6_IRQHandler
                0x080036d0                DMA1_Stream3_IRQHandler
 *fill*         0x080036d2        0x6 
 .text.sin      0x080036d8       0x90 C:/Tools/arm-gnu-toolchain/xpack-arm-none-eabi-gcc-13.3.1-1.1/bin/../lib/gcc/arm-none-eabi/13.3.1/../../../../arm-none-eabi/lib/thumb/v7e-m+fp/hard\libm.a(libm_a-s_sin.o)
                0x080036d8                sin
 .text.__kernel_cos
                0x08003768      0x26c C:/Tools/arm-gnu-toolchain/xpack-arm-none-eabi-gcc-13.3.1-1.1/bin/../lib/gcc/arm-none-eabi/13.3.1/../../../../arm-none-eabi/lib/thumb/v7e-m+fp/hard\libm.a(libm_a-k_cos.o)
                0x08003768                __kernel_cos
 *fill*         0x080039d4        0x4 
 .text.__kernel_sin
                0x080039d8      0x17c C:/Tools/arm-gnu-toolchain/xpack-arm-none-eabi-gcc-13.3.1-1.1/bin/../lib/gcc/arm-none-eabi/13.3.1/../../../../arm-none-eabi/lib/thumb/v7e-m+fp/hard\libm.a(libm_a-k_sin.o)
                0x080039d8                __kernel_sin
 *fill*         0x08003b54        0x4 
 .text.__ieee754_rem_pio2
                0x08003b58      0x424 C:/Tools/arm-gnu-toolchain/xpack-arm-none-eabi-gcc-13.3.1-1.1/bin/../lib/gcc/arm-none-eabi/13.3.1/../../../../arm-none-eabi/lib/thumb/v7e-m+fp/hard\libm.a(libm_a-e_rem_pio2.o)
                0x08003b58                __ieee754_rem_pio2
 .text.fabs     0x08003f7c       0x10 C:/Tools/arm-gnu-toolchain/xpack-arm-none-eabi-gcc-13.3.1-1.1/bin/../lib/gcc/arm-none-eabi/13.3.1/../../../../arm-none-eabi/lib/thumb/v7e-m+fp/hard\libm.a(libm_a-s_fabs.o)
                0x08003f7c                fabs
 *fill*         0x08003f8c        0x4 
 .text.__kernel_rem_pio2
                0x08003f90      0x82c C:/Tools/arm-gnu-toolchain/xpack-arm-none-eabi-gcc-13.3.1-1.1/bin/../lib/gcc/arm-none-eabi/13.3.1/../../../../arm-none-eabi/lib/thumb/v7e-m+fp/hard\libm.a(libm_a-k_rem_pio2.o)
                0x08003f90                __kernel_rem_pio2
 *fill*         0x080047bc        0x4 
 .text.scalbn   0x080047c0      0x114 C:/Tools/arm-gnu-toolchain/xpack-arm-none-eabi-gcc-13.3.1-1.1/bin/../lib/gcc/arm-none-eabi/13.3.1/../../../../arm-none-eabi/lib/thumb/v7e-m+fp/hard\libm.a(libm_a-s_scalbn.o)
                0x080047c0                scalbn
 *fill*         0x080048d4        0x4 
 .text.floor    0x080048d8      0x108 C:/Tools/arm-gnu-toolchain/xpack-arm-none-eabi-gcc-13.3.1-1.1/bin/../lib/gcc/arm-none-eabi/13.3.1/../../../../arm-none-eabi/lib/thumb/v7e-m+fp/hard\libm.a(libm_a-s_floor.o)
                0x080048d8                floor
 .text.__udivmoddi4
                0x080049e0      0x2bc C:/Tools/arm-gnu-toolchain/xpack-arm-none-eabi-gcc-13.3.1-1.1/bin/../lib/gcc/arm-none-eabi/13.3.1/thumb/v7e-m+fp/hard\libgcc.a(_udivmoddi4.o)
                0x080049e0                __udivmoddi4
 .text.memset   0x08004c9c       0x10 C:/Tools/arm-gnu-toolchain/xpack-arm-none-eabi-gcc-13.3.1-1.1/bin/../lib/gcc/arm-none-eabi/13.3.1/../../../../arm-none-eabi/lib/thumb/v7e-m+fp/hard\libg_nano.a(libc_a-memset.o)
                0x08004c9c                memset
 .text.__libc_init_array
                0x08004cac       0x48 C:/Tools/arm-gnu-toolchain/xpack-arm-none-eabi-gcc-13.3.1-1.1/bin/../lib/gcc/arm-none-eabi/13.3.1/../../../../arm-none-eabi/lib/thumb/v7e-m+fp/hard\libg_nano.a(libc_a-init.o)
                0x08004cac                __libc_init_array
 *(.glue_7)
 .glue_7        0x08004cf4        0x0 linker stubs
 *(.glue_7t)
 .glue_7t       0x08004cf4        0x0 linker stubs
 *(.eh_frame)
 .eh_frame      0x08004cf4        0x0 C:/Tools/arm-gnu-toolchain/xpack-arm-none-eabi-gcc-13.3.1-1.1/bin/../lib/gcc/arm-none-eabi/13.3.1/thumb/v7e-m+fp/hard/crtbegin.o
 *(.init)
 .init          0x08004cf4        0x4 C:/Tools/arm-gnu-toolchain/xpack-arm-none-eabi-gcc-13.3.1-1.1/bin/../lib/gcc/arm-none-eabi/13.3.1/thumb/v7e-m+fp/hard/crti.o
                0x08004cf4                _init
 .init          0x08004cf8        0x8 C:/Tools/arm-gnu-toolchain/xpack-arm-none-eabi-gcc-13.3.1-1.1/bin/../lib/gcc/arm-none-eabi/13.3.1/thumb/v7e-m+fp/hard/crtn.o
 *(.fini)
 .fini          0x08004d00        0x4 C:/Tools/arm-gnu-toolchain/xpack-arm-none-eabi-gcc-13.3.1-1.1/bin/../lib/gcc/arm-none-eabi/13.3.1/thumb/v7e-m+fp/hard/crti.o
                0x08004d00                _fini
 .fini          0x08004d04        0x8 C:/Tools/arm-gnu-toolchain/xpack-arm-none-eabi-gcc-13.3.1-1.1/bin/../lib/gcc/arm-none-eabi/13.3.1/thumb/v7e-m+fp/hard/crtn.o
                0x08004d0c                        . = ALIGN (0x4)
                0x08004d0c                        _etext = .

.vfp11_veneer   0x08004d0c        0x0
 .vfp11_veneer  0x08004d0c        0x0 linker stubs

.v4_bx          0x08004d0c        0x0
 .v4_bx         0x08004d0c        0x0 linker stubs

.iplt           0x08004d0c        0x0
 .iplt          0x08004d0c        0x0 C:/Tools/arm-gnu-toolchain/xpack-arm-none-eabi-gcc-13.3.1-1.1/bin/../lib/gcc/arm-none-eabi/13.3.1/thumb/v7e-m+fp/hard/crtbegin.o

.rodata         0x08004d10      0x1f0
                0x08004d10                        . = ALIGN (0x4)
 *(.rodata)
 *(.rodata*)
 .rodata.AHBPrescTable
                0x08004d10       0x10 cmake/stm32cubemx/CMakeFiles/STM32_Drivers.dir/__/__/Core/Src/system_stm32f4xx.c.obj
                0x08004d10                AHBPrescTable
 .rodata.flagBitshiftOffset.0
                0x08004d20        0x8 cmake/stm32cubemx/CMakeFiles/STM32_Drivers.dir/__/__/Drivers/STM32F4xx_HAL_Driver/Src/stm32f4xx_hal_dma.c.obj
 .rodata.npio2_hw
                0x08004d28       0x80 C:/Tools/arm-gnu-toolchain/xpack-arm-none-eabi-gcc-13.3.1-1.1/bin/../lib/gcc/arm-none-eabi/13.3.1/../../../../arm-none-eabi/lib/thumb/v7e-m+fp/hard\libm.a(libm_a-e_rem_pio2.o)
 .rodata.two_over_pi
                0x08004da8      0x108 C:/Tools/arm-gnu-toolchain/xpack-arm-none-eabi-gcc-13.3.1-1.1/bin/../lib/gcc/arm-none-eabi/13.3.1/../../../../arm-none-eabi/lib/thumb/v7e-m+fp/hard\libm.a(libm_a-e_rem_pio2.o)
 .rodata.PIo2   0x08004eb0       0x40 C:/Tools/arm-gnu-toolchain/xpack-arm-none-eabi-gcc-13.3.1-1.1/bin/../lib/gcc/arm-none-eabi/13.3.1/../../../../arm-none-eabi/lib/thumb/v7e-m+fp/hard\libm.a(libm_a-k_rem_pio2.o)
 .rodata.init_jk
                0x08004ef0       0x10 C:/Tools/arm-gnu-toolchain/xpack-arm-none-eabi-gcc-13.3.1-1.1/bin/../lib/gcc/arm-none-eabi/13.3.1/../../../../arm-none-eabi/lib/thumb/v7e-m+fp/hard\libm.a(libm_a-k_rem_pio2.o)
                0x08004f00                        . = ALIGN (0x4)

.ARM.extab      0x08004f00        0x0
                0x08004f00                        . = ALIGN (0x4)
 *(.ARM.extab* .gnu.linkonce.armextab.*)
                0x08004f00                        . = ALIGN (0x4)

.ARM            0x08004f00        0x8
                0x08004f00                        . = ALIGN (0x4)
                0x08004f00                        __exidx_start = .
 *(.ARM.exidx*)
 .ARM.exidx.text.__udivmoddi4
                0x08004f00        0x8 C:/Tools/arm-gnu-toolchain/xpack-arm-none-eabi-gcc-13.3.1-1.1/bin/../lib/gcc/arm-none-eabi/13.3.1/thumb/v7e-m+fp/hard\libgcc.a(_udivmoddi4.o)
                0x08004f08                        __exidx_end = .
                0x08004f08                        . = ALIGN (0x4)

.preinit_array  0x08004f08        0x0
                0x08004f08                        . = ALIGN (0x4)
                0x08004f08                        PROVIDE (__preinit_array_start = .)
 *(.preinit_array*)
                0x08004f08                        PROVIDE (__preinit_array_end = .)
                0x08004f08                        . = ALIGN (0x4)

.init_array     0x08004f08        0x4
                0x08004f08                        . = ALIGN (0x4)
                0x08004f08                        PROVIDE (__init_array_start = .)
 *(SORT_BY_NAME(.init_array.*))
 *(.init_array*)
 .init_array    0x08004f08        0x4 C:/Tools/arm-gnu-toolchain/xpack-arm-none-eabi-gcc-13.3.1-1.1/bin/../lib/gcc/arm-none-eabi/13.3.1/thumb/v7e-m+fp/hard/crtbegin.o
                0x08004f0c                        PROVIDE (__init_array_end = .)
                0x08004f0c                        . = ALIGN (0x4)

.fini_array     0x08004f0c        0x4
                0x08004f0c                        . = ALIGN (0x4)
                0x08004f0c                        PROVIDE (__fini_array_start = .)
 *(SORT_BY_NAME(.fini_array.*))
 *(.fini_array*)
 .fini_array    0x08004f0c        0x4 C:/Tools/arm-gnu-toolchain/xpack-arm-none-eabi-gcc-13.3.1-1.1/bin/../lib/gcc/arm-none-eabi/13.3.1/thumb/v7e-m+fp/hard/crtbegin.o
                0x08004f10                        PROVIDE (__fini_array_end = .)
                0x08004f10                        . = ALIGN (0x4)
                0x08004f10                        _siccmram = LOADADDR (.ccmram)

.rel.dyn        0x08004f10        0x0
 .rel.iplt      0x08004f10        0x0 C:/Tools/arm-gnu-toolchain/xpack-arm-none-eabi-gcc-13.3.1-1.1/bin/../lib/gcc/arm-none-eabi/13.3.1/thumb/v7e-m+fp/hard/crtbegin.o

.ccmram         0x10000000        0x0 load address 0x08004f10
                0x10000000                        . = ALIGN (0x4)
                0x10000000                        _sccmram = .
 *(.ccmram)
 *(.ccmram*)
                0x10000000                        . = ALIGN (0x4)
                0x10000000                        _eccmram = .
                0x08004f10                        _sidata = LOADADDR (.data)

.data           0x20000000       0x14 load address 0x08004f10
                0x20000000                        . = ALIGN (0x4)
                0x20000000                        _sdata = .
 *(.data)
 *(.data*)
 .data.SystemCoreClock
                0x20000000        0x4 cmake/stm32cubemx/CMakeFiles/STM32_Drivers.dir/__/__/Core/Src/system_stm32f4xx.c.obj
                0x20000000                SystemCoreClock
 .data.uwTickPrio
                0x20000004        0x4 cmake/stm32cubemx/CMakeFiles/STM32_Drivers.dir/__/__/Drivers/STM32F4xx_HAL_Driver/Src/stm32f4xx_hal.c.obj
                0x20000004                uwTickPrio
 .data.uwTickFreq
                0x20000008        0x1 cmake/stm32cubemx/CMakeFiles/STM32_Drivers.dir/__/__/Drivers/STM32F4xx_HAL_Driver/Src/stm32f4xx_hal.c.obj
                0x20000008                uwTickFreq
 *fill*         0x20000009        0x3 
 .data.sweep_freq
                0x2000000c        0x4 CMakeFiles/PCM5102.dir/Core/Src/sweep.c.obj
 .data.sweep_dir
                0x20000010        0x4 CMakeFiles/PCM5102.dir/Core/Src/sweep.c.obj
 *(.RamFunc)
 *(.RamFunc*)
                0x20000014                        . = ALIGN (0x4)

.igot.plt       0x20000014        0x0 load address 0x08004f24
 .igot.plt      0x20000014        0x0 C:/Tools/arm-gnu-toolchain/xpack-arm-none-eabi-gcc-13.3.1-1.1/bin/../lib/gcc/arm-none-eabi/13.3.1/thumb/v7e-m+fp/hard/crtbegin.o

.tdata          0x20000014        0x0 load address 0x08004f24
 *(.tdata .tdata.* .gnu.linkonce.td.*)
                0x20000014                        . = ALIGN (0x4)
                0x20000014                        _edata = .
                [!provide]                        PROVIDE (__data_end = .)
                [!provide]                        PROVIDE (__tdata_end = .)
                [!provide]                        PROVIDE (__tdata_start = ADDR (.tdata))
                [!provide]                        PROVIDE (__tdata_size = (__tdata_end - __tdata_start))
                [!provide]                        PROVIDE (__data_start = ADDR (.data))
                [!provide]                        PROVIDE (__data_size = (__data_end - __data_start))
                [!provide]                        PROVIDE (__tdata_source = LOADADDR (.tdata))
                [!provide]                        PROVIDE (__tdata_source_end = (LOADADDR (.tdata) + SIZEOF (.tdata)))
                [!provide]                        PROVIDE (__tdata_source_size = (__tdata_source_end - __tdata_source))
                [!provide]                        PROVIDE (__data_source = LOADADDR (.data))
                [!provide]                        PROVIDE (__data_source_end = __tdata_source_end)
                [!provide]                        PROVIDE (__data_source_size = (__data_source_end - __data_source))

.tbss           0x20000014        0x0 load address 0x08004f24
                0x20000014                        _sbss = .
                0x20000014                        __bss_start__ = _sbss
 *(.tbss .tbss.*)
                0x20000014                        . = ALIGN (0x4)
                [!provide]                        PROVIDE (__tbss_end = .)
                [!provide]                        PROVIDE (__tbss_start = ADDR (.tbss))
                [!provide]                        PROVIDE (__tbss_size = (__tbss_end - __tbss_start))
                [!provide]                        PROVIDE (__tbss_offset = (ADDR (.tbss) - ADDR (.tdata)))
                [!provide]                        PROVIDE (__tls_base = __tdata_start)
                [!provide]                        PROVIDE (__tls_end = __tbss_end)
                [!provide]                        PROVIDE (__tls_size = (__tls_end - __tls_base))
                [!provide]                        PROVIDE (__tls_align = MAX (ALIGNOF (.tdata), ALIGNOF (.tbss)))
                [!provide]                        PROVIDE (__tls_size_align = (((__tls_size + __tls_align) - 0x1) & ~ ((__tls_align - 0x1))))
                [!provide]                        PROVIDE (__arm32_tls_tcb_offset = MAX (0x8, __tls_align))
                [!provide]                        PROVIDE (__arm64_tls_tcb_offset = MAX (0x10, __tls_align))

.bss            0x20000014      0xad8 load address 0x08004f24
 *(.bss)
 *(.bss*)
 .bss.completed.1
                0x20000014        0x1 C:/Tools/arm-gnu-toolchain/xpack-arm-none-eabi-gcc-13.3.1-1.1/bin/../lib/gcc/arm-none-eabi/13.3.1/thumb/v7e-m+fp/hard/crtbegin.o
 *fill*         0x20000015        0x3 
 .bss.object.0  0x20000018       0x18 C:/Tools/arm-gnu-toolchain/xpack-arm-none-eabi-gcc-13.3.1-1.1/bin/../lib/gcc/arm-none-eabi/13.3.1/thumb/v7e-m+fp/hard/crtbegin.o
 .bss.uwTick    0x20000030        0x4 cmake/stm32cubemx/CMakeFiles/STM32_Drivers.dir/__/__/Drivers/STM32F4xx_HAL_Driver/Src/stm32f4xx_hal.c.obj
                0x20000030                uwTick
 .bss.hi2s2     0x20000034       0x48 CMakeFiles/PCM5102.dir/Core/Src/i2s.c.obj
                0x20000034                hi2s2
 .bss.hdma_spi2_tx
                0x2000007c       0x60 CMakeFiles/PCM5102.dir/Core/Src/i2s.c.obj
                0x2000007c                hdma_spi2_tx
 .bss.sine_table
                0x200000dc      0x200 CMakeFiles/PCM5102.dir/Core/Src/sweep.c.obj
 .bss.tx_buffer
                0x200002dc      0x800 CMakeFiles/PCM5102.dir/Core/Src/sweep.c.obj
 .bss.dds_phase_acc
                0x20000adc        0x4 CMakeFiles/PCM5102.dir/Core/Src/sweep.c.obj
 .bss.dds_phase_step
                0x20000ae0        0x4 CMakeFiles/PCM5102.dir/Core/Src/sweep.c.obj
 .bss.sweep_sample_count
                0x20000ae4        0x4 CMakeFiles/PCM5102.dir/Core/Src/sweep.c.obj
 .bss.sweep_samples_per_step
                0x20000ae8        0x4 CMakeFiles/PCM5102.dir/Core/Src/sweep.c.obj
 *(COMMON)
                0x20000aec                        . = ALIGN (0x4)
                0x20000aec                        _ebss = .
                0x20000aec                        __bss_end__ = _ebss
                [!provide]                        PROVIDE (__bss_end = .)
                [!provide]                        PROVIDE (__non_tls_bss_start = ADDR (.bss))
                [!provide]                        PROVIDE (__bss_start = __tbss_start)
                [!provide]                        PROVIDE (__bss_size = (__bss_end - __bss_start))

._user_heap_stack
                0x20000aec      0x604 load address 0x08004f24
                0x20000af0                        . = ALIGN (0x8)
 *fill*         0x20000aec        0x4 
                [!provide]                        PROVIDE (end = .)
                0x20000af0                        PROVIDE (_end = .)
                0x20000cf0                        . = (. + _Min_Heap_Size)
 *fill*         0x20000af0      0x200 
                0x200010f0                        . = (. + _Min_Stack_Size)
 *fill*         0x20000cf0      0x400 
                0x200010f0                        . = ALIGN (0x8)

/DISCARD/
 libc.a:*(*)
 libm.a:*(*)
 libgcc.a:*(*)
OUTPUT(PCM5102.elf elf32-littlearm)
LOAD linker stubs

.ARM.attributes
                0x00000000       0x30
 .ARM.attributes
                0x00000000       0x22 C:/Tools/arm-gnu-toolchain/xpack-arm-none-eabi-gcc-13.3.1-1.1/bin/../lib/gcc/arm-none-eabi/13.3.1/thumb/v7e-m+fp/hard/crti.o
 .ARM.attributes
                0x00000022       0x34 C:/Tools/arm-gnu-toolchain/xpack-arm-none-eabi-gcc-13.3.1-1.1/bin/../lib/gcc/arm-none-eabi/13.3.1/thumb/v7e-m+fp/hard/crtbegin.o
 .ARM.attributes
                0x00000056       0x34 cmake/stm32cubemx/CMakeFiles/STM32_Drivers.dir/__/__/Core/Src/system_stm32f4xx.c.obj
 .ARM.attributes
                0x0000008a       0x34 cmake/stm32cubemx/CMakeFiles/STM32_Drivers.dir/__/__/Drivers/STM32F4xx_HAL_Driver/Src/stm32f4xx_hal_i2s.c.obj
 .ARM.attributes
                0x000000be       0x34 cmake/stm32cubemx/CMakeFiles/STM32_Drivers.dir/__/__/Drivers/STM32F4xx_HAL_Driver/Src/stm32f4xx_hal_i2s_ex.c.obj
 .ARM.attributes
                0x000000f2       0x34 cmake/stm32cubemx/CMakeFiles/STM32_Drivers.dir/__/__/Drivers/STM32F4xx_HAL_Driver/Src/stm32f4xx_hal_rcc.c.obj
 .ARM.attributes
                0x00000126       0x34 cmake/stm32cubemx/CMakeFiles/STM32_Drivers.dir/__/__/Drivers/STM32F4xx_HAL_Driver/Src/stm32f4xx_hal_rcc_ex.c.obj
 .ARM.attributes
                0x0000015a       0x34 cmake/stm32cubemx/CMakeFiles/STM32_Drivers.dir/__/__/Drivers/STM32F4xx_HAL_Driver/Src/stm32f4xx_hal_gpio.c.obj
 .ARM.attributes
                0x0000018e       0x34 cmake/stm32cubemx/CMakeFiles/STM32_Drivers.dir/__/__/Drivers/STM32F4xx_HAL_Driver/Src/stm32f4xx_hal_dma.c.obj
 .ARM.attributes
                0x000001c2       0x34 cmake/stm32cubemx/CMakeFiles/STM32_Drivers.dir/__/__/Drivers/STM32F4xx_HAL_Driver/Src/stm32f4xx_hal_cortex.c.obj
 .ARM.attributes
                0x000001f6       0x34 cmake/stm32cubemx/CMakeFiles/STM32_Drivers.dir/__/__/Drivers/STM32F4xx_HAL_Driver/Src/stm32f4xx_hal.c.obj
 .ARM.attributes
                0x0000022a       0x34 CMakeFiles/PCM5102.dir/Core/Src/main.c.obj
 .ARM.attributes
                0x0000025e       0x34 CMakeFiles/PCM5102.dir/Core/Src/gpio.c.obj
 .ARM.attributes
                0x00000292       0x34 CMakeFiles/PCM5102.dir/Core/Src/dma.c.obj
 .ARM.attributes
                0x000002c6       0x34 CMakeFiles/PCM5102.dir/Core/Src/i2s.c.obj
 .ARM.attributes
                0x000002fa       0x34 CMakeFiles/PCM5102.dir/Core/Src/sweep.c.obj
 .ARM.attributes
                0x0000032e       0x34 CMakeFiles/PCM5102.dir/Core/Src/stm32f4xx_it.c.obj
 .ARM.attributes
                0x00000362       0x34 CMakeFiles/PCM5102.dir/Core/Src/stm32f4xx_hal_msp.c.obj
 .ARM.attributes
                0x00000396       0x21 CMakeFiles/PCM5102.dir/startup_stm32f407xx.s.obj
 .ARM.attributes
                0x000003b7       0x34 C:/Tools/arm-gnu-toolchain/xpack-arm-none-eabi-gcc-13.3.1-1.1/bin/../lib/gcc/arm-none-eabi/13.3.1/../../../../arm-none-eabi/lib/thumb/v7e-m+fp/hard\libm.a(libm_a-s_sin.o)
 .ARM.attributes
                0x000003eb       0x34 C:/Tools/arm-gnu-toolchain/xpack-arm-none-eabi-gcc-13.3.1-1.1/bin/../lib/gcc/arm-none-eabi/13.3.1/../../../../arm-none-eabi/lib/thumb/v7e-m+fp/hard\libm.a(libm_a-k_cos.o)
 .ARM.attributes
                0x0000041f       0x34 C:/Tools/arm-gnu-toolchain/xpack-arm-none-eabi-gcc-13.3.1-1.1/bin/../lib/gcc/arm-none-eabi/13.3.1/../../../../arm-none-eabi/lib/thumb/v7e-m+fp/hard\libm.a(libm_a-k_sin.o)
 .ARM.attributes
                0x00000453       0x34 C:/Tools/arm-gnu-toolchain/xpack-arm-none-eabi-gcc-13.3.1-1.1/bin/../lib/gcc/arm-none-eabi/13.3.1/../../../../arm-none-eabi/lib/thumb/v7e-m+fp/hard\libm.a(libm_a-e_rem_pio2.o)
 .ARM.attributes
                0x00000487       0x34 C:/Tools/arm-gnu-toolchain/xpack-arm-none-eabi-gcc-13.3.1-1.1/bin/../lib/gcc/arm-none-eabi/13.3.1/../../../../arm-none-eabi/lib/thumb/v7e-m+fp/hard\libm.a(libm_a-s_fabs.o)
 .ARM.attributes
                0x000004bb       0x34 C:/Tools/arm-gnu-toolchain/xpack-arm-none-eabi-gcc-13.3.1-1.1/bin/../lib/gcc/arm-none-eabi/13.3.1/../../../../arm-none-eabi/lib/thumb/v7e-m+fp/hard\libm.a(libm_a-k_rem_pio2.o)
 .ARM.attributes
                0x000004ef       0x34 C:/Tools/arm-gnu-toolchain/xpack-arm-none-eabi-gcc-13.3.1-1.1/bin/../lib/gcc/arm-none-eabi/13.3.1/../../../../arm-none-eabi/lib/thumb/v7e-m+fp/hard\libm.a(libm_a-s_scalbn.o)
 .ARM.attributes
                0x00000523       0x34 C:/Tools/arm-gnu-toolchain/xpack-arm-none-eabi-gcc-13.3.1-1.1/bin/../lib/gcc/arm-none-eabi/13.3.1/../../../../arm-none-eabi/lib/thumb/v7e-m+fp/hard\libm.a(libm_a-s_floor.o)
 .ARM.attributes
                0x00000557       0x22 C:/Tools/arm-gnu-toolchain/xpack-arm-none-eabi-gcc-13.3.1-1.1/bin/../lib/gcc/arm-none-eabi/13.3.1/thumb/v7e-m+fp/hard\libgcc.a(_arm_addsubdf3.o)
 .ARM.attributes
                0x00000579       0x22 C:/Tools/arm-gnu-toolchain/xpack-arm-none-eabi-gcc-13.3.1-1.1/bin/../lib/gcc/arm-none-eabi/13.3.1/thumb/v7e-m+fp/hard\libgcc.a(_arm_muldivdf3.o)
 .ARM.attributes
                0x0000059b       0x22 C:/Tools/arm-gnu-toolchain/xpack-arm-none-eabi-gcc-13.3.1-1.1/bin/../lib/gcc/arm-none-eabi/13.3.1/thumb/v7e-m+fp/hard\libgcc.a(_arm_cmpdf2.o)
 .ARM.attributes
                0x000005bd       0x22 C:/Tools/arm-gnu-toolchain/xpack-arm-none-eabi-gcc-13.3.1-1.1/bin/../lib/gcc/arm-none-eabi/13.3.1/thumb/v7e-m+fp/hard\libgcc.a(_arm_fixdfsi.o)
 .ARM.attributes
                0x000005df       0x22 C:/Tools/arm-gnu-toolchain/xpack-arm-none-eabi-gcc-13.3.1-1.1/bin/../lib/gcc/arm-none-eabi/13.3.1/thumb/v7e-m+fp/hard\libgcc.a(_arm_fixunsdfsi.o)
 .ARM.attributes
                0x00000601       0x22 C:/Tools/arm-gnu-toolchain/xpack-arm-none-eabi-gcc-13.3.1-1.1/bin/../lib/gcc/arm-none-eabi/13.3.1/thumb/v7e-m+fp/hard\libgcc.a(_aeabi_uldivmod.o)
 .ARM.attributes
                0x00000623       0x34 C:/Tools/arm-gnu-toolchain/xpack-arm-none-eabi-gcc-13.3.1-1.1/bin/../lib/gcc/arm-none-eabi/13.3.1/thumb/v7e-m+fp/hard\libgcc.a(_udivmoddi4.o)
 .ARM.attributes
                0x00000657       0x22 C:/Tools/arm-gnu-toolchain/xpack-arm-none-eabi-gcc-13.3.1-1.1/bin/../lib/gcc/arm-none-eabi/13.3.1/thumb/v7e-m+fp/hard\libgcc.a(_dvmd_tls.o)
 .ARM.attributes
                0x00000679       0x34 C:/Tools/arm-gnu-toolchain/xpack-arm-none-eabi-gcc-13.3.1-1.1/bin/../lib/gcc/arm-none-eabi/13.3.1/../../../../arm-none-eabi/lib/thumb/v7e-m+fp/hard\libg_nano.a(libc_a-memset.o)
 .ARM.attributes
                0x000006ad       0x34 C:/Tools/arm-gnu-toolchain/xpack-arm-none-eabi-gcc-13.3.1-1.1/bin/../lib/gcc/arm-none-eabi/13.3.1/../../../../arm-none-eabi/lib/thumb/v7e-m+fp/hard\libg_nano.a(libc_a-init.o)
 .ARM.attributes
                0x000006e1       0x22 C:/Tools/arm-gnu-toolchain/xpack-arm-none-eabi-gcc-13.3.1-1.1/bin/../lib/gcc/arm-none-eabi/13.3.1/thumb/v7e-m+fp/hard/crtn.o

.comment        0x00000000       0x39
 .comment       0x00000000       0x39 C:/Tools/arm-gnu-toolchain/xpack-arm-none-eabi-gcc-13.3.1-1.1/bin/../lib/gcc/arm-none-eabi/13.3.1/thumb/v7e-m+fp/hard/crtbegin.o
                                 0x3a (size before relaxing)
 .comment       0x00000039       0x3a cmake/stm32cubemx/CMakeFiles/STM32_Drivers.dir/__/__/Core/Src/system_stm32f4xx.c.obj
 .comment       0x00000039       0x3a cmake/stm32cubemx/CMakeFiles/STM32_Drivers.dir/__/__/Drivers/STM32F4xx_HAL_Driver/Src/stm32f4xx_hal_i2s.c.obj
 .comment       0x00000039       0x3a cmake/stm32cubemx/CMakeFiles/STM32_Drivers.dir/__/__/Drivers/STM32F4xx_HAL_Driver/Src/stm32f4xx_hal_i2s_ex.c.obj
 .comment       0x00000039       0x3a cmake/stm32cubemx/CMakeFiles/STM32_Drivers.dir/__/__/Drivers/STM32F4xx_HAL_Driver/Src/stm32f4xx_hal_rcc.c.obj
 .comment       0x00000039       0x3a cmake/stm32cubemx/CMakeFiles/STM32_Drivers.dir/__/__/Drivers/STM32F4xx_HAL_Driver/Src/stm32f4xx_hal_rcc_ex.c.obj
 .comment       0x00000039       0x3a cmake/stm32cubemx/CMakeFiles/STM32_Drivers.dir/__/__/Drivers/STM32F4xx_HAL_Driver/Src/stm32f4xx_hal_gpio.c.obj
 .comment       0x00000039       0x3a cmake/stm32cubemx/CMakeFiles/STM32_Drivers.dir/__/__/Drivers/STM32F4xx_HAL_Driver/Src/stm32f4xx_hal_dma.c.obj
 .comment       0x00000039       0x3a cmake/stm32cubemx/CMakeFiles/STM32_Drivers.dir/__/__/Drivers/STM32F4xx_HAL_Driver/Src/stm32f4xx_hal_cortex.c.obj
 .comment       0x00000039       0x3a cmake/stm32cubemx/CMakeFiles/STM32_Drivers.dir/__/__/Drivers/STM32F4xx_HAL_Driver/Src/stm32f4xx_hal.c.obj
 .comment       0x00000039       0x3a CMakeFiles/PCM5102.dir/Core/Src/main.c.obj
 .comment       0x00000039       0x3a CMakeFiles/PCM5102.dir/Core/Src/gpio.c.obj
 .comment       0x00000039       0x3a CMakeFiles/PCM5102.dir/Core/Src/dma.c.obj
 .comment       0x00000039       0x3a CMakeFiles/PCM5102.dir/Core/Src/i2s.c.obj
 .comment       0x00000039       0x3a CMakeFiles/PCM5102.dir/Core/Src/sweep.c.obj
 .comment       0x00000039       0x3a CMakeFiles/PCM5102.dir/Core/Src/stm32f4xx_it.c.obj
 .comment       0x00000039       0x3a CMakeFiles/PCM5102.dir/Core/Src/stm32f4xx_hal_msp.c.obj
 .comment       0x00000039       0x3a C:/Tools/arm-gnu-toolchain/xpack-arm-none-eabi-gcc-13.3.1-1.1/bin/../lib/gcc/arm-none-eabi/13.3.1/../../../../arm-none-eabi/lib/thumb/v7e-m+fp/hard\libm.a(libm_a-s_sin.o)
 .comment       0x00000039       0x3a C:/Tools/arm-gnu-toolchain/xpack-arm-none-eabi-gcc-13.3.1-1.1/bin/../lib/gcc/arm-none-eabi/13.3.1/../../../../arm-none-eabi/lib/thumb/v7e-m+fp/hard\libm.a(libm_a-k_cos.o)
 .comment       0x00000039       0x3a C:/Tools/arm-gnu-toolchain/xpack-arm-none-eabi-gcc-13.3.1-1.1/bin/../lib/gcc/arm-none-eabi/13.3.1/../../../../arm-none-eabi/lib/thumb/v7e-m+fp/hard\libm.a(libm_a-k_sin.o)
 .comment       0x00000039       0x3a C:/Tools/arm-gnu-toolchain/xpack-arm-none-eabi-gcc-13.3.1-1.1/bin/../lib/gcc/arm-none-eabi/13.3.1/../../../../arm-none-eabi/lib/thumb/v7e-m+fp/hard\libm.a(libm_a-e_rem_pio2.o)
 .comment       0x00000039       0x3a C:/Tools/arm-gnu-toolchain/xpack-arm-none-eabi-gcc-13.3.1-1.1/bin/../lib/gcc/arm-none-eabi/13.3.1/../../../../arm-none-eabi/lib/thumb/v7e-m+fp/hard\libm.a(libm_a-s_fabs.o)
 .comment       0x00000039       0x3a C:/Tools/arm-gnu-toolchain/xpack-arm-none-eabi-gcc-13.3.1-1.1/bin/../lib/gcc/arm-none-eabi/13.3.1/../../../../arm-none-eabi/lib/thumb/v7e-m+fp/hard\libm.a(libm_a-k_rem_pio2.o)
 .comment       0x00000039       0x3a C:/Tools/arm-gnu-toolchain/xpack-arm-none-eabi-gcc-13.3.1-1.1/bin/../lib/gcc/arm-none-eabi/13.3.1/../../../../arm-none-eabi/lib/thumb/v7e-m+fp/hard\libm.a(libm_a-s_scalbn.o)
 .comment       0x00000039       0x3a C:/Tools/arm-gnu-toolchain/xpack-arm-none-eabi-gcc-13.3.1-1.1/bin/../lib/gcc/arm-none-eabi/13.3.1/../../../../arm-none-eabi/lib/thumb/v7e-m+fp/hard\libm.a(libm_a-s_floor.o)
 .comment       0x00000039       0x3a C:/Tools/arm-gnu-toolchain/xpack-arm-none-eabi-gcc-13.3.1-1.1/bin/../lib/gcc/arm-none-eabi/13.3.1/thumb/v7e-m+fp/hard\libgcc.a(_udivmoddi4.o)
 .comment       0x00000039       0x3a C:/Tools/arm-gnu-toolchain/xpack-arm-none-eabi-gcc-13.3.1-1.1/bin/../lib/gcc/arm-none-eabi/13.3.1/../../../../arm-none-eabi/lib/thumb/v7e-m+fp/hard\libg_nano.a(libc_a-memset.o)
 .comment       0x00000039       0x3a C:/Tools/arm-gnu-toolchain/xpack-arm-none-eabi-gcc-13.3.1-1.1/bin/../lib/gcc/arm-none-eabi/13.3.1/../../../../arm-none-eabi/lib/thumb/v7e-m+fp/hard\libg_nano.a(libc_a-init.o)

.debug_info     0x00000000     0x8760
 .debug_info    0x00000000      0x512 cmake/stm32cubemx/CMakeFiles/STM32_Drivers.dir/__/__/Core/Src/system_stm32f4xx.c.obj
 .debug_info    0x00000512      0xe02 cmake/stm32cubemx/CMakeFiles/STM32_Drivers.dir/__/__/Drivers/STM32F4xx_HAL_Driver/Src/stm32f4xx_hal_i2s.c.obj
 .debug_info    0x00001314      0xaae cmake/stm32cubemx/CMakeFiles/STM32_Drivers.dir/__/__/Drivers/STM32F4xx_HAL_Driver/Src/stm32f4xx_hal_i2s_ex.c.obj
 .debug_info    0x00001dc2      0x8c3 cmake/stm32cubemx/CMakeFiles/STM32_Drivers.dir/__/__/Drivers/STM32F4xx_HAL_Driver/Src/stm32f4xx_hal_rcc.c.obj
 .debug_info    0x00002685      0x536 cmake/stm32cubemx/CMakeFiles/STM32_Drivers.dir/__/__/Drivers/STM32F4xx_HAL_Driver/Src/stm32f4xx_hal_rcc_ex.c.obj
 .debug_info    0x00002bbb      0x6c3 cmake/stm32cubemx/CMakeFiles/STM32_Drivers.dir/__/__/Drivers/STM32F4xx_HAL_Driver/Src/stm32f4xx_hal_gpio.c.obj
 .debug_info    0x0000327e      0x8e7 cmake/stm32cubemx/CMakeFiles/STM32_Drivers.dir/__/__/Drivers/STM32F4xx_HAL_Driver/Src/stm32f4xx_hal_dma.c.obj
 .debug_info    0x00003b65      0xd8c cmake/stm32cubemx/CMakeFiles/STM32_Drivers.dir/__/__/Drivers/STM32F4xx_HAL_Driver/Src/stm32f4xx_hal_cortex.c.obj
 .debug_info    0x000048f1      0x944 cmake/stm32cubemx/CMakeFiles/STM32_Drivers.dir/__/__/Drivers/STM32F4xx_HAL_Driver/Src/stm32f4xx_hal.c.obj
 .debug_info    0x00005235      0x4d1 CMakeFiles/PCM5102.dir/Core/Src/main.c.obj
 .debug_info    0x00005706      0x409 CMakeFiles/PCM5102.dir/Core/Src/gpio.c.obj
 .debug_info    0x00005b0f      0x4ad CMakeFiles/PCM5102.dir/Core/Src/dma.c.obj
 .debug_info    0x00005fbc      0xcd4 CMakeFiles/PCM5102.dir/Core/Src/i2s.c.obj
 .debug_info    0x00006c90      0x80e CMakeFiles/PCM5102.dir/Core/Src/sweep.c.obj
 .debug_info    0x0000749e      0x645 CMakeFiles/PCM5102.dir/Core/Src/stm32f4xx_it.c.obj
 .debug_info    0x00007ae3      0x269 CMakeFiles/PCM5102.dir/Core/Src/stm32f4xx_hal_msp.c.obj
 .debug_info    0x00007d4c       0x30 CMakeFiles/PCM5102.dir/startup_stm32f407xx.s.obj
 .debug_info    0x00007d7c       0xd3 C:/Tools/arm-gnu-toolchain/xpack-arm-none-eabi-gcc-13.3.1-1.1/bin/../lib/gcc/arm-none-eabi/13.3.1/thumb/v7e-m+fp/hard\libgcc.a(_arm_addsubdf3.o)
 .debug_info    0x00007e4f       0x57 C:/Tools/arm-gnu-toolchain/xpack-arm-none-eabi-gcc-13.3.1-1.1/bin/../lib/gcc/arm-none-eabi/13.3.1/thumb/v7e-m+fp/hard\libgcc.a(_arm_muldivdf3.o)
 .debug_info    0x00007ea6       0xdf C:/Tools/arm-gnu-toolchain/xpack-arm-none-eabi-gcc-13.3.1-1.1/bin/../lib/gcc/arm-none-eabi/13.3.1/thumb/v7e-m+fp/hard\libgcc.a(_arm_cmpdf2.o)
 .debug_info    0x00007f85       0x3c C:/Tools/arm-gnu-toolchain/xpack-arm-none-eabi-gcc-13.3.1-1.1/bin/../lib/gcc/arm-none-eabi/13.3.1/thumb/v7e-m+fp/hard\libgcc.a(_arm_fixdfsi.o)
 .debug_info    0x00007fc1       0x3c C:/Tools/arm-gnu-toolchain/xpack-arm-none-eabi-gcc-13.3.1-1.1/bin/../lib/gcc/arm-none-eabi/13.3.1/thumb/v7e-m+fp/hard\libgcc.a(_arm_fixunsdfsi.o)
 .debug_info    0x00007ffd       0x24 C:/Tools/arm-gnu-toolchain/xpack-arm-none-eabi-gcc-13.3.1-1.1/bin/../lib/gcc/arm-none-eabi/13.3.1/thumb/v7e-m+fp/hard\libgcc.a(_aeabi_uldivmod.o)
 .debug_info    0x00008021      0x703 C:/Tools/arm-gnu-toolchain/xpack-arm-none-eabi-gcc-13.3.1-1.1/bin/../lib/gcc/arm-none-eabi/13.3.1/thumb/v7e-m+fp/hard\libgcc.a(_udivmoddi4.o)
 .debug_info    0x00008724       0x3c C:/Tools/arm-gnu-toolchain/xpack-arm-none-eabi-gcc-13.3.1-1.1/bin/../lib/gcc/arm-none-eabi/13.3.1/thumb/v7e-m+fp/hard\libgcc.a(_dvmd_tls.o)

.debug_abbrev   0x00000000     0x210c
 .debug_abbrev  0x00000000      0x11a cmake/stm32cubemx/CMakeFiles/STM32_Drivers.dir/__/__/Core/Src/system_stm32f4xx.c.obj
 .debug_abbrev  0x0000011a      0x25d cmake/stm32cubemx/CMakeFiles/STM32_Drivers.dir/__/__/Drivers/STM32F4xx_HAL_Driver/Src/stm32f4xx_hal_i2s.c.obj
 .debug_abbrev  0x00000377      0x276 cmake/stm32cubemx/CMakeFiles/STM32_Drivers.dir/__/__/Drivers/STM32F4xx_HAL_Driver/Src/stm32f4xx_hal_i2s_ex.c.obj
 .debug_abbrev  0x000005ed      0x2b7 cmake/stm32cubemx/CMakeFiles/STM32_Drivers.dir/__/__/Drivers/STM32F4xx_HAL_Driver/Src/stm32f4xx_hal_rcc.c.obj
 .debug_abbrev  0x000008a4      0x1b0 cmake/stm32cubemx/CMakeFiles/STM32_Drivers.dir/__/__/Drivers/STM32F4xx_HAL_Driver/Src/stm32f4xx_hal_rcc_ex.c.obj
 .debug_abbrev  0x00000a54      0x1d4 cmake/stm32cubemx/CMakeFiles/STM32_Drivers.dir/__/__/Drivers/STM32F4xx_HAL_Driver/Src/stm32f4xx_hal_gpio.c.obj
 .debug_abbrev  0x00000c28      0x264 cmake/stm32cubemx/CMakeFiles/STM32_Drivers.dir/__/__/Drivers/STM32F4xx_HAL_Driver/Src/stm32f4xx_hal_dma.c.obj
 .debug_abbrev  0x00000e8c      0x31d cmake/stm32cubemx/CMakeFiles/STM32_Drivers.dir/__/__/Drivers/STM32F4xx_HAL_Driver/Src/stm32f4xx_hal_cortex.c.obj
 .debug_abbrev  0x000011a9      0x214 cmake/stm32cubemx/CMakeFiles/STM32_Drivers.dir/__/__/Drivers/STM32F4xx_HAL_Driver/Src/stm32f4xx_hal.c.obj
 .debug_abbrev  0x000013bd      0x1de CMakeFiles/PCM5102.dir/Core/Src/main.c.obj
 .debug_abbrev  0x0000159b      0x152 CMakeFiles/PCM5102.dir/Core/Src/gpio.c.obj
 .debug_abbrev  0x000016ed      0x10e CMakeFiles/PCM5102.dir/Core/Src/dma.c.obj
 .debug_abbrev  0x000017fb      0x221 CMakeFiles/PCM5102.dir/Core/Src/i2s.c.obj
 .debug_abbrev  0x00001a1c      0x218 CMakeFiles/PCM5102.dir/Core/Src/sweep.c.obj
 .debug_abbrev  0x00001c34      0x170 CMakeFiles/PCM5102.dir/Core/Src/stm32f4xx_it.c.obj
 .debug_abbrev  0x00001da4       0xd8 CMakeFiles/PCM5102.dir/Core/Src/stm32f4xx_hal_msp.c.obj
 .debug_abbrev  0x00001e7c       0x24 CMakeFiles/PCM5102.dir/startup_stm32f407xx.s.obj
 .debug_abbrev  0x00001ea0       0x28 C:/Tools/arm-gnu-toolchain/xpack-arm-none-eabi-gcc-13.3.1-1.1/bin/../lib/gcc/arm-none-eabi/13.3.1/thumb/v7e-m+fp/hard\libgcc.a(_arm_addsubdf3.o)
 .debug_abbrev  0x00001ec8       0x28 C:/Tools/arm-gnu-toolchain/xpack-arm-none-eabi-gcc-13.3.1-1.1/bin/../lib/gcc/arm-none-eabi/13.3.1/thumb/v7e-m+fp/hard\libgcc.a(_arm_muldivdf3.o)
 .debug_abbrev  0x00001ef0       0x28 C:/Tools/arm-gnu-toolchain/xpack-arm-none-eabi-gcc-13.3.1-1.1/bin/../lib/gcc/arm-none-eabi/13.3.1/thumb/v7e-m+fp/hard\libgcc.a(_arm_cmpdf2.o)
 .debug_abbrev  0x00001f18       0x28 C:/Tools/arm-gnu-toolchain/xpack-arm-none-eabi-gcc-13.3.1-1.1/bin/../lib/gcc/arm-none-eabi/13.3.1/thumb/v7e-m+fp/hard\libgcc.a(_arm_fixdfsi.o)
 .debug_abbrev  0x00001f40       0x28 C:/Tools/arm-gnu-toolchain/xpack-arm-none-eabi-gcc-13.3.1-1.1/bin/../lib/gcc/arm-none-eabi/13.3.1/thumb/v7e-m+fp/hard\libgcc.a(_arm_fixunsdfsi.o)
 .debug_abbrev  0x00001f68       0x14 C:/Tools/arm-gnu-toolchain/xpack-arm-none-eabi-gcc-13.3.1-1.1/bin/../lib/gcc/arm-none-eabi/13.3.1/thumb/v7e-m+fp/hard\libgcc.a(_aeabi_uldivmod.o)
 .debug_abbrev  0x00001f7c      0x16a C:/Tools/arm-gnu-toolchain/xpack-arm-none-eabi-gcc-13.3.1-1.1/bin/../lib/gcc/arm-none-eabi/13.3.1/thumb/v7e-m+fp/hard\libgcc.a(_udivmoddi4.o)
 .debug_abbrev  0x000020e6       0x26 C:/Tools/arm-gnu-toolchain/xpack-arm-none-eabi-gcc-13.3.1-1.1/bin/../lib/gcc/arm-none-eabi/13.3.1/thumb/v7e-m+fp/hard\libgcc.a(_dvmd_tls.o)

.debug_aranges  0x00000000      0x830
 .debug_aranges
                0x00000000       0x28 cmake/stm32cubemx/CMakeFiles/STM32_Drivers.dir/__/__/Core/Src/system_stm32f4xx.c.obj
 .debug_aranges
                0x00000028      0x108 cmake/stm32cubemx/CMakeFiles/STM32_Drivers.dir/__/__/Drivers/STM32F4xx_HAL_Driver/Src/stm32f4xx_hal_i2s.c.obj
 .debug_aranges
                0x00000130       0x88 cmake/stm32cubemx/CMakeFiles/STM32_Drivers.dir/__/__/Drivers/STM32F4xx_HAL_Driver/Src/stm32f4xx_hal_i2s_ex.c.obj
 .debug_aranges
                0x000001b8       0x88 cmake/stm32cubemx/CMakeFiles/STM32_Drivers.dir/__/__/Drivers/STM32F4xx_HAL_Driver/Src/stm32f4xx_hal_rcc.c.obj
 .debug_aranges
                0x00000240       0x48 cmake/stm32cubemx/CMakeFiles/STM32_Drivers.dir/__/__/Drivers/STM32F4xx_HAL_Driver/Src/stm32f4xx_hal_rcc_ex.c.obj
 .debug_aranges
                0x00000288       0x58 cmake/stm32cubemx/CMakeFiles/STM32_Drivers.dir/__/__/Drivers/STM32F4xx_HAL_Driver/Src/stm32f4xx_hal_gpio.c.obj
 .debug_aranges
                0x000002e0       0x90 cmake/stm32cubemx/CMakeFiles/STM32_Drivers.dir/__/__/Drivers/STM32F4xx_HAL_Driver/Src/stm32f4xx_hal_dma.c.obj
 .debug_aranges
                0x00000370      0x130 cmake/stm32cubemx/CMakeFiles/STM32_Drivers.dir/__/__/Drivers/STM32F4xx_HAL_Driver/Src/stm32f4xx_hal_cortex.c.obj
 .debug_aranges
                0x000004a0       0xf0 cmake/stm32cubemx/CMakeFiles/STM32_Drivers.dir/__/__/Drivers/STM32F4xx_HAL_Driver/Src/stm32f4xx_hal.c.obj
 .debug_aranges
                0x00000590       0x30 CMakeFiles/PCM5102.dir/Core/Src/main.c.obj
 .debug_aranges
                0x000005c0       0x20 CMakeFiles/PCM5102.dir/Core/Src/gpio.c.obj
 .debug_aranges
                0x000005e0       0x20 CMakeFiles/PCM5102.dir/Core/Src/dma.c.obj
 .debug_aranges
                0x00000600       0x30 CMakeFiles/PCM5102.dir/Core/Src/i2s.c.obj
 .debug_aranges
                0x00000630       0x48 CMakeFiles/PCM5102.dir/Core/Src/sweep.c.obj
 .debug_aranges
                0x00000678       0x70 CMakeFiles/PCM5102.dir/Core/Src/stm32f4xx_it.c.obj
 .debug_aranges
                0x000006e8       0x20 CMakeFiles/PCM5102.dir/Core/Src/stm32f4xx_hal_msp.c.obj
 .debug_aranges
                0x00000708       0x28 CMakeFiles/PCM5102.dir/startup_stm32f407xx.s.obj
 .debug_aranges
                0x00000730       0x20 C:/Tools/arm-gnu-toolchain/xpack-arm-none-eabi-gcc-13.3.1-1.1/bin/../lib/gcc/arm-none-eabi/13.3.1/thumb/v7e-m+fp/hard\libgcc.a(_arm_addsubdf3.o)
 .debug_aranges
                0x00000750       0x20 C:/Tools/arm-gnu-toolchain/xpack-arm-none-eabi-gcc-13.3.1-1.1/bin/../lib/gcc/arm-none-eabi/13.3.1/thumb/v7e-m+fp/hard\libgcc.a(_arm_muldivdf3.o)
 .debug_aranges
                0x00000770       0x20 C:/Tools/arm-gnu-toolchain/xpack-arm-none-eabi-gcc-13.3.1-1.1/bin/../lib/gcc/arm-none-eabi/13.3.1/thumb/v7e-m+fp/hard\libgcc.a(_arm_cmpdf2.o)
 .debug_aranges
                0x00000790       0x20 C:/Tools/arm-gnu-toolchain/xpack-arm-none-eabi-gcc-13.3.1-1.1/bin/../lib/gcc/arm-none-eabi/13.3.1/thumb/v7e-m+fp/hard\libgcc.a(_arm_fixdfsi.o)
 .debug_aranges
                0x000007b0       0x20 C:/Tools/arm-gnu-toolchain/xpack-arm-none-eabi-gcc-13.3.1-1.1/bin/../lib/gcc/arm-none-eabi/13.3.1/thumb/v7e-m+fp/hard\libgcc.a(_arm_fixunsdfsi.o)
 .debug_aranges
                0x000007d0       0x20 C:/Tools/arm-gnu-toolchain/xpack-arm-none-eabi-gcc-13.3.1-1.1/bin/../lib/gcc/arm-none-eabi/13.3.1/thumb/v7e-m+fp/hard\libgcc.a(_aeabi_uldivmod.o)
 .debug_aranges
                0x000007f0       0x20 C:/Tools/arm-gnu-toolchain/xpack-arm-none-eabi-gcc-13.3.1-1.1/bin/../lib/gcc/arm-none-eabi/13.3.1/thumb/v7e-m+fp/hard\libgcc.a(_udivmoddi4.o)
 .debug_aranges
                0x00000810       0x20 C:/Tools/arm-gnu-toolchain/xpack-arm-none-eabi-gcc-13.3.1-1.1/bin/../lib/gcc/arm-none-eabi/13.3.1/thumb/v7e-m+fp/hard\libgcc.a(_dvmd_tls.o)

.debug_rnglists
                0x00000000      0x5d8
 .debug_rnglists
                0x00000000       0x1a cmake/stm32cubemx/CMakeFiles/STM32_Drivers.dir/__/__/Core/Src/system_stm32f4xx.c.obj
 .debug_rnglists
                0x0000001a       0xcc cmake/stm32cubemx/CMakeFiles/STM32_Drivers.dir/__/__/Drivers/STM32F4xx_HAL_Driver/Src/stm32f4xx_hal_i2s.c.obj
 .debug_rnglists
                0x000000e6       0x6a cmake/stm32cubemx/CMakeFiles/STM32_Drivers.dir/__/__/Drivers/STM32F4xx_HAL_Driver/Src/stm32f4xx_hal_i2s_ex.c.obj
 .debug_rnglists
                0x00000150       0x66 cmake/stm32cubemx/CMakeFiles/STM32_Drivers.dir/__/__/Drivers/STM32F4xx_HAL_Driver/Src/stm32f4xx_hal_rcc.c.obj
 .debug_rnglists
                0x000001b6       0x35 cmake/stm32cubemx/CMakeFiles/STM32_Drivers.dir/__/__/Drivers/STM32F4xx_HAL_Driver/Src/stm32f4xx_hal_rcc_ex.c.obj
 .debug_rnglists
                0x000001eb       0x3f cmake/stm32cubemx/CMakeFiles/STM32_Drivers.dir/__/__/Drivers/STM32F4xx_HAL_Driver/Src/stm32f4xx_hal_gpio.c.obj
 .debug_rnglists
                0x0000022a       0x70 cmake/stm32cubemx/CMakeFiles/STM32_Drivers.dir/__/__/Drivers/STM32F4xx_HAL_Driver/Src/stm32f4xx_hal_dma.c.obj
 .debug_rnglists
                0x0000029a       0xe0 cmake/stm32cubemx/CMakeFiles/STM32_Drivers.dir/__/__/Drivers/STM32F4xx_HAL_Driver/Src/stm32f4xx_hal_cortex.c.obj
 .debug_rnglists
                0x0000037a       0xaf cmake/stm32cubemx/CMakeFiles/STM32_Drivers.dir/__/__/Drivers/STM32F4xx_HAL_Driver/Src/stm32f4xx_hal.c.obj
 .debug_rnglists
                0x00000429       0x20 CMakeFiles/PCM5102.dir/Core/Src/main.c.obj
 .debug_rnglists
                0x00000449       0x14 CMakeFiles/PCM5102.dir/Core/Src/gpio.c.obj
 .debug_rnglists
                0x0000045d       0x13 CMakeFiles/PCM5102.dir/Core/Src/dma.c.obj
 .debug_rnglists
                0x00000470       0x20 CMakeFiles/PCM5102.dir/Core/Src/i2s.c.obj
 .debug_rnglists
                0x00000490       0x34 CMakeFiles/PCM5102.dir/Core/Src/sweep.c.obj
 .debug_rnglists
                0x000004c4       0x4f CMakeFiles/PCM5102.dir/Core/Src/stm32f4xx_it.c.obj
 .debug_rnglists
                0x00000513       0x13 CMakeFiles/PCM5102.dir/Core/Src/stm32f4xx_hal_msp.c.obj
 .debug_rnglists
                0x00000526       0x19 CMakeFiles/PCM5102.dir/startup_stm32f407xx.s.obj
 .debug_rnglists
                0x0000053f       0x99 C:/Tools/arm-gnu-toolchain/xpack-arm-none-eabi-gcc-13.3.1-1.1/bin/../lib/gcc/arm-none-eabi/13.3.1/thumb/v7e-m+fp/hard\libgcc.a(_udivmoddi4.o)

.debug_macro    0x00000000    0x209a3
 .debug_macro   0x00000000      0x1c9 cmake/stm32cubemx/CMakeFiles/STM32_Drivers.dir/__/__/Core/Src/system_stm32f4xx.c.obj
 .debug_macro   0x000001c9      0xad8 cmake/stm32cubemx/CMakeFiles/STM32_Drivers.dir/__/__/Core/Src/system_stm32f4xx.c.obj
 .debug_macro   0x00000ca1       0x2e cmake/stm32cubemx/CMakeFiles/STM32_Drivers.dir/__/__/Core/Src/system_stm32f4xx.c.obj
 .debug_macro   0x00000ccf       0x2f cmake/stm32cubemx/CMakeFiles/STM32_Drivers.dir/__/__/Core/Src/system_stm32f4xx.c.obj
 .debug_macro   0x00000cfe       0x22 cmake/stm32cubemx/CMakeFiles/STM32_Drivers.dir/__/__/Core/Src/system_stm32f4xx.c.obj
 .debug_macro   0x00000d20       0x8e cmake/stm32cubemx/CMakeFiles/STM32_Drivers.dir/__/__/Core/Src/system_stm32f4xx.c.obj
 .debug_macro   0x00000dae       0x51 cmake/stm32cubemx/CMakeFiles/STM32_Drivers.dir/__/__/Core/Src/system_stm32f4xx.c.obj
 .debug_macro   0x00000dff      0x103 cmake/stm32cubemx/CMakeFiles/STM32_Drivers.dir/__/__/Core/Src/system_stm32f4xx.c.obj
 .debug_macro   0x00000f02       0x6a cmake/stm32cubemx/CMakeFiles/STM32_Drivers.dir/__/__/Core/Src/system_stm32f4xx.c.obj
 .debug_macro   0x00000f6c      0x1df cmake/stm32cubemx/CMakeFiles/STM32_Drivers.dir/__/__/Core/Src/system_stm32f4xx.c.obj
 .debug_macro   0x0000114b       0x1c cmake/stm32cubemx/CMakeFiles/STM32_Drivers.dir/__/__/Core/Src/system_stm32f4xx.c.obj
 .debug_macro   0x00001167       0x22 cmake/stm32cubemx/CMakeFiles/STM32_Drivers.dir/__/__/Core/Src/system_stm32f4xx.c.obj
 .debug_macro   0x00001189       0xfb cmake/stm32cubemx/CMakeFiles/STM32_Drivers.dir/__/__/Core/Src/system_stm32f4xx.c.obj
 .debug_macro   0x00001284     0x1011 cmake/stm32cubemx/CMakeFiles/STM32_Drivers.dir/__/__/Core/Src/system_stm32f4xx.c.obj
 .debug_macro   0x00002295      0x11f cmake/stm32cubemx/CMakeFiles/STM32_Drivers.dir/__/__/Core/Src/system_stm32f4xx.c.obj
 .debug_macro   0x000023b4    0x15ea5 cmake/stm32cubemx/CMakeFiles/STM32_Drivers.dir/__/__/Core/Src/system_stm32f4xx.c.obj
 .debug_macro   0x00018259       0x6d cmake/stm32cubemx/CMakeFiles/STM32_Drivers.dir/__/__/Core/Src/system_stm32f4xx.c.obj
 .debug_macro   0x000182c6      0x295 cmake/stm32cubemx/CMakeFiles/STM32_Drivers.dir/__/__/Core/Src/system_stm32f4xx.c.obj
 .debug_macro   0x0001855b     0x3693 cmake/stm32cubemx/CMakeFiles/STM32_Drivers.dir/__/__/Core/Src/system_stm32f4xx.c.obj
 .debug_macro   0x0001bbee      0x190 cmake/stm32cubemx/CMakeFiles/STM32_Drivers.dir/__/__/Core/Src/system_stm32f4xx.c.obj
 .debug_macro   0x0001bd7e       0x5c cmake/stm32cubemx/CMakeFiles/STM32_Drivers.dir/__/__/Core/Src/system_stm32f4xx.c.obj
 .debug_macro   0x0001bdda      0x980 cmake/stm32cubemx/CMakeFiles/STM32_Drivers.dir/__/__/Core/Src/system_stm32f4xx.c.obj
 .debug_macro   0x0001c75a      0x9e9 cmake/stm32cubemx/CMakeFiles/STM32_Drivers.dir/__/__/Core/Src/system_stm32f4xx.c.obj
 .debug_macro   0x0001d143      0x115 cmake/stm32cubemx/CMakeFiles/STM32_Drivers.dir/__/__/Core/Src/system_stm32f4xx.c.obj
 .debug_macro   0x0001d258      0x13e cmake/stm32cubemx/CMakeFiles/STM32_Drivers.dir/__/__/Core/Src/system_stm32f4xx.c.obj
 .debug_macro   0x0001d396       0xa5 cmake/stm32cubemx/CMakeFiles/STM32_Drivers.dir/__/__/Core/Src/system_stm32f4xx.c.obj
 .debug_macro   0x0001d43b      0x174 cmake/stm32cubemx/CMakeFiles/STM32_Drivers.dir/__/__/Core/Src/system_stm32f4xx.c.obj
 .debug_macro   0x0001d5af      0x287 cmake/stm32cubemx/CMakeFiles/STM32_Drivers.dir/__/__/Core/Src/system_stm32f4xx.c.obj
 .debug_macro   0x0001d836       0x5f cmake/stm32cubemx/CMakeFiles/STM32_Drivers.dir/__/__/Core/Src/system_stm32f4xx.c.obj
 .debug_macro   0x0001d895      0x236 cmake/stm32cubemx/CMakeFiles/STM32_Drivers.dir/__/__/Core/Src/system_stm32f4xx.c.obj
 .debug_macro   0x0001dacb      0x12c cmake/stm32cubemx/CMakeFiles/STM32_Drivers.dir/__/__/Core/Src/system_stm32f4xx.c.obj
 .debug_macro   0x0001dbf7      0x21e cmake/stm32cubemx/CMakeFiles/STM32_Drivers.dir/__/__/Core/Src/system_stm32f4xx.c.obj
 .debug_macro   0x0001de15       0x2e cmake/stm32cubemx/CMakeFiles/STM32_Drivers.dir/__/__/Core/Src/system_stm32f4xx.c.obj
 .debug_macro   0x0001de43      0x1a7 cmake/stm32cubemx/CMakeFiles/STM32_Drivers.dir/__/__/Core/Src/system_stm32f4xx.c.obj
 .debug_macro   0x0001dfea       0x46 cmake/stm32cubemx/CMakeFiles/STM32_Drivers.dir/__/__/Core/Src/system_stm32f4xx.c.obj
 .debug_macro   0x0001e030       0x4a cmake/stm32cubemx/CMakeFiles/STM32_Drivers.dir/__/__/Core/Src/system_stm32f4xx.c.obj
 .debug_macro   0x0001e07a      0x127 cmake/stm32cubemx/CMakeFiles/STM32_Drivers.dir/__/__/Core/Src/system_stm32f4xx.c.obj
 .debug_macro   0x0001e1a1       0x7e cmake/stm32cubemx/CMakeFiles/STM32_Drivers.dir/__/__/Core/Src/system_stm32f4xx.c.obj
 .debug_macro   0x0001e21f       0x89 cmake/stm32cubemx/CMakeFiles/STM32_Drivers.dir/__/__/Core/Src/system_stm32f4xx.c.obj
 .debug_macro   0x0001e2a8      0x12d cmake/stm32cubemx/CMakeFiles/STM32_Drivers.dir/__/__/Core/Src/system_stm32f4xx.c.obj
 .debug_macro   0x0001e3d5      0x1d1 cmake/stm32cubemx/CMakeFiles/STM32_Drivers.dir/__/__/Drivers/STM32F4xx_HAL_Driver/Src/stm32f4xx_hal_i2s.c.obj
 .debug_macro   0x0001e5a6      0x1c9 cmake/stm32cubemx/CMakeFiles/STM32_Drivers.dir/__/__/Drivers/STM32F4xx_HAL_Driver/Src/stm32f4xx_hal_i2s_ex.c.obj
 .debug_macro   0x0001e76f      0x1ed cmake/stm32cubemx/CMakeFiles/STM32_Drivers.dir/__/__/Drivers/STM32F4xx_HAL_Driver/Src/stm32f4xx_hal_rcc.c.obj
 .debug_macro   0x0001e95c      0x1c9 cmake/stm32cubemx/CMakeFiles/STM32_Drivers.dir/__/__/Drivers/STM32F4xx_HAL_Driver/Src/stm32f4xx_hal_rcc_ex.c.obj
 .debug_macro   0x0001eb25      0x1cf cmake/stm32cubemx/CMakeFiles/STM32_Drivers.dir/__/__/Drivers/STM32F4xx_HAL_Driver/Src/stm32f4xx_hal_gpio.c.obj
 .debug_macro   0x0001ecf4      0x1cf cmake/stm32cubemx/CMakeFiles/STM32_Drivers.dir/__/__/Drivers/STM32F4xx_HAL_Driver/Src/stm32f4xx_hal_dma.c.obj
 .debug_macro   0x0001eec3      0x1c9 cmake/stm32cubemx/CMakeFiles/STM32_Drivers.dir/__/__/Drivers/STM32F4xx_HAL_Driver/Src/stm32f4xx_hal_cortex.c.obj
 .debug_macro   0x0001f08c      0x229 cmake/stm32cubemx/CMakeFiles/STM32_Drivers.dir/__/__/Drivers/STM32F4xx_HAL_Driver/Src/stm32f4xx_hal.c.obj
 .debug_macro   0x0001f2b5      0x1ff CMakeFiles/PCM5102.dir/Core/Src/main.c.obj
 .debug_macro   0x0001f4b4      0x1dd CMakeFiles/PCM5102.dir/Core/Src/gpio.c.obj
 .debug_macro   0x0001f691      0x1dd CMakeFiles/PCM5102.dir/Core/Src/dma.c.obj
 .debug_macro   0x0001f86e      0x1dd CMakeFiles/PCM5102.dir/Core/Src/i2s.c.obj
 .debug_macro   0x0001fa4b      0x2a7 CMakeFiles/PCM5102.dir/Core/Src/sweep.c.obj
 .debug_macro   0x0001fcf2       0x7b CMakeFiles/PCM5102.dir/Core/Src/sweep.c.obj
 .debug_macro   0x0001fd6d       0x2a CMakeFiles/PCM5102.dir/Core/Src/sweep.c.obj
 .debug_macro   0x0001fd97       0x3c CMakeFiles/PCM5102.dir/Core/Src/sweep.c.obj
 .debug_macro   0x0001fdd3       0x34 CMakeFiles/PCM5102.dir/Core/Src/sweep.c.obj
 .debug_macro   0x0001fe07      0x370 CMakeFiles/PCM5102.dir/Core/Src/sweep.c.obj
 .debug_macro   0x00020177       0x16 CMakeFiles/PCM5102.dir/Core/Src/sweep.c.obj
 .debug_macro   0x0002018d       0x4a CMakeFiles/PCM5102.dir/Core/Src/sweep.c.obj
 .debug_macro   0x000201d7       0x34 CMakeFiles/PCM5102.dir/Core/Src/sweep.c.obj
 .debug_macro   0x0002020b       0x10 CMakeFiles/PCM5102.dir/Core/Src/sweep.c.obj
 .debug_macro   0x0002021b       0x58 CMakeFiles/PCM5102.dir/Core/Src/sweep.c.obj
 .debug_macro   0x00020273      0x1e5 CMakeFiles/PCM5102.dir/Core/Src/sweep.c.obj
 .debug_macro   0x00020458      0x19b CMakeFiles/PCM5102.dir/Core/Src/sweep.c.obj
 .debug_macro   0x000205f3      0x1dd CMakeFiles/PCM5102.dir/Core/Src/stm32f4xx_it.c.obj
 .debug_macro   0x000207d0      0x1d3 CMakeFiles/PCM5102.dir/Core/Src/stm32f4xx_hal_msp.c.obj

.debug_line     0x00000000     0xa90b
 .debug_line    0x00000000      0x697 cmake/stm32cubemx/CMakeFiles/STM32_Drivers.dir/__/__/Core/Src/system_stm32f4xx.c.obj
 .debug_line    0x00000697     0x126b cmake/stm32cubemx/CMakeFiles/STM32_Drivers.dir/__/__/Drivers/STM32F4xx_HAL_Driver/Src/stm32f4xx_hal_i2s.c.obj
 .debug_line    0x00001902     0x116b cmake/stm32cubemx/CMakeFiles/STM32_Drivers.dir/__/__/Drivers/STM32F4xx_HAL_Driver/Src/stm32f4xx_hal_i2s_ex.c.obj
 .debug_line    0x00002a6d      0xd20 cmake/stm32cubemx/CMakeFiles/STM32_Drivers.dir/__/__/Drivers/STM32F4xx_HAL_Driver/Src/stm32f4xx_hal_rcc.c.obj
 .debug_line    0x0000378d      0x982 cmake/stm32cubemx/CMakeFiles/STM32_Drivers.dir/__/__/Drivers/STM32F4xx_HAL_Driver/Src/stm32f4xx_hal_rcc_ex.c.obj
 .debug_line    0x0000410f      0xa6b cmake/stm32cubemx/CMakeFiles/STM32_Drivers.dir/__/__/Drivers/STM32F4xx_HAL_Driver/Src/stm32f4xx_hal_gpio.c.obj
 .debug_line    0x00004b7a      0xe7f cmake/stm32cubemx/CMakeFiles/STM32_Drivers.dir/__/__/Drivers/STM32F4xx_HAL_Driver/Src/stm32f4xx_hal_dma.c.obj
 .debug_line    0x000059f9      0xbe3 cmake/stm32cubemx/CMakeFiles/STM32_Drivers.dir/__/__/Drivers/STM32F4xx_HAL_Driver/Src/stm32f4xx_hal_cortex.c.obj
 .debug_line    0x000065dc      0x913 cmake/stm32cubemx/CMakeFiles/STM32_Drivers.dir/__/__/Drivers/STM32F4xx_HAL_Driver/Src/stm32f4xx_hal.c.obj
 .debug_line    0x00006eef      0x6bd CMakeFiles/PCM5102.dir/Core/Src/main.c.obj
 .debug_line    0x000075ac      0x631 CMakeFiles/PCM5102.dir/Core/Src/gpio.c.obj
 .debug_line    0x00007bdd      0x61d CMakeFiles/PCM5102.dir/Core/Src/dma.c.obj
 .debug_line    0x000081fa      0x6e5 CMakeFiles/PCM5102.dir/Core/Src/i2s.c.obj
 .debug_line    0x000088df      0x7e0 CMakeFiles/PCM5102.dir/Core/Src/sweep.c.obj
 .debug_line    0x000090bf      0x700 CMakeFiles/PCM5102.dir/Core/Src/stm32f4xx_it.c.obj
 .debug_line    0x000097bf      0x621 CMakeFiles/PCM5102.dir/Core/Src/stm32f4xx_hal_msp.c.obj
 .debug_line    0x00009de0       0x7a CMakeFiles/PCM5102.dir/startup_stm32f407xx.s.obj
 .debug_line    0x00009e5a      0x16f C:/Tools/arm-gnu-toolchain/xpack-arm-none-eabi-gcc-13.3.1-1.1/bin/../lib/gcc/arm-none-eabi/13.3.1/thumb/v7e-m+fp/hard\libgcc.a(_arm_addsubdf3.o)
 .debug_line    0x00009fc9      0x184 C:/Tools/arm-gnu-toolchain/xpack-arm-none-eabi-gcc-13.3.1-1.1/bin/../lib/gcc/arm-none-eabi/13.3.1/thumb/v7e-m+fp/hard\libgcc.a(_arm_muldivdf3.o)
 .debug_line    0x0000a14d       0xa6 C:/Tools/arm-gnu-toolchain/xpack-arm-none-eabi-gcc-13.3.1-1.1/bin/../lib/gcc/arm-none-eabi/13.3.1/thumb/v7e-m+fp/hard\libgcc.a(_arm_cmpdf2.o)
 .debug_line    0x0000a1f3       0x62 C:/Tools/arm-gnu-toolchain/xpack-arm-none-eabi-gcc-13.3.1-1.1/bin/../lib/gcc/arm-none-eabi/13.3.1/thumb/v7e-m+fp/hard\libgcc.a(_arm_fixdfsi.o)
 .debug_line    0x0000a255       0x5e C:/Tools/arm-gnu-toolchain/xpack-arm-none-eabi-gcc-13.3.1-1.1/bin/../lib/gcc/arm-none-eabi/13.3.1/thumb/v7e-m+fp/hard\libgcc.a(_arm_fixunsdfsi.o)
 .debug_line    0x0000a2b3       0x4e C:/Tools/arm-gnu-toolchain/xpack-arm-none-eabi-gcc-13.3.1-1.1/bin/../lib/gcc/arm-none-eabi/13.3.1/thumb/v7e-m+fp/hard\libgcc.a(_aeabi_uldivmod.o)
 .debug_line    0x0000a301      0x5c0 C:/Tools/arm-gnu-toolchain/xpack-arm-none-eabi-gcc-13.3.1-1.1/bin/../lib/gcc/arm-none-eabi/13.3.1/thumb/v7e-m+fp/hard\libgcc.a(_udivmoddi4.o)
 .debug_line    0x0000a8c1       0x4a C:/Tools/arm-gnu-toolchain/xpack-arm-none-eabi-gcc-13.3.1-1.1/bin/../lib/gcc/arm-none-eabi/13.3.1/thumb/v7e-m+fp/hard\libgcc.a(_dvmd_tls.o)

.debug_str      0x00000000    0xc2a19
 .debug_str     0x00000000    0xc2a19 cmake/stm32cubemx/CMakeFiles/STM32_Drivers.dir/__/__/Core/Src/system_stm32f4xx.c.obj
                              0xbc7e2 (size before relaxing)
 .debug_str     0x000c2a19    0xbcdd3 cmake/stm32cubemx/CMakeFiles/STM32_Drivers.dir/__/__/Drivers/STM32F4xx_HAL_Driver/Src/stm32f4xx_hal_i2s.c.obj
 .debug_str     0x000c2a19    0xbccd5 cmake/stm32cubemx/CMakeFiles/STM32_Drivers.dir/__/__/Drivers/STM32F4xx_HAL_Driver/Src/stm32f4xx_hal_i2s_ex.c.obj
 .debug_str     0x000c2a19    0xbcc16 cmake/stm32cubemx/CMakeFiles/STM32_Drivers.dir/__/__/Drivers/STM32F4xx_HAL_Driver/Src/stm32f4xx_hal_rcc.c.obj
 .debug_str     0x000c2a19    0xbc934 cmake/stm32cubemx/CMakeFiles/STM32_Drivers.dir/__/__/Drivers/STM32F4xx_HAL_Driver/Src/stm32f4xx_hal_rcc_ex.c.obj
 .debug_str     0x000c2a19    0xbc95d cmake/stm32cubemx/CMakeFiles/STM32_Drivers.dir/__/__/Drivers/STM32F4xx_HAL_Driver/Src/stm32f4xx_hal_gpio.c.obj
 .debug_str     0x000c2a19    0xbcbfc cmake/stm32cubemx/CMakeFiles/STM32_Drivers.dir/__/__/Drivers/STM32F4xx_HAL_Driver/Src/stm32f4xx_hal_dma.c.obj
 .debug_str     0x000c2a19    0xbd0e2 cmake/stm32cubemx/CMakeFiles/STM32_Drivers.dir/__/__/Drivers/STM32F4xx_HAL_Driver/Src/stm32f4xx_hal_cortex.c.obj
 .debug_str     0x000c2a19    0xbd366 cmake/stm32cubemx/CMakeFiles/STM32_Drivers.dir/__/__/Drivers/STM32F4xx_HAL_Driver/Src/stm32f4xx_hal.c.obj
 .debug_str     0x000c2a19    0xbc94c CMakeFiles/PCM5102.dir/Core/Src/main.c.obj
 .debug_str     0x000c2a19    0xbc7fd CMakeFiles/PCM5102.dir/Core/Src/gpio.c.obj
 .debug_str     0x000c2a19    0xbcc4f CMakeFiles/PCM5102.dir/Core/Src/dma.c.obj
 .debug_str     0x000c2a19    0xbd271 CMakeFiles/PCM5102.dir/Core/Src/i2s.c.obj
 .debug_str     0x000c2a19    0xbffcb CMakeFiles/PCM5102.dir/Core/Src/sweep.c.obj
 .debug_str     0x000c2a19    0xbcb59 CMakeFiles/PCM5102.dir/Core/Src/stm32f4xx_it.c.obj
 .debug_str     0x000c2a19    0xbc732 CMakeFiles/PCM5102.dir/Core/Src/stm32f4xx_hal_msp.c.obj
 .debug_str     0x000c2a19       0x8e CMakeFiles/PCM5102.dir/startup_stm32f407xx.s.obj
 .debug_str     0x000c2a19      0x1eb C:/Tools/arm-gnu-toolchain/xpack-arm-none-eabi-gcc-13.3.1-1.1/bin/../lib/gcc/arm-none-eabi/13.3.1/thumb/v7e-m+fp/hard\libgcc.a(_arm_addsubdf3.o)
 .debug_str     0x000c2a19      0x16b C:/Tools/arm-gnu-toolchain/xpack-arm-none-eabi-gcc-13.3.1-1.1/bin/../lib/gcc/arm-none-eabi/13.3.1/thumb/v7e-m+fp/hard\libgcc.a(_arm_muldivdf3.o)
 .debug_str     0x000c2a19      0x1f4 C:/Tools/arm-gnu-toolchain/xpack-arm-none-eabi-gcc-13.3.1-1.1/bin/../lib/gcc/arm-none-eabi/13.3.1/thumb/v7e-m+fp/hard\libgcc.a(_arm_cmpdf2.o)
 .debug_str     0x000c2a19      0x156 C:/Tools/arm-gnu-toolchain/xpack-arm-none-eabi-gcc-13.3.1-1.1/bin/../lib/gcc/arm-none-eabi/13.3.1/thumb/v7e-m+fp/hard\libgcc.a(_arm_fixdfsi.o)
 .debug_str     0x000c2a19      0x15a C:/Tools/arm-gnu-toolchain/xpack-arm-none-eabi-gcc-13.3.1-1.1/bin/../lib/gcc/arm-none-eabi/13.3.1/thumb/v7e-m+fp/hard\libgcc.a(_arm_fixunsdfsi.o)
 .debug_str     0x000c2a19      0x13a C:/Tools/arm-gnu-toolchain/xpack-arm-none-eabi-gcc-13.3.1-1.1/bin/../lib/gcc/arm-none-eabi/13.3.1/thumb/v7e-m+fp/hard\libgcc.a(_aeabi_uldivmod.o)
 .debug_str     0x000c2a19      0x753 C:/Tools/arm-gnu-toolchain/xpack-arm-none-eabi-gcc-13.3.1-1.1/bin/../lib/gcc/arm-none-eabi/13.3.1/thumb/v7e-m+fp/hard\libgcc.a(_udivmoddi4.o)
 .debug_str     0x000c2a19      0x15a C:/Tools/arm-gnu-toolchain/xpack-arm-none-eabi-gcc-13.3.1-1.1/bin/../lib/gcc/arm-none-eabi/13.3.1/thumb/v7e-m+fp/hard\libgcc.a(_dvmd_tls.o)

.debug_frame    0x00000000     0x1bf0
 .debug_frame   0x00000000       0x58 cmake/stm32cubemx/CMakeFiles/STM32_Drivers.dir/__/__/Core/Src/system_stm32f4xx.c.obj
 .debug_frame   0x00000058      0x484 cmake/stm32cubemx/CMakeFiles/STM32_Drivers.dir/__/__/Drivers/STM32F4xx_HAL_Driver/Src/stm32f4xx_hal_i2s.c.obj
 .debug_frame   0x000004dc      0x220 cmake/stm32cubemx/CMakeFiles/STM32_Drivers.dir/__/__/Drivers/STM32F4xx_HAL_Driver/Src/stm32f4xx_hal_i2s_ex.c.obj
 .debug_frame   0x000006fc      0x1f4 cmake/stm32cubemx/CMakeFiles/STM32_Drivers.dir/__/__/Drivers/STM32F4xx_HAL_Driver/Src/stm32f4xx_hal_rcc.c.obj
 .debug_frame   0x000008f0       0xf0 cmake/stm32cubemx/CMakeFiles/STM32_Drivers.dir/__/__/Drivers/STM32F4xx_HAL_Driver/Src/stm32f4xx_hal_rcc_ex.c.obj
 .debug_frame   0x000009e0      0x14c cmake/stm32cubemx/CMakeFiles/STM32_Drivers.dir/__/__/Drivers/STM32F4xx_HAL_Driver/Src/stm32f4xx_hal_gpio.c.obj
 .debug_frame   0x00000b2c      0x250 cmake/stm32cubemx/CMakeFiles/STM32_Drivers.dir/__/__/Drivers/STM32F4xx_HAL_Driver/Src/stm32f4xx_hal_dma.c.obj
 .debug_frame   0x00000d7c      0x508 cmake/stm32cubemx/CMakeFiles/STM32_Drivers.dir/__/__/Drivers/STM32F4xx_HAL_Driver/Src/stm32f4xx_hal_cortex.c.obj
 .debug_frame   0x00001284      0x374 cmake/stm32cubemx/CMakeFiles/STM32_Drivers.dir/__/__/Drivers/STM32F4xx_HAL_Driver/Src/stm32f4xx_hal.c.obj
 .debug_frame   0x000015f8       0x68 CMakeFiles/PCM5102.dir/Core/Src/main.c.obj
 .debug_frame   0x00001660       0x34 CMakeFiles/PCM5102.dir/Core/Src/gpio.c.obj
 .debug_frame   0x00001694       0x34 CMakeFiles/PCM5102.dir/Core/Src/dma.c.obj
 .debug_frame   0x000016c8       0x74 CMakeFiles/PCM5102.dir/Core/Src/i2s.c.obj
 .debug_frame   0x0000173c       0xd8 CMakeFiles/PCM5102.dir/Core/Src/sweep.c.obj
 .debug_frame   0x00001814      0x13c CMakeFiles/PCM5102.dir/Core/Src/stm32f4xx_it.c.obj
 .debug_frame   0x00001950       0x38 CMakeFiles/PCM5102.dir/Core/Src/stm32f4xx_hal_msp.c.obj
 .debug_frame   0x00001988       0xac C:/Tools/arm-gnu-toolchain/xpack-arm-none-eabi-gcc-13.3.1-1.1/bin/../lib/gcc/arm-none-eabi/13.3.1/thumb/v7e-m+fp/hard\libgcc.a(_arm_addsubdf3.o)
 .debug_frame   0x00001a34       0x50 C:/Tools/arm-gnu-toolchain/xpack-arm-none-eabi-gcc-13.3.1-1.1/bin/../lib/gcc/arm-none-eabi/13.3.1/thumb/v7e-m+fp/hard\libgcc.a(_arm_muldivdf3.o)
 .debug_frame   0x00001a84       0xc4 C:/Tools/arm-gnu-toolchain/xpack-arm-none-eabi-gcc-13.3.1-1.1/bin/../lib/gcc/arm-none-eabi/13.3.1/thumb/v7e-m+fp/hard\libgcc.a(_arm_cmpdf2.o)
 .debug_frame   0x00001b48       0x24 C:/Tools/arm-gnu-toolchain/xpack-arm-none-eabi-gcc-13.3.1-1.1/bin/../lib/gcc/arm-none-eabi/13.3.1/thumb/v7e-m+fp/hard\libgcc.a(_arm_fixdfsi.o)
 .debug_frame   0x00001b6c       0x24 C:/Tools/arm-gnu-toolchain/xpack-arm-none-eabi-gcc-13.3.1-1.1/bin/../lib/gcc/arm-none-eabi/13.3.1/thumb/v7e-m+fp/hard\libgcc.a(_arm_fixunsdfsi.o)
 .debug_frame   0x00001b90       0x2c C:/Tools/arm-gnu-toolchain/xpack-arm-none-eabi-gcc-13.3.1-1.1/bin/../lib/gcc/arm-none-eabi/13.3.1/thumb/v7e-m+fp/hard\libgcc.a(_aeabi_uldivmod.o)
 .debug_frame   0x00001bbc       0x34 C:/Tools/arm-gnu-toolchain/xpack-arm-none-eabi-gcc-13.3.1-1.1/bin/../lib/gcc/arm-none-eabi/13.3.1/thumb/v7e-m+fp/hard\libgcc.a(_udivmoddi4.o)

.debug_line_str
                0x00000000      0x1b7
 .debug_line_str
                0x00000000      0x1b7 CMakeFiles/PCM5102.dir/startup_stm32f407xx.s.obj
                                 0x72 (size before relaxing)
 .debug_line_str
                0x000001b7      0x131 C:/Tools/arm-gnu-toolchain/xpack-arm-none-eabi-gcc-13.3.1-1.1/bin/../lib/gcc/arm-none-eabi/13.3.1/thumb/v7e-m+fp/hard\libgcc.a(_arm_addsubdf3.o)
 .debug_line_str
                0x000001b7      0x131 C:/Tools/arm-gnu-toolchain/xpack-arm-none-eabi-gcc-13.3.1-1.1/bin/../lib/gcc/arm-none-eabi/13.3.1/thumb/v7e-m+fp/hard\libgcc.a(_arm_muldivdf3.o)
 .debug_line_str
                0x000001b7      0x131 C:/Tools/arm-gnu-toolchain/xpack-arm-none-eabi-gcc-13.3.1-1.1/bin/../lib/gcc/arm-none-eabi/13.3.1/thumb/v7e-m+fp/hard\libgcc.a(_arm_cmpdf2.o)
 .debug_line_str
                0x000001b7      0x131 C:/Tools/arm-gnu-toolchain/xpack-arm-none-eabi-gcc-13.3.1-1.1/bin/../lib/gcc/arm-none-eabi/13.3.1/thumb/v7e-m+fp/hard\libgcc.a(_arm_fixdfsi.o)
 .debug_line_str
                0x000001b7      0x131 C:/Tools/arm-gnu-toolchain/xpack-arm-none-eabi-gcc-13.3.1-1.1/bin/../lib/gcc/arm-none-eabi/13.3.1/thumb/v7e-m+fp/hard\libgcc.a(_arm_fixunsdfsi.o)
 .debug_line_str
                0x000001b7      0x12c C:/Tools/arm-gnu-toolchain/xpack-arm-none-eabi-gcc-13.3.1-1.1/bin/../lib/gcc/arm-none-eabi/13.3.1/thumb/v7e-m+fp/hard\libgcc.a(_aeabi_uldivmod.o)
 .debug_line_str
                0x000001b7      0x130 C:/Tools/arm-gnu-toolchain/xpack-arm-none-eabi-gcc-13.3.1-1.1/bin/../lib/gcc/arm-none-eabi/13.3.1/thumb/v7e-m+fp/hard\libgcc.a(_dvmd_tls.o)

.debug_loclists
                0x00000000      0xa15
 .debug_loclists
                0x00000000      0xa15 C:/Tools/arm-gnu-toolchain/xpack-arm-none-eabi-gcc-13.3.1-1.1/bin/../lib/gcc/arm-none-eabi/13.3.1/thumb/v7e-m+fp/hard\libgcc.a(_udivmoddi4.o)
