D:/Desktop_Floder/stm32 project/PCM5102/Core/Src/sweep.c:41:13:InitSineTable	24	static
D:/Desktop_Floder/stm32 project/PCM5102/Core/Src/sweep.c:49:13:FillBufferHalf	40	static
D:/Desktop_Floder/stm32 project/PCM5102/Core/Src/sweep.c:86:6:HAL_I2S_TxHalfCpltCallback	16	static
D:/Desktop_Floder/stm32 project/PCM5102/Core/Src/sweep.c:93:6:HAL_I2S_TxCpltCallback	16	static
D:/Desktop_Floder/stm32 project/PCM5102/Core/Src/sweep.c:104:6:Sweep_Init	8	static
D:/Desktop_Floder/stm32 project/PCM5102/Core/Src/sweep.c:120:6:Sweep_Start	8	static
