Component: ARM Compiler 6.16 Tool: armlink [5dfeaa00]

==============================================================================

Section Cross References

    startup_stm32f407xx.o(STACK) refers (Special) to heapauxi.o(.text) for __use_two_region_memory
    startup_stm32f407xx.o(HEAP) refers (Special) to heapauxi.o(.text) for __use_two_region_memory
    startup_stm32f407xx.o(RESET) refers (Special) to heapauxi.o(.text) for __use_two_region_memory
    startup_stm32f407xx.o(RESET) refers to startup_stm32f407xx.o(STACK) for __initial_sp
    startup_stm32f407xx.o(RESET) refers to startup_stm32f407xx.o(.text) for Reset_Handler
    startup_stm32f407xx.o(RESET) refers to stm32f4xx_it.o(.text.NMI_Handler) for NMI_Handler
    startup_stm32f407xx.o(RESET) refers to stm32f4xx_it.o(.text.HardFault_Handler) for HardFault_Handler
    startup_stm32f407xx.o(RESET) refers to stm32f4xx_it.o(.text.MemManage_Handler) for MemManage_Handler
    startup_stm32f407xx.o(RESET) refers to stm32f4xx_it.o(.text.BusFault_Handler) for BusFault_Handler
    startup_stm32f407xx.o(RESET) refers to stm32f4xx_it.o(.text.UsageFault_Handler) for UsageFault_Handler
    startup_stm32f407xx.o(RESET) refers to stm32f4xx_it.o(.text.SVC_Handler) for SVC_Handler
    startup_stm32f407xx.o(RESET) refers to stm32f4xx_it.o(.text.DebugMon_Handler) for DebugMon_Handler
    startup_stm32f407xx.o(RESET) refers to stm32f4xx_it.o(.text.PendSV_Handler) for PendSV_Handler
    startup_stm32f407xx.o(RESET) refers to stm32f4xx_it.o(.text.SysTick_Handler) for SysTick_Handler
    startup_stm32f407xx.o(RESET) refers to stm32f4xx_it.o(.text.DMA1_Stream4_IRQHandler) for DMA1_Stream4_IRQHandler
    startup_stm32f407xx.o(RESET) refers to stm32f4xx_it.o(.text.SPI2_IRQHandler) for SPI2_IRQHandler
    startup_stm32f407xx.o(.text) refers (Special) to heapauxi.o(.text) for __use_two_region_memory
    startup_stm32f407xx.o(.text) refers to system_stm32f4xx_1.o(.text.SystemInit) for SystemInit
    startup_stm32f407xx.o(.text) refers to __main.o(!!!main) for __main
    startup_stm32f407xx.o(.text) refers to startup_stm32f407xx.o(HEAP) for Heap_Mem
    startup_stm32f407xx.o(.text) refers to startup_stm32f407xx.o(STACK) for Stack_Mem
    sweep.o(.text.Sweep_Init) refers to sweep.o(.text.InitSineTable) for InitSineTable
    sweep.o(.text.Sweep_Init) refers to sweep.o(.bss.sweep_step_index) for sweep_step_index
    sweep.o(.text.Sweep_Init) refers to sweep.o(.bss.sweep_total_steps) for sweep_total_steps
    sweep.o(.text.Sweep_Init) refers to sweep.o(.bss.sweep_pair_counter) for sweep_pair_counter
    sweep.o(.text.Sweep_Init) refers to sweep.o(.bss.sweep_pairs_per_step) for sweep_pairs_per_step
    sweep.o(.text.Sweep_Init) refers to sweep.o(.bss.dds_phase_acc) for dds_phase_acc
    sweep.o(.text.Sweep_Init) refers to sweep.o(.text.SetSweepFrequency) for SetSweepFrequency
    sweep.o(.ARM.exidx.text.Sweep_Init) refers to sweep.o(.text.Sweep_Init) for [Anonymous Symbol]
    sweep.o(.text.InitSineTable) refers to sweep.o(.bss.sine_table) for sine_table
    sweep.o(.text.InitSineTable) refers to dmul.o(x$fpl$dmul) for __aeabi_dmul
    sweep.o(.text.InitSineTable) refers to daddsub_clz.o(x$fpl$dadd) for __aeabi_dadd
    sweep.o(.text.InitSineTable) refers to sin.o(i.__hardfp_sin) for __hardfp_sin
    sweep.o(.text.InitSineTable) refers to dfix.o(x$fpl$dfix) for __aeabi_d2iz
    sweep.o(.ARM.exidx.text.InitSineTable) refers to sweep.o(.text.InitSineTable) for [Anonymous Symbol]
    sweep.o(.text.SetSweepFrequency) refers to f2d.o(x$fpl$f2d) for __aeabi_f2d
    sweep.o(.text.SetSweepFrequency) refers to ddiv.o(x$fpl$ddiv) for __aeabi_ddiv
    sweep.o(.text.SetSweepFrequency) refers to dmul.o(x$fpl$dmul) for __aeabi_dmul
    sweep.o(.text.SetSweepFrequency) refers to dfixu.o(x$fpl$dfixu) for __aeabi_d2uiz
    sweep.o(.text.SetSweepFrequency) refers to sweep.o(.bss.dds_phase_step) for dds_phase_step
    sweep.o(.ARM.exidx.text.SetSweepFrequency) refers to sweep.o(.text.SetSweepFrequency) for [Anonymous Symbol]
    sweep.o(.text.Sweep_Start) refers to sweep.o(.text.Sweep_FillBuffer) for Sweep_FillBuffer
    sweep.o(.text.Sweep_Start) refers to audio_out.o(.text.AudioOut_SetFillCallback) for AudioOut_SetFillCallback
    sweep.o(.text.Sweep_Start) refers to audio_out.o(.text.AudioOut_Start) for AudioOut_Start
    sweep.o(.ARM.exidx.text.Sweep_Start) refers to sweep.o(.text.Sweep_Start) for [Anonymous Symbol]
    sweep.o(.text.Sweep_FillBuffer) refers to sweep.o(.bss.dds_phase_step) for dds_phase_step
    sweep.o(.text.Sweep_FillBuffer) refers to sweep.o(.bss.dds_phase_acc) for dds_phase_acc
    sweep.o(.text.Sweep_FillBuffer) refers to sweep.o(.bss.sine_table) for sine_table
    sweep.o(.text.Sweep_FillBuffer) refers to sweep.o(.bss.sweep_pair_counter) for sweep_pair_counter
    sweep.o(.text.Sweep_FillBuffer) refers to sweep.o(.bss.sweep_pairs_per_step) for sweep_pairs_per_step
    sweep.o(.text.Sweep_FillBuffer) refers to sweep.o(.bss.sweep_total_steps) for sweep_total_steps
[...]
    ../clib/armsys.c                         0x00000000   Number         0  _get_argv_nomalloc.o ABSOLUTE
    ../clib/armsys.c                         0x00000000   Number         0  no_argv.o ABSOLUTE
    ../clib/fenv.c                           0x00000000   Number         0  _rserrno.o ABSOLUTE
    ../clib/heapalloc.c                      0x00000000   Number         0  hrguard.o ABSOLUTE
    ../clib/heapaux.c                        0x00000000   Number         0  heapauxi.o ABSOLUTE
    ../clib/libinit.s                        0x00000000   Number         0  libinit.o ABSOLUTE
    ../clib/libinit.s                        0x00000000   Number         0  libinit2.o ABSOLUTE
    ../clib/libinit.s                        0x00000000   Number         0  libshutdown.o ABSOLUTE
    ../clib/libinit.s                        0x00000000   Number         0  libshutdown2.o ABSOLUTE
    ../clib/longlong.s                       0x00000000   Number         0  lludivv7m.o ABSOLUTE
    ../clib/memcpset.s                       0x00000000   Number         0  rt_memclr_w.o ABSOLUTE
    ../clib/signal.c                         0x00000000   Number         0  defsig_fpe_outer.o ABSOLUTE
    ../clib/signal.c                         0x00000000   Number         0  defsig_fpe_formal.o ABSOLUTE
    ../clib/signal.c                         0x00000000   Number         0  defsig_exit.o ABSOLUTE
    ../clib/signal.c                         0x00000000   Number         0  defsig_fpe_inner.o ABSOLUTE
    ../clib/signal.c                         0x00000000   Number         0  __raise.o ABSOLUTE
    ../clib/signal.c                         0x00000000   Number         0  defsig_general.o ABSOLUTE
    ../clib/signal.c                         0x00000000   Number         0  defsig_abrt_inner.o ABSOLUTE
    ../clib/signal.c                         0x00000000   Number         0  defsig_rtred_inner.o ABSOLUTE
    ../clib/signal.c                         0x00000000   Number         0  defsig_rtmem_inner.o ABSOLUTE
    ../clib/signal.c                         0x00000000   Number         0  defsig_rtmem_outer.o ABSOLUTE
    ../clib/signal.c                         0x00000000   Number         0  defsig_rtmem_formal.o ABSOLUTE
    ../clib/signal.c                         0x00000000   Number         0  defsig_stak_inner.o ABSOLUTE
    ../clib/signal.c                         0x00000000   Number         0  defsig_pvfn_inner.o ABSOLUTE
    ../clib/signal.c                         0x00000000   Number         0  defsig_cppl_inner.o ABSOLUTE
    ../clib/signal.c                         0x00000000   Number         0  defsig_segv_inner.o ABSOLUTE
    ../clib/signal.c                         0x00000000   Number         0  defsig_other.o ABSOLUTE
    ../clib/signal.s                         0x00000000   Number         0  defsig.o ABSOLUTE
    ../clib/stdlib.c                         0x00000000   Number         0  exit.o ABSOLUTE
    ../fplib/basic.s                         0x00000000   Number         0  basic.o ABSOLUTE
    ../fplib/daddsub.s                       0x00000000   Number         0  daddsub_clz.o ABSOLUTE
    ../fplib/ddiv.s                          0x00000000   Number         0  ddiv.o ABSOLUTE
    ../fplib/dfix.s                          0x00000000   Number         0  dfix.o ABSOLUTE
    ../fplib/dfixu.s                         0x00000000   Number         0  dfixu.o ABSOLUTE
    ../fplib/dflt.s                          0x00000000   Number         0  dflt_clz.o ABSOLUTE
    ../fplib/dmul.s                          0x00000000   Number         0  dmul.o ABSOLUTE
    ../fplib/dnaninf.s                       0x00000000   Number         0  dnaninf.o ABSOLUTE
    ../fplib/dretinf.s                       0x00000000   Number         0  dretinf.o ABSOLUTE
    ../fplib/f2d.s                           0x00000000   Number         0  f2d.o ABSOLUTE
    ../fplib/fnaninf.s                       0x00000000   Number         0  fnaninf.o ABSOLUTE
    ../fplib/fpinit.s                        0x00000000   Number         0  fpinit.o ABSOLUTE
    ../fplib/usenofp.s                       0x00000000   Number         0  usenofp.o ABSOLUTE
    ../mathlib/cos_i.c                       0x00000000   Number         0  cos_i.o ABSOLUTE
    ../mathlib/dunder.c                      0x00000000   Number         0  dunder.o ABSOLUTE
    ../mathlib/fabs.c                        0x00000000   Number         0  fabs.o ABSOLUTE
    ../mathlib/fpclassify.c                  0x00000000   Number         0  fpclassify.o ABSOLUTE
    ../mathlib/poly.c                        0x00000000   Number         0  poly.o ABSOLUTE
    ../mathlib/rred.c                        0x00000000   Number         0  rred.o ABSOLUTE
    ../mathlib/sin.c                         0x00000000   Number         0  sin.o ABSOLUTE
    ../mathlib/sin_i.c                       0x00000000   Number         0  sin_i.o ABSOLUTE
    audio_out.c                              0x00000000   Number         0  audio_out.o ABSOLUTE
    dc.s                                     0x00000000   Number         0  dc.o ABSOLUTE
    dma.c                                    0x00000000   Number         0  dma.o ABSOLUTE
    gpio.c                                   0x00000000   Number         0  gpio.o ABSOLUTE
    i2s.c                                    0x00000000   Number         0  i2s.o ABSOLUTE
    main.c                                   0x00000000   Number         0  main.o ABSOLUTE
    startup_stm32f407xx.s                    0x00000000   Number         0  startup_stm32f407xx.o ABSOLUTE
    stm32f4xx_hal.c                          0x00000000   Number         0  stm32f4xx_hal.o ABSOLUTE
    stm32f4xx_hal_cortex.c                   0x00000000   Number         0  stm32f4xx_hal_cortex.o ABSOLUTE
    stm32f4xx_hal_dma.c                      0x00000000   Number         0  stm32f4xx_hal_dma.o ABSOLUTE
    stm32f4xx_hal_dma_ex.c                   0x00000000   Number         0  stm32f4xx_hal_dma_ex.o ABSOLUTE
    stm32f4xx_hal_exti.c                     0x00000000   Number         0  stm32f4xx_hal_exti.o ABSOLUTE
    stm32f4xx_hal_flash.c                    0x00000000   Number         0  stm32f4xx_hal_flash.o ABSOLUTE
    stm32f4xx_hal_flash_ex.c                 0x00000000   Number         0  stm32f4xx_hal_flash_ex.o ABSOLUTE
    stm32f4xx_hal_flash_ramfunc.c            0x00000000   Number         0  stm32f4xx_hal_flash_ramfunc.o ABSOLUTE
    stm32f4xx_hal_gpio.c                     0x00000000   Number         0  stm32f4xx_hal_gpio.o ABSOLUTE
    stm32f4xx_hal_i2s.c                      0x00000000   Number         0  stm32f4xx_hal_i2s.o ABSOLUTE
    stm32f4xx_hal_i2s_ex.c                   0x00000000   Number         0  stm32f4xx_hal_i2s_ex.o ABSOLUTE
    stm32f4xx_hal_msp.c                      0x00000000   Number         0  stm32f4xx_hal_msp.o ABSOLUTE
    stm32f4xx_hal_pwr.c                      0x00000000   Number         0  stm32f4xx_hal_pwr.o ABSOLUTE
    stm32f4xx_hal_pwr_ex.c                   0x00000000   Number         0  stm32f4xx_hal_pwr_ex.o ABSOLUTE
    stm32f4xx_hal_rcc.c                      0x00000000   Number         0  stm32f4xx_hal_rcc.o ABSOLUTE
    stm32f4xx_hal_rcc_ex.c                   0x00000000   Number         0  stm32f4xx_hal_rcc_ex.o ABSOLUTE
    stm32f4xx_it.c                           0x00000000   Number         0  stm32f4xx_it.o ABSOLUTE
    sweep.c                                  0x00000000   Number         0  sweep.o ABSOLUTE
    system_stm32f4xx.c                       0x00000000   Number         0  system_stm32f4xx_1.o ABSOLUTE
    voice.c                                  0x00000000   Number         0  voice.o ABSOLUTE
    RESET                                    0x08000000   Section      392  startup_stm32f407xx.o(RESET)
    !!!main                                  0x08000188   Section        8  __main.o(!!!main)
    !!!scatter                               0x08000190   Section       52  __scatter.o(!!!scatter)
    !!handler_copy                           0x080001c4   Section       26  __scatter_copy.o(!!handler_copy)
    !!handler_zi                             0x080001e0   Section       28  __scatter_zi.o(!!handler_zi)
    .ARM.Collect$$libinit$$00000000          0x080001fc   Section        2  libinit.o(.ARM.Collect$$libinit$$00000000)
    .ARM.Collect$$libinit$$00000001          0x080001fe   Section        4  libinit2.o(.ARM.Collect$$libinit$$00000001)
    .ARM.Collect$$libinit$$00000004          0x08000202   Section        0  libinit2.o(.ARM.Collect$$libinit$$00000004)
    .ARM.Collect$$libinit$$0000000A          0x08000202   Section        0  libinit2.o(.ARM.Collect$$libinit$$0000000A)
    .ARM.Collect$$libinit$$0000000C          0x08000202   Section        0  libinit2.o(.ARM.Collect$$libinit$$0000000C)
    .ARM.Collect$$libinit$$0000000E          0x08000202   Section        0  libinit2.o(.ARM.Collect$$libinit$$0000000E)
    .ARM.Collect$$libinit$$00000011          0x08000202   Section        0  libinit2.o(.ARM.Collect$$libinit$$00000011)
    .ARM.Collect$$libinit$$00000013          0x08000202   Section        0  libinit2.o(.ARM.Collect$$libinit$$00000013)
    .ARM.Collect$$libinit$$00000015          0x08000202   Section        0  libinit2.o(.ARM.Collect$$libinit$$00000015)
    .ARM.Collect$$libinit$$00000017          0x08000202   Section        0  libinit2.o(.ARM.Collect$$libinit$$00000017)
    .ARM.Collect$$libinit$$00000019          0x08000202   Section        0  libinit2.o(.ARM.Collect$$libinit$$00000019)
    .ARM.Collect$$libinit$$0000001B          0x08000202   Section        0  libinit2.o(.ARM.Collect$$libinit$$0000001B)
    .ARM.Collect$$libinit$$0000001D          0x08000202   Section        0  libinit2.o(.ARM.Collect$$libinit$$0000001D)
    .ARM.Collect$$libinit$$0000001F          0x08000202   Section        0  libinit2.o(.ARM.Collect$$libinit$$0000001F)
    .ARM.Collect$$libinit$$00000021          0x08000202   Section        0  libinit2.o(.ARM.Collect$$libinit$$00000021)
    .ARM.Collect$$libinit$$00000023          0x08000202   Section        0  libinit2.o(.ARM.Collect$$libinit$$00000023)
    .ARM.Collect$$libinit$$00000025          0x08000202   Section        0  libinit2.o(.ARM.Collect$$libinit$$00000025)
    .ARM.Collect$$libinit$$0000002C          0x08000202   Section        0  libinit2.o(.ARM.Collect$$libinit$$0000002C)
    .ARM.Collect$$libinit$$0000002E          0x08000202   Section        0  libinit2.o(.ARM.Collect$$libinit$$0000002E)
    .ARM.Collect$$libinit$$00000030          0x08000202   Section        0  libinit2.o(.ARM.Collect$$libinit$$00000030)
    .ARM.Collect$$libinit$$00000032          0x08000202   Section        0  libinit2.o(.ARM.Collect$$libinit$$00000032)
    .ARM.Collect$$libinit$$00000033          0x08000202   Section        2  libinit2.o(.ARM.Collect$$libinit$$00000033)
    .ARM.Collect$$libshutdown$$00000000      0x08000204   Section        2  libshutdown.o(.ARM.Collect$$libshutdown$$00000000)
    .ARM.Collect$$libshutdown$$00000002      0x08000206   Section        0  libshutdown2.o(.ARM.Collect$$libshutdown$$00000002)
    .ARM.Collect$$libshutdown$$00000004      0x08000206   Section        0  libshutdown2.o(.ARM.Collect$$libshutdown$$00000004)
    .ARM.Collect$$libshutdown$$00000007      0x08000206   Section        0  libshutdown2.o(.ARM.Collect$$libshutdown$$00000007)
    .ARM.Collect$$libshutdown$$0000000A      0x08000206   Section        0  libshutdown2.o(.ARM.Collect$$libshutdown$$0000000A)
    .ARM.Collect$$libshutdown$$0000000C      0x08000206   Section        0  libshutdown2.o(.ARM.Collect$$libshutdown$$0000000C)
    .ARM.Collect$$libshutdown$$0000000F      0x08000206   Section        0  libshutdown2.o(.ARM.Collect$$libshutdown$$0000000F)
    .ARM.Collect$$libshutdown$$00000010      0x08000206   Section        2  libshutdown2.o(.ARM.Collect$$libshutdown$$00000010)
    .ARM.Collect$$rtentry$$00000000          0x08000208   Section        0  __rtentry.o(.ARM.Collect$$rtentry$$00000000)
    .ARM.Collect$$rtentry$$00000002          0x08000208   Section        0  __rtentry2.o(.ARM.Collect$$rtentry$$00000002)
    .ARM.Collect$$rtentry$$00000004          0x08000208   Section        6  __rtentry4.o(.ARM.Collect$$rtentry$$00000004)
    .ARM.Collect$$rtentry$$00000009          0x0800020e   Section        0  __rtentry2.o(.ARM.Collect$$rtentry$$00000009)
    .ARM.Collect$$rtentry$$0000000A          0x0800020e   Section        4  __rtentry2.o(.ARM.Collect$$rtentry$$0000000A)
    .ARM.Collect$$rtentry$$0000000C          0x08000212   Section        0  __rtentry2.o(.ARM.Collect$$rtentry$$0000000C)
    .ARM.Collect$$rtentry$$0000000D          0x08000212   Section        8  __rtentry2.o(.ARM.Collect$$rtentry$$0000000D)
    .ARM.Collect$$rtexit$$00000000           0x0800021a   Section        2  rtexit.o(.ARM.Collect$$rtexit$$00000000)
    .ARM.Collect$$rtexit$$00000002           0x0800021c   Section        0  rtexit2.o(.ARM.Collect$$rtexit$$00000002)
    .ARM.Collect$$rtexit$$00000003           0x0800021c   Section        4  rtexit2.o(.ARM.Collect$$rtexit$$00000003)
    .ARM.Collect$$rtexit$$00000004           0x08000220   Section        6  rtexit2.o(.ARM.Collect$$rtexit$$00000004)
    $v0                                      0x08000228   Number         0  startup_stm32f407xx.o(.text)
    .text                                    0x08000228   Section       64  startup_stm32f407xx.o(.text)
    .text                                    0x08000268   Section      240  lludivv7m.o(.text)
    .text                                    0x08000358   Section       78  rt_memclr_w.o(.text)
    .text                                    0x080003a6   Section        0  heapauxi.o(.text)
    .text                                    0x080003ac   Section        0  _rserrno.o(.text)
    .text                                    0x080003c4   Section        8  rt_errno_addr_intlibspace.o(.text)
    .text                                    0x080003cc   Section        8  libspace.o(.text)
    .text                                    0x080003d4   Section       74  sys_stackheap_outer.o(.text)
    .text                                    0x0800041e   Section        0  exit.o(.text)
    .text                                    0x08000430   Section        0  sys_exit.o(.text)
    .text                                    0x0800043c   Section        2  use_no_semi.o(.text)
    .text                                    0x0800043e   Section        0  indicate_semi.o(.text)
    [Anonymous Symbol]                       0x08000440   Section        0  audio_out.o(.text.AudioOut_SetFillCallback)
    [Anonymous Symbol]                       0x0800044c   Section        0  audio_out.o(.text.AudioOut_Start)
    [Anonymous Symbol]                       0x08000494   Section        0  stm32f4xx_it.o(.text.BusFault_Handler)
    [Anonymous Symbol]                       0x08000498   Section        0  stm32f4xx_it.o(.text.DMA1_Stream4_IRQHandler)
    DMA_CalcBaseAndBitshift                  0x080004a9   Thumb Code    52  stm32f4xx_hal_dma.o(.text.DMA_CalcBaseAndBitshift)
    [Anonymous Symbol]                       0x080004a8   Section        0  stm32f4xx_hal_dma.o(.text.DMA_CalcBaseAndBitshift)
    DMA_CalcBaseAndBitshift.flagBitshiftOffset 0x080004dc   Number         0  stm32f4xx_hal_dma.o(.text.DMA_CalcBaseAndBitshift)
    DMA_CheckFifoParam                       0x080004e5   Thumb Code    80  stm32f4xx_hal_dma.o(.text.DMA_CheckFifoParam)
    [Anonymous Symbol]                       0x080004e4   Section        0  stm32f4xx_hal_dma.o(.text.DMA_CheckFifoParam)
    DMA_SetConfig                            0x08000535   Thumb Code    48  stm32f4xx_hal_dma.o(.text.DMA_SetConfig)
    [Anonymous Symbol]                       0x08000534   Section        0  stm32f4xx_hal_dma.o(.text.DMA_SetConfig)
    [Anonymous Symbol]                       0x08000564   Section        0  stm32f4xx_it.o(.text.DebugMon_Handler)
    [Anonymous Symbol]                       0x08000568   Section        0  main.o(.text.Error_Handler)
    [Anonymous Symbol]                       0x08000570   Section        0  stm32f4xx_hal_dma.o(.text.HAL_DMA_IRQHandler)
    [Anonymous Symbol]                       0x080006fc   Section        0  stm32f4xx_hal_dma.o(.text.HAL_DMA_Init)
    [Anonymous Symbol]                       0x080007cc   Section        0  stm32f4xx_hal_dma.o(.text.HAL_DMA_Start_IT)
    [Anonymous Symbol]                       0x08000830   Section        0  stm32f4xx_hal_gpio.o(.text.HAL_GPIO_Init)
    [Anonymous Symbol]                       0x080009cc   Section        0  stm32f4xx_hal_gpio.o(.text.HAL_GPIO_WritePin)
    [Anonymous Symbol]                       0x080009d8   Section        0  stm32f4xx_hal.o(.text.HAL_GetTick)
    [Anonymous Symbol]                       0x080009e4   Section        0  stm32f4xx_hal_i2s_ex.o(.text.HAL_I2SEx_FullDuplex_IRQHandler)
    [Anonymous Symbol]                       0x08000b84   Section        0  stm32f4xx_hal_i2s_ex.o(.text.HAL_I2SEx_TxRxCpltCallback)
    [Anonymous Symbol]                       0x08000b88   Section        0  stm32f4xx_hal_i2s.o(.text.HAL_I2S_ErrorCallback)
    [Anonymous Symbol]                       0x08000b8c   Section        0  stm32f4xx_hal_i2s.o(.text.HAL_I2S_IRQHandler)
    [Anonymous Symbol]                       0x08000b94   Section        0  stm32f4xx_hal_i2s.o(.text.HAL_I2S_Init)
    [Anonymous Symbol]                       0x08000cf0   Section        0  i2s.o(.text.HAL_I2S_MspInit)
    [Anonymous Symbol]                       0x08000e1c   Section        0  stm32f4xx_hal_i2s.o(.text.HAL_I2S_RxCpltCallback)
    [Anonymous Symbol]                       0x08000e20   Section        0  stm32f4xx_hal_i2s.o(.text.HAL_I2S_Transmit_DMA)
    [Anonymous Symbol]                       0x08000ee4   Section        0  audio_out.o(.text.HAL_I2S_TxCpltCallback)
    [Anonymous Symbol]                       0x08000f14   Section        0  audio_out.o(.text.HAL_I2S_TxHalfCpltCallback)
    [Anonymous Symbol]                       0x08000f44   Section        0  stm32f4xx_hal.o(.text.HAL_IncTick)
    [Anonymous Symbol]                       0x08000f60   Section        0  stm32f4xx_hal.o(.text.HAL_Init)
    [Anonymous Symbol]                       0x08000f98   Section        0  stm32f4xx_hal.o(.text.HAL_InitTick)
    [Anonymous Symbol]                       0x08000fe8   Section        0  stm32f4xx_hal_msp.o(.text.HAL_MspInit)
    [Anonymous Symbol]                       0x08001020   Section        0  stm32f4xx_hal_cortex.o(.text.HAL_NVIC_EnableIRQ)
    [Anonymous Symbol]                       0x08001028   Section        0  stm32f4xx_hal_cortex.o(.text.HAL_NVIC_SetPriority)
    [Anonymous Symbol]                       0x08001048   Section        0  stm32f4xx_hal_cortex.o(.text.HAL_NVIC_SetPriorityGrouping)
    [Anonymous Symbol]                       0x08001050   Section        0  stm32f4xx_hal_rcc_ex.o(.text.HAL_RCCEx_GetPeriphCLKFreq)
    [Anonymous Symbol]                       0x080010a8   Section        0  stm32f4xx_hal_rcc_ex.o(.text.HAL_RCCEx_PeriphCLKConfig)
    [Anonymous Symbol]                       0x080011f0   Section        0  stm32f4xx_hal_rcc.o(.text.HAL_RCC_ClockConfig)
    [Anonymous Symbol]                       0x08001350   Section        0  stm32f4xx_hal_rcc.o(.text.HAL_RCC_GetSysClockFreq)
    [Anonymous Symbol]                       0x080013bc   Section        0  stm32f4xx_hal_rcc.o(.text.HAL_RCC_OscConfig)
    [Anonymous Symbol]                       0x08001704   Section        0  stm32f4xx_hal_cortex.o(.text.HAL_SYSTICK_Config)
    [Anonymous Symbol]                       0x0800170c   Section        0  stm32f4xx_it.o(.text.HardFault_Handler)
    I2SEx_RxISR_I2S                          0x08001711   Thumb Code    54  stm32f4xx_hal_i2s_ex.o(.text.I2SEx_RxISR_I2S)
    [Anonymous Symbol]                       0x08001710   Section        0  stm32f4xx_hal_i2s_ex.o(.text.I2SEx_RxISR_I2S)
    I2SEx_RxISR_I2SExt                       0x08001749   Thumb Code    92  stm32f4xx_hal_i2s_ex.o(.text.I2SEx_RxISR_I2SExt)
    [Anonymous Symbol]                       0x08001748   Section        0  stm32f4xx_hal_i2s_ex.o(.text.I2SEx_RxISR_I2SExt)
    I2SEx_TxISR_I2S                          0x080017a5   Thumb Code    54  stm32f4xx_hal_i2s_ex.o(.text.I2SEx_TxISR_I2S)
    [Anonymous Symbol]                       0x080017a4   Section        0  stm32f4xx_hal_i2s_ex.o(.text.I2SEx_TxISR_I2S)
    I2SEx_TxISR_I2SExt                       0x080017dd   Thumb Code    92  stm32f4xx_hal_i2s_ex.o(.text.I2SEx_TxISR_I2SExt)
    [Anonymous Symbol]                       0x080017dc   Section        0  stm32f4xx_hal_i2s_ex.o(.text.I2SEx_TxISR_I2SExt)
    I2S_DMAError                             0x08001839   Thumb Code    40  stm32f4xx_hal_i2s.o(.text.I2S_DMAError)
    [Anonymous Symbol]                       0x08001838   Section        0  stm32f4xx_hal_i2s.o(.text.I2S_DMAError)
    I2S_DMATxCplt                            0x08001861   Thumb Code    40  stm32f4xx_hal_i2s.o(.text.I2S_DMATxCplt)
    [Anonymous Symbol]                       0x08001860   Section        0  stm32f4xx_hal_i2s.o(.text.I2S_DMATxCplt)
    I2S_DMATxHalfCplt                        0x08001889   Thumb Code    10  stm32f4xx_hal_i2s.o(.text.I2S_DMATxHalfCplt)
    [Anonymous Symbol]                       0x08001888   Section        0  stm32f4xx_hal_i2s.o(.text.I2S_DMATxHalfCplt)
    I2S_IRQHandler                           0x08001895   Thumb Code   178  stm32f4xx_hal_i2s.o(.text.I2S_IRQHandler)
    [Anonymous Symbol]                       0x08001894   Section        0  stm32f4xx_hal_i2s.o(.text.I2S_IRQHandler)
    I2S_Receive_IT                           0x08001949   Thumb Code    48  stm32f4xx_hal_i2s.o(.text.I2S_Receive_IT)
    [Anonymous Symbol]                       0x08001948   Section        0  stm32f4xx_hal_i2s.o(.text.I2S_Receive_IT)
    I2S_Transmit_IT                          0x08001979   Thumb Code    48  stm32f4xx_hal_i2s.o(.text.I2S_Transmit_IT)
    [Anonymous Symbol]                       0x08001978   Section        0  stm32f4xx_hal_i2s.o(.text.I2S_Transmit_IT)
    InitSineTable                            0x080019a9   Thumb Code   200  sweep.o(.text.InitSineTable)
    [Anonymous Symbol]                       0x080019a8   Section        0  sweep.o(.text.InitSineTable)
    [Anonymous Symbol]                       0x08001a70   Section        0  dma.o(.text.MX_DMA_Init)
    [Anonymous Symbol]                       0x08001aa8   Section        0  gpio.o(.text.MX_GPIO_Init)
    [Anonymous Symbol]                       0x08001b38   Section        0  i2s.o(.text.MX_I2S2_Init)
    [Anonymous Symbol]                       0x08001b74   Section        0  stm32f4xx_it.o(.text.MemManage_Handler)
    [Anonymous Symbol]                       0x08001b78   Section        0  stm32f4xx_it.o(.text.NMI_Handler)
    NVIC_EncodePriority                      0x08001b7d   Thumb Code    44  stm32f4xx_hal_cortex.o(.text.NVIC_EncodePriority)
    [Anonymous Symbol]                       0x08001b7c   Section        0  stm32f4xx_hal_cortex.o(.text.NVIC_EncodePriority)
    [Anonymous Symbol]                       0x08001ba8   Section        0  stm32f4xx_it.o(.text.PendSV_Handler)
    [Anonymous Symbol]                       0x08001bac   Section        0  stm32f4xx_it.o(.text.SPI2_IRQHandler)
    [Anonymous Symbol]                       0x08001bbc   Section        0  stm32f4xx_it.o(.text.SVC_Handler)
    SetSweepFrequency                        0x08001bc1   Thumb Code    72  sweep.o(.text.SetSweepFrequency)
    [Anonymous Symbol]                       0x08001bc0   Section        0  sweep.o(.text.SetSweepFrequency)
    Sweep_FillBuffer                         0x08001c09   Thumb Code   198  sweep.o(.text.Sweep_FillBuffer)
    [Anonymous Symbol]                       0x08001c08   Section        0  sweep.o(.text.Sweep_FillBuffer)
    [Anonymous Symbol]                       0x08001cd0   Section        0  sweep.o(.text.Sweep_Init)
    [Anonymous Symbol]                       0x08001d18   Section        0  sweep.o(.text.Sweep_Start)
    SysTick_Config                           0x08001d2d   Thumb Code    46  stm32f4xx_hal_cortex.o(.text.SysTick_Config)
    [Anonymous Symbol]                       0x08001d2c   Section        0  stm32f4xx_hal_cortex.o(.text.SysTick_Config)
    [Anonymous Symbol]                       0x08001d5c   Section        0  stm32f4xx_it.o(.text.SysTick_Handler)
    [Anonymous Symbol]                       0x08001d64   Section        0  main.o(.text.SystemClock_Config)
    [Anonymous Symbol]                       0x08001e08   Section        0  system_stm32f4xx_1.o(.text.SystemInit)
    [Anonymous Symbol]                       0x08001e1c   Section        0  stm32f4xx_it.o(.text.UsageFault_Handler)
    __NVIC_EnableIRQ                         0x08001e21   Thumb Code    32  stm32f4xx_hal_cortex.o(.text.__NVIC_EnableIRQ)
    [Anonymous Symbol]                       0x08001e20   Section        0  stm32f4xx_hal_cortex.o(.text.__NVIC_EnableIRQ)
    __NVIC_GetPriorityGrouping               0x08001e41   Thumb Code    16  stm32f4xx_hal_cortex.o(.text.__NVIC_GetPriorityGrouping)
    [Anonymous Symbol]                       0x08001e40   Section        0  stm32f4xx_hal_cortex.o(.text.__NVIC_GetPriorityGrouping)
    __NVIC_SetPriority                       0x08001e51   Thumb Code    34  stm32f4xx_hal_cortex.o(.text.__NVIC_SetPriority)
    [Anonymous Symbol]                       0x08001e50   Section        0  stm32f4xx_hal_cortex.o(.text.__NVIC_SetPriority)
    __NVIC_SetPriorityGrouping               0x08001e75   Thumb Code    32  stm32f4xx_hal_cortex.o(.text.__NVIC_SetPriorityGrouping)
    [Anonymous Symbol]                       0x08001e74   Section        0  stm32f4xx_hal_cortex.o(.text.__NVIC_SetPriorityGrouping)
    [Anonymous Symbol]                       0x08001e94   Section        0  main.o(.text.main)
    i.__ARM_fpclassify                       0x08001eb2   Section        0  fpclassify.o(i.__ARM_fpclassify)
    i.__hardfp_sin                           0x08001ee8   Section        0  sin.o(i.__hardfp_sin)
    i.__ieee754_rem_pio2                     0x08001fb0   Section        0  rred.o(i.__ieee754_rem_pio2)
    i.__kernel_cos                           0x080023e8   Section        0  cos_i.o(i.__kernel_cos)
    i.__kernel_poly                          0x08002558   Section        0  poly.o(i.__kernel_poly)
    i.__kernel_sin                           0x08002650   Section        0  sin_i.o(i.__kernel_sin)
    i.__mathlib_dbl_infnan                   0x08002780   Section        0  dunder.o(i.__mathlib_dbl_infnan)
    i.__mathlib_dbl_invalid                  0x08002798   Section        0  dunder.o(i.__mathlib_dbl_invalid)
    i.__mathlib_dbl_underflow                0x080027b8   Section        0  dunder.o(i.__mathlib_dbl_underflow)
    i.fabs                                   0x080027d8   Section        0  fabs.o(i.fabs)
    $v0                                      0x080027f0   Number         0  basic.o(x$fpl$basic)
    x$fpl$basic                              0x080027f0   Section       24  basic.o(x$fpl$basic)
    $v0                                      0x08002808   Number         0  daddsub_clz.o(x$fpl$dadd)
    x$fpl$dadd                               0x08002808   Section      336  daddsub_clz.o(x$fpl$dadd)
    _dadd1                                   0x08002819   Thumb Code     0  daddsub_clz.o(x$fpl$dadd)
    $v0                                      0x08002958   Number         0  ddiv.o(x$fpl$ddiv)
    x$fpl$ddiv                               0x08002958   Section      692  ddiv.o(x$fpl$ddiv)
    ddiv_entry                               0x0800295f   Thumb Code     0  ddiv.o(x$fpl$ddiv)
    $v0                                      0x08002c0c   Number         0  dfix.o(x$fpl$dfix)
    x$fpl$dfix                               0x08002c0c   Section       94  dfix.o(x$fpl$dfix)
    $v0                                      0x08002c6c   Number         0  dfixu.o(x$fpl$dfixu)
    x$fpl$dfixu                              0x08002c6c   Section       90  dfixu.o(x$fpl$dfixu)
    $v0                                      0x08002cc6   Number         0  dflt_clz.o(x$fpl$dflt)
    x$fpl$dflt                               0x08002cc6   Section       46  dflt_clz.o(x$fpl$dflt)
    $v0                                      0x08002cf4   Number         0  dflt_clz.o(x$fpl$dfltu)
    x$fpl$dfltu                              0x08002cf4   Section       38  dflt_clz.o(x$fpl$dfltu)
    $v0                                      0x08002d1c   Number         0  dmul.o(x$fpl$dmul)
    x$fpl$dmul                               0x08002d1c   Section      340  dmul.o(x$fpl$dmul)
    $v0                                      0x08002e70   Number         0  dnaninf.o(x$fpl$dnaninf)
    x$fpl$dnaninf                            0x08002e70   Section      156  dnaninf.o(x$fpl$dnaninf)
    $v0                                      0x08002f0c   Number         0  dretinf.o(x$fpl$dretinf)
    x$fpl$dretinf                            0x08002f0c   Section       12  dretinf.o(x$fpl$dretinf)
    $v0                                      0x08002f18   Number         0  daddsub_clz.o(x$fpl$drsb)
    x$fpl$drsb                               0x08002f18   Section       22  daddsub_clz.o(x$fpl$drsb)
    $v0                                      0x08002f30   Number         0  daddsub_clz.o(x$fpl$dsub)
    x$fpl$dsub                               0x08002f30   Section      476  daddsub_clz.o(x$fpl$dsub)
    _dsub1                                   0x08002f41   Thumb Code     0  daddsub_clz.o(x$fpl$dsub)
    $v0                                      0x0800310c   Number         0  f2d.o(x$fpl$f2d)
    x$fpl$f2d                                0x0800310c   Section       86  f2d.o(x$fpl$f2d)
    $v0                                      0x08003162   Number         0  fnaninf.o(x$fpl$fnaninf)
    x$fpl$fnaninf                            0x08003162   Section      140  fnaninf.o(x$fpl$fnaninf)
    $v0                                      0x080031ee   Number         0  fpinit.o(x$fpl$fpinit)
    x$fpl$fpinit                             0x080031ee   Section       26  fpinit.o(x$fpl$fpinit)
    C                                        0x08003208   Data          48  cos_i.o(.constdata)
    .constdata                               0x08003208   Section       48  cos_i.o(.constdata)
    x$fpl$usenofp                            0x08003208   Section        0  usenofp.o(x$fpl$usenofp)
    pio2s                                    0x08003238   Data          48  rred.o(.constdata)
    .constdata                               0x08003238   Section      204  rred.o(.constdata)
    twooverpi                                0x08003268   Data         156  rred.o(.constdata)
    S                                        0x08003308   Data          40  sin_i.o(.constdata)
    .constdata                               0x08003308   Section       40  sin_i.o(.constdata)
    .bss                                     0x20000010   Section       96  libspace.o(.bss)
    dds_phase_acc                            0x20000070   Data           4  sweep.o(.bss.dds_phase_acc)
    [Anonymous Symbol]                       0x20000070   Section        0  sweep.o(.bss.dds_phase_acc)
    dds_phase_step                           0x20000074   Data           4  sweep.o(.bss.dds_phase_step)
    [Anonymous Symbol]                       0x20000074   Section        0  sweep.o(.bss.dds_phase_step)
    fill_callback                            0x20000078   Data           4  audio_out.o(.bss.fill_callback)
    [Anonymous Symbol]                       0x20000078   Section        0  audio_out.o(.bss.fill_callback)
    sine_table                               0x20000124   Data         512  sweep.o(.bss.sine_table)
    [Anonymous Symbol]                       0x20000124   Section        0  sweep.o(.bss.sine_table)
    sweep_pair_counter                       0x20000324   Data           4  sweep.o(.bss.sweep_pair_counter)
    [Anonymous Symbol]                       0x20000324   Section        0  sweep.o(.bss.sweep_pair_counter)
    sweep_pairs_per_step                     0x20000328   Data           1  sweep.o(.bss.sweep_pairs_per_step)
    [Anonymous Symbol]                       0x20000328   Section        0  sweep.o(.bss.sweep_pairs_per_step)
    sweep_step_index                         0x2000032c   Data           4  sweep.o(.bss.sweep_step_index)
    [Anonymous Symbol]                       0x2000032c   Section        0  sweep.o(.bss.sweep_step_index)
    sweep_total_steps                        0x20000330   Data           1  sweep.o(.bss.sweep_total_steps)
    [Anonymous Symbol]                       0x20000330   Section        0  sweep.o(.bss.sweep_total_steps)
    tx_buffer                                0x20000332   Data        2048  audio_out.o(.bss.tx_buffer)
    [Anonymous Symbol]                       0x20000332   Section        0  audio_out.o(.bss.tx_buffer)
    Heap_Mem                                 0x20000b38   Data         512  startup_stm32f407xx.o(HEAP)
    HEAP                                     0x20000b38   Section      512  startup_stm32f407xx.o(HEAP)
    Stack_Mem                                0x20000d38   Data        1024  startup_stm32f407xx.o(STACK)
    STACK                                    0x20000d38   Section     1024  startup_stm32f407xx.o(STACK)
    __initial_sp                             0x20001138   Data           0  startup_stm32f407xx.o(STACK)

    Global Symbols

    Symbol Name                              Value     Ov Type        Size  Object(Section)

    BuildAttributes$$THM_ISAv4$E$P$D$K$B$S$7EM$VFPi3$EXTD16$VFPS$VFMA$PE$A:L22UL41UL21$X:L11$S22US41US21$IEEE1$IW$~IW$USESV6$~STKCKD$USESV7$~SHL$OTIME$ROPI$IEEEX$EBA8$UX$STANDARDLIB$REQ8$PRES8$EABIv2 0x00000000   Number         0  anon$$obj.o ABSOLUTE
    __ARM_exceptions_init                     - Undefined Weak Reference
    __alloca_initialize                       - Undefined Weak Reference
    __arm_preinit_                            - Undefined Weak Reference
    __cpp_initialize__aeabi_                  - Undefined Weak Reference
    __cxa_finalize                            - Undefined Weak Reference
    __rt_locale                               - Undefined Weak Reference
    __sigvec_lookup                           - Undefined Weak Reference
    _atexit_init                              - Undefined Weak Reference
    _call_atexit_fns                          - Undefined Weak Reference
    _clock_init                               - Undefined Weak Reference
    _fp_trap_init                             - Undefined Weak Reference
    _fp_trap_shutdown                         - Undefined Weak Reference
    _get_lc_collate                           - Undefined Weak Reference
    _get_lc_ctype                             - Undefined Weak Reference
    _get_lc_monetary                          - Undefined Weak Reference
    _get_lc_numeric                           - Undefined Weak Reference
    _get_lc_time                              - Undefined Weak Reference
    _getenv_init                              - Undefined Weak Reference
    _handle_redirection                       - Undefined Weak Reference
    _init_alloc                               - Undefined Weak Reference
    _init_user_alloc                          - Undefined Weak Reference
    _initio                                   - Undefined Weak Reference
    _rand_init                                - Undefined Weak Reference
    _signal_finish                            - Undefined Weak Reference
    _signal_init                              - Undefined Weak Reference
    _terminate_alloc                          - Undefined Weak Reference
    _terminate_user_alloc                     - Undefined Weak Reference
    _terminateio                              - Undefined Weak Reference
    __Vectors_Size                           0x00000188   Number         0  startup_stm32f407xx.o ABSOLUTE
    __Vectors                                0x08000000   Data           4  startup_stm32f407xx.o(RESET)
    __Vectors_End                            0x08000188   Data           0  startup_stm32f407xx.o(RESET)
    __main                                   0x08000189   Thumb Code     8  __main.o(!!!main)
    __scatterload                            0x08000191   Thumb Code     0  __scatter.o(!!!scatter)
    __scatterload_rt2                        0x08000191   Thumb Code    44  __scatter.o(!!!scatter)
    __scatterload_rt2_thumb_only             0x08000191   Thumb Code     0  __scatter.o(!!!scatter)
    __scatterload_null                       0x0800019f   Thumb Code     0  __scatter.o(!!!scatter)
    __scatterload_copy                       0x080001c5   Thumb Code    26  __scatter_copy.o(!!handler_copy)
    __scatterload_zeroinit                   0x080001e1   Thumb Code    28  __scatter_zi.o(!!handler_zi)
    __rt_lib_init                            0x080001fd   Thumb Code     0  libinit.o(.ARM.Collect$$libinit$$00000000)
    __rt_lib_init_fp_1                       0x080001ff   Thumb Code     0  libinit2.o(.ARM.Collect$$libinit$$00000001)
    __rt_lib_init_alloca_1                   0x08000203   Thumb Code     0  libinit2.o(.ARM.Collect$$libinit$$0000002E)
    __rt_lib_init_argv_1                     0x08000203   Thumb Code     0  libinit2.o(.ARM.Collect$$libinit$$0000002C)
    __rt_lib_init_atexit_1                   0x08000203   Thumb Code     0  libinit2.o(.ARM.Collect$$libinit$$0000001B)
    __rt_lib_init_clock_1                    0x08000203   Thumb Code     0  libinit2.o(.ARM.Collect$$libinit$$00000021)
    __rt_lib_init_cpp_1                      0x08000203   Thumb Code     0  libinit2.o(.ARM.Collect$$libinit$$00000032)
    __rt_lib_init_exceptions_1               0x08000203   Thumb Code     0  libinit2.o(.ARM.Collect$$libinit$$00000030)
    __rt_lib_init_fp_trap_1                  0x08000203   Thumb Code     0  libinit2.o(.ARM.Collect$$libinit$$0000001F)
    __rt_lib_init_getenv_1                   0x08000203   Thumb Code     0  libinit2.o(.ARM.Collect$$libinit$$00000023)
    __rt_lib_init_heap_1                     0x08000203   Thumb Code     0  libinit2.o(.ARM.Collect$$libinit$$0000000A)
    __rt_lib_init_lc_collate_1               0x08000203   Thumb Code     0  libinit2.o(.ARM.Collect$$libinit$$00000011)
    __rt_lib_init_lc_ctype_1                 0x08000203   Thumb Code     0  libinit2.o(.ARM.Collect$$libinit$$00000013)
    __rt_lib_init_lc_monetary_1              0x08000203   Thumb Code     0  libinit2.o(.ARM.Collect$$libinit$$00000015)
    __rt_lib_init_lc_numeric_1               0x08000203   Thumb Code     0  libinit2.o(.ARM.Collect$$libinit$$00000017)
    __rt_lib_init_lc_time_1                  0x08000203   Thumb Code     0  libinit2.o(.ARM.Collect$$libinit$$00000019)
    __rt_lib_init_preinit_1                  0x08000203   Thumb Code     0  libinit2.o(.ARM.Collect$$libinit$$00000004)
    __rt_lib_init_rand_1                     0x08000203   Thumb Code     0  libinit2.o(.ARM.Collect$$libinit$$0000000E)
    __rt_lib_init_return                     0x08000203   Thumb Code     0  libinit2.o(.ARM.Collect$$libinit$$00000033)
    __rt_lib_init_signal_1                   0x08000203   Thumb Code     0  libinit2.o(.ARM.Collect$$libinit$$0000001D)
    __rt_lib_init_stdio_1                    0x08000203   Thumb Code     0  libinit2.o(.ARM.Collect$$libinit$$00000025)
    __rt_lib_init_user_alloc_1               0x08000203   Thumb Code     0  libinit2.o(.ARM.Collect$$libinit$$0000000C)
    __rt_lib_shutdown                        0x08000205   Thumb Code     0  libshutdown.o(.ARM.Collect$$libshutdown$$00000000)
    __rt_lib_shutdown_cpp_1                  0x08000207   Thumb Code     0  libshutdown2.o(.ARM.Collect$$libshutdown$$00000002)
    __rt_lib_shutdown_fp_trap_1              0x08000207   Thumb Code     0  libshutdown2.o(.ARM.Collect$$libshutdown$$00000007)
    __rt_lib_shutdown_heap_1                 0x08000207   Thumb Code     0  libshutdown2.o(.ARM.Collect$$libshutdown$$0000000F)
    __rt_lib_shutdown_return                 0x08000207   Thumb Code     0  libshutdown2.o(.ARM.Collect$$libshutdown$$00000010)
    __rt_lib_shutdown_signal_1               0x08000207   Thumb Code     0  libshutdown2.o(.ARM.Collect$$libshutdown$$0000000A)
    __rt_lib_shutdown_stdio_1                0x08000207   Thumb Code     0  libshutdown2.o(.ARM.Collect$$libshutdown$$00000004)
    __rt_lib_shutdown_user_alloc_1           0x08000207   Thumb Code     0  libshutdown2.o(.ARM.Collect$$libshutdown$$0000000C)
    __rt_entry                               0x08000209   Thumb Code     0  __rtentry.o(.ARM.Collect$$rtentry$$00000000)
    __rt_entry_presh_1                       0x08000209   Thumb Code     0  __rtentry2.o(.ARM.Collect$$rtentry$$00000002)
    __rt_entry_sh                            0x08000209   Thumb Code     0  __rtentry4.o(.ARM.Collect$$rtentry$$00000004)
    __rt_entry_li                            0x0800020f   Thumb Code     0  __rtentry2.o(.ARM.Collect$$rtentry$$0000000A)
    __rt_entry_postsh_1                      0x0800020f   Thumb Code     0  __rtentry2.o(.ARM.Collect$$rtentry$$00000009)
    __rt_entry_main                          0x08000213   Thumb Code     0  __rtentry2.o(.ARM.Collect$$rtentry$$0000000D)
    __rt_entry_postli_1                      0x08000213   Thumb Code     0  __rtentry2.o(.ARM.Collect$$rtentry$$0000000C)
    __rt_exit                                0x0800021b   Thumb Code     0  rtexit.o(.ARM.Collect$$rtexit$$00000000)
    __rt_exit_ls                             0x0800021d   Thumb Code     0  rtexit2.o(.ARM.Collect$$rtexit$$00000003)
    __rt_exit_prels_1                        0x0800021d   Thumb Code     0  rtexit2.o(.ARM.Collect$$rtexit$$00000002)
    __rt_exit_exit                           0x08000221   Thumb Code     0  rtexit2.o(.ARM.Collect$$rtexit$$00000004)
    Reset_Handler                            0x08000229   Thumb Code     8  startup_stm32f407xx.o(.text)
    ADC_IRQHandler                           0x08000243   Thumb Code     0  startup_stm32f407xx.o(.text)
    CAN1_RX0_IRQHandler                      0x08000243   Thumb Code     0  startup_stm32f407xx.o(.text)
    CAN1_RX1_IRQHandler                      0x08000243   Thumb Code     0  startup_stm32f407xx.o(.text)
    CAN1_SCE_IRQHandler                      0x08000243   Thumb Code     0  startup_stm32f407xx.o(.text)
    CAN1_TX_IRQHandler                       0x08000243   Thumb Code     0  startup_stm32f407xx.o(.text)
    CAN2_RX0_IRQHandler                      0x08000243   Thumb Code     0  startup_stm32f407xx.o(.text)
    CAN2_RX1_IRQHandler                      0x08000243   Thumb Code     0  startup_stm32f407xx.o(.text)
    CAN2_SCE_IRQHandler                      0x08000243   Thumb Code     0  startup_stm32f407xx.o(.text)
    CAN2_TX_IRQHandler                       0x08000243   Thumb Code     0  startup_stm32f407xx.o(.text)
    DCMI_IRQHandler                          0x08000243   Thumb Code     0  startup_stm32f407xx.o(.text)
    DMA1_Stream0_IRQHandler                  0x08000243   Thumb Code     0  startup_stm32f407xx.o(.text)
    DMA1_Stream1_IRQHandler                  0x08000243   Thumb Code     0  startup_stm32f407xx.o(.text)
    DMA1_Stream2_IRQHandler                  0x08000243   Thumb Code     0  startup_stm32f407xx.o(.text)
    DMA1_Stream3_IRQHandler                  0x08000243   Thumb Code     0  startup_stm32f407xx.o(.text)
    DMA1_Stream5_IRQHandler                  0x08000243   Thumb Code     0  startup_stm32f407xx.o(.text)
    DMA1_Stream6_IRQHandler                  0x08000243   Thumb Code     0  startup_stm32f407xx.o(.text)
    DMA1_Stream7_IRQHandler                  0x08000243   Thumb Code     0  startup_stm32f407xx.o(.text)
    DMA2_Stream0_IRQHandler                  0x08000243   Thumb Code     0  startup_stm32f407xx.o(.text)
    DMA2_Stream1_IRQHandler                  0x08000243   Thumb Code     0  startup_stm32f407xx.o(.text)
    DMA2_Stream2_IRQHandler                  0x08000243   Thumb Code     0  startup_stm32f407xx.o(.text)
    DMA2_Stream3_IRQHandler                  0x08000243   Thumb Code     0  startup_stm32f407xx.o(.text)
    DMA2_Stream4_IRQHandler                  0x08000243   Thumb Code     0  startup_stm32f407xx.o(.text)
    DMA2_Stream5_IRQHandler                  0x08000243   Thumb Code     0  startup_stm32f407xx.o(.text)
    DMA2_Stream6_IRQHandler                  0x08000243   Thumb Code     0  startup_stm32f407xx.o(.text)
    DMA2_Stream7_IRQHandler                  0x08000243   Thumb Code     0  startup_stm32f407xx.o(.text)
    ETH_IRQHandler                           0x08000243   Thumb Code     0  startup_stm32f407xx.o(.text)
    ETH_WKUP_IRQHandler                      0x08000243   Thumb Code     0  startup_stm32f407xx.o(.text)
    EXTI0_IRQHandler                         0x08000243   Thumb Code     0  startup_stm32f407xx.o(.text)
    EXTI15_10_IRQHandler                     0x08000243   Thumb Code     0  startup_stm32f407xx.o(.text)
    EXTI1_IRQHandler                         0x08000243   Thumb Code     0  startup_stm32f407xx.o(.text)
    EXTI2_IRQHandler                         0x08000243   Thumb Code     0  startup_stm32f407xx.o(.text)
    EXTI3_IRQHandler                         0x08000243   Thumb Code     0  startup_stm32f407xx.o(.text)
    EXTI4_IRQHandler                         0x08000243   Thumb Code     0  startup_stm32f407xx.o(.text)
    EXTI9_5_IRQHandler                       0x08000243   Thumb Code     0  startup_stm32f407xx.o(.text)
    FLASH_IRQHandler                         0x08000243   Thumb Code     0  startup_stm32f407xx.o(.text)
    FMC_IRQHandler                           0x08000243   Thumb Code     0  startup_stm32f407xx.o(.text)
    FPU_IRQHandler                           0x08000243   Thumb Code     0  startup_stm32f407xx.o(.text)
    HASH_RNG_IRQHandler                      0x08000243   Thumb Code     0  startup_stm32f407xx.o(.text)
    I2C1_ER_IRQHandler                       0x08000243   Thumb Code     0  startup_stm32f407xx.o(.text)
    I2C1_EV_IRQHandler                       0x08000243   Thumb Code     0  startup_stm32f407xx.o(.text)
    I2C2_ER_IRQHandler                       0x08000243   Thumb Code     0  startup_stm32f407xx.o(.text)
    I2C2_EV_IRQHandler                       0x08000243   Thumb Code     0  startup_stm32f407xx.o(.text)
    I2C3_ER_IRQHandler                       0x08000243   Thumb Code     0  startup_stm32f407xx.o(.text)
    I2C3_EV_IRQHandler                       0x08000243   Thumb Code     0  startup_stm32f407xx.o(.text)
    OTG_FS_IRQHandler                        0x08000243   Thumb Code     0  startup_stm32f407xx.o(.text)
    OTG_FS_WKUP_IRQHandler                   0x08000243   Thumb Code     0  startup_stm32f407xx.o(.text)
    OTG_HS_EP1_IN_IRQHandler                 0x08000243   Thumb Code     0  startup_stm32f407xx.o(.text)
    OTG_HS_EP1_OUT_IRQHandler                0x08000243   Thumb Code     0  startup_stm32f407xx.o(.text)
    OTG_HS_IRQHandler                        0x08000243   Thumb Code     0  startup_stm32f407xx.o(.text)
    OTG_HS_WKUP_IRQHandler                   0x08000243   Thumb Code     0  startup_stm32f407xx.o(.text)
    PVD_IRQHandler                           0x08000243   Thumb Code     0  startup_stm32f407xx.o(.text)
    RCC_IRQHandler                           0x08000243   Thumb Code     0  startup_stm32f407xx.o(.text)
    RTC_Alarm_IRQHandler                     0x08000243   Thumb Code     0  startup_stm32f407xx.o(.text)
    RTC_WKUP_IRQHandler                      0x08000243   Thumb Code     0  startup_stm32f407xx.o(.text)
    SDIO_IRQHandler                          0x08000243   Thumb Code     0  startup_stm32f407xx.o(.text)
    SPI1_IRQHandler                          0x08000243   Thumb Code     0  startup_stm32f407xx.o(.text)
    SPI3_IRQHandler                          0x08000243   Thumb Code     0  startup_stm32f407xx.o(.text)
    TAMP_STAMP_IRQHandler                    0x08000243   Thumb Code     0  startup_stm32f407xx.o(.text)
    TIM1_BRK_TIM9_IRQHandler                 0x08000243   Thumb Code     0  startup_stm32f407xx.o(.text)
    TIM1_CC_IRQHandler                       0x08000243   Thumb Code     0  startup_stm32f407xx.o(.text)
    TIM1_TRG_COM_TIM11_IRQHandler            0x08000243   Thumb Code     0  startup_stm32f407xx.o(.text)
    TIM1_UP_TIM10_IRQHandler                 0x08000243   Thumb Code     0  startup_stm32f407xx.o(.text)
    TIM2_IRQHandler                          0x08000243   Thumb Code     0  startup_stm32f407xx.o(.text)
    TIM3_IRQHandler                          0x08000243   Thumb Code     0  startup_stm32f407xx.o(.text)
    TIM4_IRQHandler                          0x08000243   Thumb Code     0  startup_stm32f407xx.o(.text)
    TIM5_IRQHandler                          0x08000243   Thumb Code     0  startup_stm32f407xx.o(.text)
    TIM6_DAC_IRQHandler                      0x08000243   Thumb Code     0  startup_stm32f407xx.o(.text)
    TIM7_IRQHandler                          0x08000243   Thumb Code     0  startup_stm32f407xx.o(.text)
    TIM8_BRK_TIM12_IRQHandler                0x08000243   Thumb Code     0  startup_stm32f407xx.o(.text)
    TIM8_CC_IRQHandler                       0x08000243   Thumb Code     0  startup_stm32f407xx.o(.text)
    TIM8_TRG_COM_TIM14_IRQHandler            0x08000243   Thumb Code     0  startup_stm32f407xx.o(.text)
    TIM8_UP_TIM13_IRQHandler                 0x08000243   Thumb Code     0  startup_stm32f407xx.o(.text)
    UART4_IRQHandler                         0x08000243   Thumb Code     0  startup_stm32f407xx.o(.text)
    UART5_IRQHandler                         0x08000243   Thumb Code     0  startup_stm32f407xx.o(.text)
    USART1_IRQHandler                        0x08000243   Thumb Code     0  startup_stm32f407xx.o(.text)
    USART2_IRQHandler                        0x08000243   Thumb Code     0  startup_stm32f407xx.o(.text)
    USART3_IRQHandler                        0x08000243   Thumb Code     0  startup_stm32f407xx.o(.text)
    USART6_IRQHandler                        0x08000243   Thumb Code     0  startup_stm32f407xx.o(.text)
    WWDG_IRQHandler                          0x08000243   Thumb Code     0  startup_stm32f407xx.o(.text)
    __user_initial_stackheap                 0x08000245   Thumb Code     0  startup_stm32f407xx.o(.text)
    __aeabi_uldivmod                         0x08000269   Thumb Code     0  lludivv7m.o(.text)
    _ll_udiv                                 0x08000269   Thumb Code   240  lludivv7m.o(.text)
    __aeabi_memclr4                          0x08000359   Thumb Code     0  rt_memclr_w.o(.text)
    __aeabi_memclr8                          0x08000359   Thumb Code     0  rt_memclr_w.o(.text)
    __rt_memclr_w                            0x08000359   Thumb Code     0  rt_memclr_w.o(.text)
    _memset_w                                0x0800035d   Thumb Code    74  rt_memclr_w.o(.text)
    __use_two_region_memory                  0x080003a7   Thumb Code     2  heapauxi.o(.text)
    __rt_heap_escrow$2region                 0x080003a9   Thumb Code     2  heapauxi.o(.text)
    __rt_heap_expand$2region                 0x080003ab   Thumb Code     2  heapauxi.o(.text)
    __read_errno                             0x080003ad   Thumb Code    10  _rserrno.o(.text)
    __set_errno                              0x080003b7   Thumb Code    12  _rserrno.o(.text)
    __aeabi_errno_addr                       0x080003c5   Thumb Code     8  rt_errno_addr_intlibspace.o(.text)
    __errno$intlibspace                      0x080003c5   Thumb Code     0  rt_errno_addr_intlibspace.o(.text)
    __rt_errno_addr$intlibspace              0x080003c5   Thumb Code     0  rt_errno_addr_intlibspace.o(.text)
    __user_libspace                          0x080003cd   Thumb Code     8  libspace.o(.text)
    __user_perproc_libspace                  0x080003cd   Thumb Code     0  libspace.o(.text)
    __user_perthread_libspace                0x080003cd   Thumb Code     0  libspace.o(.text)
    __user_setup_stackheap                   0x080003d5   Thumb Code    74  sys_stackheap_outer.o(.text)
    exit                                     0x0800041f   Thumb Code    18  exit.o(.text)
    _sys_exit                                0x08000431   Thumb Code     8  sys_exit.o(.text)
    __I$use$semihosting                      0x0800043d   Thumb Code     0  use_no_semi.o(.text)
    __use_no_semihosting_swi                 0x0800043d   Thumb Code     2  use_no_semi.o(.text)
    __semihosting_library_function           0x0800043f   Thumb Code     0  indicate_semi.o(.text)
    AudioOut_SetFillCallback                 0x08000441   Thumb Code    12  audio_out.o(.text.AudioOut_SetFillCallback)
    AudioOut_Start                           0x0800044d   Thumb Code    70  audio_out.o(.text.AudioOut_Start)
    BusFault_Handler                         0x08000495   Thumb Code     2  stm32f4xx_it.o(.text.BusFault_Handler)
    DMA1_Stream4_IRQHandler                  0x08000499   Thumb Code    16  stm32f4xx_it.o(.text.DMA1_Stream4_IRQHandler)
    DebugMon_Handler                         0x08000565   Thumb Code     2  stm32f4xx_it.o(.text.DebugMon_Handler)
    Error_Handler                            0x08000569   Thumb Code     6  main.o(.text.Error_Handler)
    HAL_DMA_IRQHandler                       0x08000571   Thumb Code   396  stm32f4xx_hal_dma.o(.text.HAL_DMA_IRQHandler)
    HAL_DMA_Init                             0x080006fd   Thumb Code   206  stm32f4xx_hal_dma.o(.text.HAL_DMA_Init)
    HAL_DMA_Start_IT                         0x080007cd   Thumb Code    98  stm32f4xx_hal_dma.o(.text.HAL_DMA_Start_IT)
    HAL_GPIO_Init                            0x08000831   Thumb Code   410  stm32f4xx_hal_gpio.o(.text.HAL_GPIO_Init)
    HAL_GPIO_WritePin                        0x080009cd   Thumb Code    10  stm32f4xx_hal_gpio.o(.text.HAL_GPIO_WritePin)
    HAL_GetTick                              0x080009d9   Thumb Code    12  stm32f4xx_hal.o(.text.HAL_GetTick)
    HAL_I2SEx_FullDuplex_IRQHandler          0x080009e5   Thumb Code   414  stm32f4xx_hal_i2s_ex.o(.text.HAL_I2SEx_FullDuplex_IRQHandler)
    HAL_I2SEx_TxRxCpltCallback               0x08000b85   Thumb Code     2  stm32f4xx_hal_i2s_ex.o(.text.HAL_I2SEx_TxRxCpltCallback)
    HAL_I2S_ErrorCallback                    0x08000b89   Thumb Code     2  stm32f4xx_hal_i2s.o(.text.HAL_I2S_ErrorCallback)
    HAL_I2S_IRQHandler                       0x08000b8d   Thumb Code     8  stm32f4xx_hal_i2s.o(.text.HAL_I2S_IRQHandler)
    HAL_I2S_Init                             0x08000b95   Thumb Code   346  stm32f4xx_hal_i2s.o(.text.HAL_I2S_Init)
    HAL_I2S_MspInit                          0x08000cf1   Thumb Code   298  i2s.o(.text.HAL_I2S_MspInit)
    HAL_I2S_RxCpltCallback                   0x08000e1d   Thumb Code     2  stm32f4xx_hal_i2s.o(.text.HAL_I2S_RxCpltCallback)
    HAL_I2S_Transmit_DMA                     0x08000e21   Thumb Code   196  stm32f4xx_hal_i2s.o(.text.HAL_I2S_Transmit_DMA)
    HAL_I2S_TxCpltCallback                   0x08000ee5   Thumb Code    46  audio_out.o(.text.HAL_I2S_TxCpltCallback)
    HAL_I2S_TxHalfCpltCallback               0x08000f15   Thumb Code    46  audio_out.o(.text.HAL_I2S_TxHalfCpltCallback)
    HAL_IncTick                              0x08000f45   Thumb Code    26  stm32f4xx_hal.o(.text.HAL_IncTick)
    HAL_Init                                 0x08000f61   Thumb Code    54  stm32f4xx_hal.o(.text.HAL_Init)
    HAL_InitTick                             0x08000f99   Thumb Code    80  stm32f4xx_hal.o(.text.HAL_InitTick)
    HAL_MspInit                              0x08000fe9   Thumb Code    56  stm32f4xx_hal_msp.o(.text.HAL_MspInit)
    HAL_NVIC_EnableIRQ                       0x08001021   Thumb Code     8  stm32f4xx_hal_cortex.o(.text.HAL_NVIC_EnableIRQ)
    HAL_NVIC_SetPriority                     0x08001029   Thumb Code    30  stm32f4xx_hal_cortex.o(.text.HAL_NVIC_SetPriority)
    HAL_NVIC_SetPriorityGrouping             0x08001049   Thumb Code     8  stm32f4xx_hal_cortex.o(.text.HAL_NVIC_SetPriorityGrouping)
    HAL_RCCEx_GetPeriphCLKFreq               0x08001051   Thumb Code    88  stm32f4xx_hal_rcc_ex.o(.text.HAL_RCCEx_GetPeriphCLKFreq)
    HAL_RCCEx_PeriphCLKConfig                0x080010a9   Thumb Code   326  stm32f4xx_hal_rcc_ex.o(.text.HAL_RCCEx_PeriphCLKConfig)
    HAL_RCC_ClockConfig                      0x080011f1   Thumb Code   352  stm32f4xx_hal_rcc.o(.text.HAL_RCC_ClockConfig)
    HAL_RCC_GetSysClockFreq                  0x08001351   Thumb Code   106  stm32f4xx_hal_rcc.o(.text.HAL_RCC_GetSysClockFreq)
    HAL_RCC_OscConfig                        0x080013bd   Thumb Code   840  stm32f4xx_hal_rcc.o(.text.HAL_RCC_OscConfig)
    HAL_SYSTICK_Config                       0x08001705   Thumb Code     8  stm32f4xx_hal_cortex.o(.text.HAL_SYSTICK_Config)
    HardFault_Handler                        0x0800170d   Thumb Code     2  stm32f4xx_it.o(.text.HardFault_Handler)
    MX_DMA_Init                              0x08001a71   Thumb Code    54  dma.o(.text.MX_DMA_Init)
    MX_GPIO_Init                             0x08001aa9   Thumb Code   142  gpio.o(.text.MX_GPIO_Init)
    MX_I2S2_Init                             0x08001b39   Thumb Code    58  i2s.o(.text.MX_I2S2_Init)
    MemManage_Handler                        0x08001b75   Thumb Code     2  stm32f4xx_it.o(.text.MemManage_Handler)
    NMI_Handler                              0x08001b79   Thumb Code     2  stm32f4xx_it.o(.text.NMI_Handler)
    PendSV_Handler                           0x08001ba9   Thumb Code     2  stm32f4xx_it.o(.text.PendSV_Handler)
    SPI2_IRQHandler                          0x08001bad   Thumb Code    16  stm32f4xx_it.o(.text.SPI2_IRQHandler)
    SVC_Handler                              0x08001bbd   Thumb Code     2  stm32f4xx_it.o(.text.SVC_Handler)
    Sweep_Init                               0x08001cd1   Thumb Code    70  sweep.o(.text.Sweep_Init)
    Sweep_Start                              0x08001d19   Thumb Code    20  sweep.o(.text.Sweep_Start)
    SysTick_Handler                          0x08001d5d   Thumb Code     8  stm32f4xx_it.o(.text.SysTick_Handler)
    SystemClock_Config                       0x08001d65   Thumb Code   162  main.o(.text.SystemClock_Config)
    SystemInit                               0x08001e09   Thumb Code    18  system_stm32f4xx_1.o(.text.SystemInit)
    UsageFault_Handler                       0x08001e1d   Thumb Code     2  stm32f4xx_it.o(.text.UsageFault_Handler)
    main                                     0x08001e95   Thumb Code    30  main.o(.text.main)
    __ARM_fpclassify                         0x08001eb3   Thumb Code    48  fpclassify.o(i.__ARM_fpclassify)
    __hardfp_sin                             0x08001ee9   Thumb Code   180  sin.o(i.__hardfp_sin)
    __ieee754_rem_pio2                       0x08001fb1   Thumb Code   938  rred.o(i.__ieee754_rem_pio2)
    __kernel_cos                             0x080023e9   Thumb Code   322  cos_i.o(i.__kernel_cos)
    __kernel_poly                            0x08002559   Thumb Code   248  poly.o(i.__kernel_poly)
    __kernel_sin                             0x08002651   Thumb Code   280  sin_i.o(i.__kernel_sin)
    __mathlib_dbl_infnan                     0x08002781   Thumb Code    20  dunder.o(i.__mathlib_dbl_infnan)
    __mathlib_dbl_invalid                    0x08002799   Thumb Code    24  dunder.o(i.__mathlib_dbl_invalid)
    __mathlib_dbl_underflow                  0x080027b9   Thumb Code    24  dunder.o(i.__mathlib_dbl_underflow)
    fabs                                     0x080027d9   Thumb Code    24  fabs.o(i.fabs)
    __aeabi_dneg                             0x080027f1   Thumb Code     0  basic.o(x$fpl$basic)
    _dneg                                    0x080027f1   Thumb Code     6  basic.o(x$fpl$basic)
    __aeabi_fneg                             0x080027f7   Thumb Code     0  basic.o(x$fpl$basic)
    _fneg                                    0x080027f7   Thumb Code     6  basic.o(x$fpl$basic)
    _dabs                                    0x080027fd   Thumb Code     6  basic.o(x$fpl$basic)
    _fabs                                    0x08002803   Thumb Code     6  basic.o(x$fpl$basic)
    __aeabi_dadd                             0x08002809   Thumb Code     0  daddsub_clz.o(x$fpl$dadd)
    _dadd                                    0x08002809   Thumb Code   332  daddsub_clz.o(x$fpl$dadd)
    __aeabi_ddiv                             0x08002959   Thumb Code     0  ddiv.o(x$fpl$ddiv)
    _ddiv                                    0x08002959   Thumb Code   556  ddiv.o(x$fpl$ddiv)
    __aeabi_d2iz                             0x08002c0d   Thumb Code     0  dfix.o(x$fpl$dfix)
    _dfix                                    0x08002c0d   Thumb Code    94  dfix.o(x$fpl$dfix)
    __aeabi_d2uiz                            0x08002c6d   Thumb Code     0  dfixu.o(x$fpl$dfixu)
    _dfixu                                   0x08002c6d   Thumb Code    90  dfixu.o(x$fpl$dfixu)
    __aeabi_i2d                              0x08002cc7   Thumb Code     0  dflt_clz.o(x$fpl$dflt)
    _dflt                                    0x08002cc7   Thumb Code    46  dflt_clz.o(x$fpl$dflt)
    __aeabi_ui2d                             0x08002cf5   Thumb Code     0  dflt_clz.o(x$fpl$dfltu)
    _dfltu                                   0x08002cf5   Thumb Code    38  dflt_clz.o(x$fpl$dfltu)
    __aeabi_dmul                             0x08002d1d   Thumb Code     0  dmul.o(x$fpl$dmul)
    _dmul                                    0x08002d1d   Thumb Code   332  dmul.o(x$fpl$dmul)
    __fpl_dnaninf                            0x08002e71   Thumb Code   156  dnaninf.o(x$fpl$dnaninf)
    __fpl_dretinf                            0x08002f0d   Thumb Code    12  dretinf.o(x$fpl$dretinf)
    __aeabi_drsub                            0x08002f19   Thumb Code     0  daddsub_clz.o(x$fpl$drsb)
    _drsb                                    0x08002f19   Thumb Code    22  daddsub_clz.o(x$fpl$drsb)
    __aeabi_dsub                             0x08002f31   Thumb Code     0  daddsub_clz.o(x$fpl$dsub)
    _dsub                                    0x08002f31   Thumb Code   472  daddsub_clz.o(x$fpl$dsub)
    __aeabi_f2d                              0x0800310d   Thumb Code     0  f2d.o(x$fpl$f2d)
    _f2d                                     0x0800310d   Thumb Code    86  f2d.o(x$fpl$f2d)
    __fpl_fnaninf                            0x08003163   Thumb Code   140  fnaninf.o(x$fpl$fnaninf)
    _fp_init                                 0x080031ef   Thumb Code    26  fpinit.o(x$fpl$fpinit)
    __fplib_config_fpu_vfp                   0x08003207   Thumb Code     0  fpinit.o(x$fpl$fpinit)
    __fplib_config_pureend_doubles           0x08003207   Thumb Code     0  fpinit.o(x$fpl$fpinit)
    __I$use$fp                               0x08003208   Number         0  usenofp.o(x$fpl$usenofp)
    AHBPrescTable                            0x08003330   Data          16  system_stm32f4xx_1.o(.rodata.AHBPrescTable)
    Region$$Table$$Base                      0x08003340   Number         0  anon$$obj.o(Region$$Table)
    Region$$Table$$Limit                     0x08003360   Number         0  anon$$obj.o(Region$$Table)
    SystemCoreClock                          0x20000000   Data           4  system_stm32f4xx_1.o(.data.SystemCoreClock)
    uwTickFreq                               0x20000004   Data           1  stm32f4xx_hal.o(.data.uwTickFreq)
    uwTickPrio                               0x20000008   Data           4  stm32f4xx_hal.o(.data.uwTickPrio)
    __libspace_start                         0x20000010   Data          96  libspace.o(.bss)
    __temporary_stack_top$libspace           0x20000070   Data           0  libspace.o(.bss)
    hdma_spi2_tx                             0x2000007c   Data          96  i2s.o(.bss.hdma_spi2_tx)
    hi2s2                                    0x200000dc   Data          72  i2s.o(.bss.hi2s2)
    uwTick                                   0x20000b34   Data           4  stm32f4xx_hal.o(.bss.uwTick)



==============================================================================

Memory Map of the image

  Image Entry point : 0x08000189

  Load Region LR_IROM1 (Base: 0x08000000, Size: 0x00003370, Max: 0x00080000, ABSOLUTE)

    Execution Region ER_IROM1 (Exec base: 0x08000000, Load base: 0x08000000, Size: 0x00003360, Max: 0x00080000, ABSOLUTE)

    Exec Addr    Load Addr    Size         Type   Attr      Idx    E Section Name        Object

    0x08000000   0x08000000   0x00000188   Data   RO            3    RESET               startup_stm32f407xx.o
    0x08000188   0x08000188   0x00000008   Code   RO          741  * !!!main             c_w.l(__main.o)
    0x08000190   0x08000190   0x00000034   Code   RO          999    !!!scatter          c_w.l(__scatter.o)
    0x080001c4   0x080001c4   0x0000001a   Code   RO         1001    !!handler_copy      c_w.l(__scatter_copy.o)
    0x080001de   0x080001de   0x00000002   PAD
    0x080001e0   0x080001e0   0x0000001c   Code   RO         1003    !!handler_zi        c_w.l(__scatter_zi.o)
    0x080001fc   0x080001fc   0x00000002   Code   RO          866    .ARM.Collect$$libinit$$00000000  c_w.l(libinit.o)
    0x080001fe   0x080001fe   0x00000004   Code   RO          875    .ARM.Collect$$libinit$$00000001  c_w.l(libinit2.o)
    0x08000202   0x08000202   0x00000000   Code   RO          878    .ARM.Collect$$libinit$$00000004  c_w.l(libinit2.o)
    0x08000202   0x08000202   0x00000000   Code   RO          881    .ARM.Collect$$libinit$$0000000A  c_w.l(libinit2.o)
    0x08000202   0x08000202   0x00000000   Code   RO          883    .ARM.Collect$$libinit$$0000000C  c_w.l(libinit2.o)
    0x08000202   0x08000202   0x00000000   Code   RO          885    .ARM.Collect$$libinit$$0000000E  c_w.l(libinit2.o)
    0x08000202   0x08000202   0x00000000   Code   RO          888    .ARM.Collect$$libinit$$00000011  c_w.l(libinit2.o)
    0x08000202   0x08000202   0x00000000   Code   RO          890    .ARM.Collect$$libinit$$00000013  c_w.l(libinit2.o)
    0x08000202   0x08000202   0x00000000   Code   RO          892    .ARM.Collect$$libinit$$00000015  c_w.l(libinit2.o)
    0x08000202   0x08000202   0x00000000   Code   RO          894    .ARM.Collect$$libinit$$00000017  c_w.l(libinit2.o)
    0x08000202   0x08000202   0x00000000   Code   RO          896    .ARM.Collect$$libinit$$00000019  c_w.l(libinit2.o)
    0x08000202   0x08000202   0x00000000   Code   RO          898    .ARM.Collect$$libinit$$0000001B  c_w.l(libinit2.o)
    0x08000202   0x08000202   0x00000000   Code   RO          900    .ARM.Collect$$libinit$$0000001D  c_w.l(libinit2.o)
    0x08000202   0x08000202   0x00000000   Code   RO          902    .ARM.Collect$$libinit$$0000001F  c_w.l(libinit2.o)
    0x08000202   0x08000202   0x00000000   Code   RO          904    .ARM.Collect$$libinit$$00000021  c_w.l(libinit2.o)
    0x08000202   0x08000202   0x00000000   Code   RO          906    .ARM.Collect$$libinit$$00000023  c_w.l(libinit2.o)
    0x08000202   0x08000202   0x00000000   Code   RO          908    .ARM.Collect$$libinit$$00000025  c_w.l(libinit2.o)
    0x08000202   0x08000202   0x00000000   Code   RO          912    .ARM.Collect$$libinit$$0000002C  c_w.l(libinit2.o)
    0x08000202   0x08000202   0x00000000   Code   RO          914    .ARM.Collect$$libinit$$0000002E  c_w.l(libinit2.o)
    0x08000202   0x08000202   0x00000000   Code   RO          916    .ARM.Collect$$libinit$$00000030  c_w.l(libinit2.o)
    0x08000202   0x08000202   0x00000000   Code   RO          918    .ARM.Collect$$libinit$$00000032  c_w.l(libinit2.o)
    0x08000202   0x08000202   0x00000002   Code   RO          919    .ARM.Collect$$libinit$$00000033  c_w.l(libinit2.o)
    0x08000204   0x08000204   0x00000002   Code   RO          954    .ARM.Collect$$libshutdown$$00000000  c_w.l(libshutdown.o)
    0x08000206   0x08000206   0x00000000   Code   RO          982    .ARM.Collect$$libshutdown$$00000002  c_w.l(libshutdown2.o)
    0x08000206   0x08000206   0x00000000   Code   RO          984    .ARM.Collect$$libshutdown$$00000004  c_w.l(libshutdown2.o)
    0x08000206   0x08000206   0x00000000   Code   RO          987    .ARM.Collect$$libshutdown$$00000007  c_w.l(libshutdown2.o)
    0x08000206   0x08000206   0x00000000   Code   RO          990    .ARM.Collect$$libshutdown$$0000000A  c_w.l(libshutdown2.o)
    0x08000206   0x08000206   0x00000000   Code   RO          992    .ARM.Collect$$libshutdown$$0000000C  c_w.l(libshutdown2.o)
    0x08000206   0x08000206   0x00000000   Code   RO          995    .ARM.Collect$$libshutdown$$0000000F  c_w.l(libshutdown2.o)
    0x08000206   0x08000206   0x00000002   Code   RO          996    .ARM.Collect$$libshutdown$$00000010  c_w.l(libshutdown2.o)
    0x08000208   0x08000208   0x00000000   Code   RO          771    .ARM.Collect$$rtentry$$00000000  c_w.l(__rtentry.o)
    0x08000208   0x08000208   0x00000000   Code   RO          813    .ARM.Collect$$rtentry$$00000002  c_w.l(__rtentry2.o)
    0x08000208   0x08000208   0x00000006   Code   RO          825    .ARM.Collect$$rtentry$$00000004  c_w.l(__rtentry4.o)
    0x0800020e   0x0800020e   0x00000000   Code   RO          815    .ARM.Collect$$rtentry$$00000009  c_w.l(__rtentry2.o)
    0x0800020e   0x0800020e   0x00000004   Code   RO          816    .ARM.Collect$$rtentry$$0000000A  c_w.l(__rtentry2.o)
    0x08000212   0x08000212   0x00000000   Code   RO          818    .ARM.Collect$$rtentry$$0000000C  c_w.l(__rtentry2.o)
    0x08000212   0x08000212   0x00000008   Code   RO          819    .ARM.Collect$$rtentry$$0000000D  c_w.l(__rtentry2.o)
    0x0800021a   0x0800021a   0x00000002   Code   RO          867    .ARM.Collect$$rtexit$$00000000  c_w.l(rtexit.o)
    0x0800021c   0x0800021c   0x00000000   Code   RO          925    .ARM.Collect$$rtexit$$00000002  c_w.l(rtexit2.o)
    0x0800021c   0x0800021c   0x00000004   Code   RO          926    .ARM.Collect$$rtexit$$00000003  c_w.l(rtexit2.o)
    0x08000220   0x08000220   0x00000006   Code   RO          927    .ARM.Collect$$rtexit$$00000004  c_w.l(rtexit2.o)
    0x08000226   0x08000226   0x00000002   PAD
    0x08000228   0x08000228   0x00000040   Code   RO            4    .text               startup_stm32f407xx.o
    0x08000268   0x08000268   0x000000f0   Code   RO          735    .text               c_w.l(lludivv7m.o)
    0x08000358   0x08000358   0x0000004e   Code   RO          737    .text               c_w.l(rt_memclr_w.o)
    0x080003a6   0x080003a6   0x00000006   Code   RO          739    .text               c_w.l(heapauxi.o)
    0x080003ac   0x080003ac   0x00000016   Code   RO          776    .text               c_w.l(_rserrno.o)
    0x080003c2   0x080003c2   0x00000002   PAD
    0x080003c4   0x080003c4   0x00000008   Code   RO          832    .text               c_w.l(rt_errno_addr_intlibspace.o)
    0x080003cc   0x080003cc   0x00000008   Code   RO          850    .text               c_w.l(libspace.o)
    0x080003d4   0x080003d4   0x0000004a   Code   RO          853    .text               c_w.l(sys_stackheap_outer.o)
    0x0800041e   0x0800041e   0x00000012   Code   RO          855    .text               c_w.l(exit.o)
    0x08000430   0x08000430   0x0000000c   Code   RO          920    .text               c_w.l(sys_exit.o)
    0x0800043c   0x0800043c   0x00000002   Code   RO          943    .text               c_w.l(use_no_semi.o)
    0x0800043e   0x0800043e   0x00000000   Code   RO          945    .text               c_w.l(indicate_semi.o)
    0x0800043e   0x0800043e   0x00000002   PAD
    0x08000440   0x08000440   0x0000000c   Code   RO           42    .text.AudioOut_SetFillCallback  audio_out.o
    0x0800044c   0x0800044c   0x00000046   Code   RO           44    .text.AudioOut_Start  audio_out.o
    0x08000492   0x08000492   0x00000002   PAD
    0x08000494   0x08000494   0x00000002   Code   RO          135    .text.BusFault_Handler  stm32f4xx_it.o
    0x08000496   0x08000496   0x00000002   PAD
    0x08000498   0x08000498   0x00000010   Code   RO          147    .text.DMA1_Stream4_IRQHandler  stm32f4xx_it.o
    0x080004a8   0x080004a8   0x0000003c   Code   RO          454    .text.DMA_CalcBaseAndBitshift  stm32f4xx_hal_dma.o
    0x080004e4   0x080004e4   0x00000050   Code   RO          452    .text.DMA_CheckFifoParam  stm32f4xx_hal_dma.o
    0x08000534   0x08000534   0x00000030   Code   RO          460    .text.DMA_SetConfig  stm32f4xx_hal_dma.o
    0x08000564   0x08000564   0x00000002   Code   RO          141    .text.DebugMon_Handler  stm32f4xx_it.o
    0x08000566   0x08000566   0x00000002   PAD
    0x08000568   0x08000568   0x00000006   Code   RO           85    .text.Error_Handler  main.o
    0x0800056e   0x0800056e   0x00000002   PAD
    0x08000570   0x08000570   0x0000018c   Code   RO          470    .text.HAL_DMA_IRQHandler  stm32f4xx_hal_dma.o
    0x080006fc   0x080006fc   0x000000ce   Code   RO          450    .text.HAL_DMA_Init  stm32f4xx_hal_dma.o
    0x080007ca   0x080007ca   0x00000002   PAD
    0x080007cc   0x080007cc   0x00000062   Code   RO          462    .text.HAL_DMA_Start_IT  stm32f4xx_hal_dma.o
    0x0800082e   0x0800082e   0x00000002   PAD
    0x08000830   0x08000830   0x0000019a   Code   RO          410    .text.HAL_GPIO_Init  stm32f4xx_hal_gpio.o
    0x080009ca   0x080009ca   0x00000002   PAD
    0x080009cc   0x080009cc   0x0000000a   Code   RO          416    .text.HAL_GPIO_WritePin  stm32f4xx_hal_gpio.o
    0x080009d6   0x080009d6   0x00000002   PAD
    0x080009d8   0x080009d8   0x0000000c   Code   RO          640    .text.HAL_GetTick   stm32f4xx_hal.o
    0x080009e4   0x080009e4   0x0000019e   Code   RO          248    .text.HAL_I2SEx_FullDuplex_IRQHandler  stm32f4xx_hal_i2s_ex.o
    0x08000b82   0x08000b82   0x00000002   PAD
    0x08000b84   0x08000b84   0x00000002   Code   RO          260    .text.HAL_I2SEx_TxRxCpltCallback  stm32f4xx_hal_i2s_ex.o
    0x08000b86   0x08000b86   0x00000002   PAD
    0x08000b88   0x08000b88   0x00000002   Code   RO          216    .text.HAL_I2S_ErrorCallback  stm32f4xx_hal_i2s.o
    0x08000b8a   0x08000b8a   0x00000002   PAD
    0x08000b8c   0x08000b8c   0x00000008   Code   RO          206    .text.HAL_I2S_IRQHandler  stm32f4xx_hal_i2s.o
    0x08000b94   0x08000b94   0x0000015a   Code   RO          166    .text.HAL_I2S_Init  stm32f4xx_hal_i2s.o
    0x08000cee   0x08000cee   0x00000002   PAD
    0x08000cf0   0x08000cf0   0x0000012a   Code   RO          115    .text.HAL_I2S_MspInit  i2s.o
    0x08000e1a   0x08000e1a   0x00000002   PAD
    0x08000e1c   0x08000e1c   0x00000002   Code   RO          214    .text.HAL_I2S_RxCpltCallback  stm32f4xx_hal_i2s.o
    0x08000e1e   0x08000e1e   0x00000002   PAD
    0x08000e20   0x08000e20   0x000000c4   Code   RO          186    .text.HAL_I2S_Transmit_DMA  stm32f4xx_hal_i2s.o
    0x08000ee4   0x08000ee4   0x0000002e   Code   RO           38    .text.HAL_I2S_TxCpltCallback  audio_out.o
    0x08000f12   0x08000f12   0x00000002   PAD
    0x08000f14   0x08000f14   0x0000002e   Code   RO           36    .text.HAL_I2S_TxHalfCpltCallback  audio_out.o
    0x08000f42   0x08000f42   0x00000002   PAD
    0x08000f44   0x08000f44   0x0000001a   Code   RO          638    .text.HAL_IncTick   stm32f4xx_hal.o
    0x08000f5e   0x08000f5e   0x00000002   PAD
    0x08000f60   0x08000f60   0x00000036   Code   RO          628    .text.HAL_Init      stm32f4xx_hal.o
    0x08000f96   0x08000f96   0x00000002   PAD
    0x08000f98   0x08000f98   0x00000050   Code   RO          630    .text.HAL_InitTick  stm32f4xx_hal.o
    0x08000fe8   0x08000fe8   0x00000038   Code   RO          158    .text.HAL_MspInit   stm32f4xx_hal_msp.o
    0x08001020   0x08001020   0x00000008   Code   RO          562    .text.HAL_NVIC_EnableIRQ  stm32f4xx_hal_cortex.o
    0x08001028   0x08001028   0x0000001e   Code   RO          554    .text.HAL_NVIC_SetPriority  stm32f4xx_hal_cortex.o
    0x08001046   0x08001046   0x00000002   PAD
    0x08001048   0x08001048   0x00000008   Code   RO          550    .text.HAL_NVIC_SetPriorityGrouping  stm32f4xx_hal_cortex.o
    0x08001050   0x08001050   0x00000058   Code   RO          310    .text.HAL_RCCEx_GetPeriphCLKFreq  stm32f4xx_hal_rcc_ex.o
    0x080010a8   0x080010a8   0x00000146   Code   RO          306    .text.HAL_RCCEx_PeriphCLKConfig  stm32f4xx_hal_rcc_ex.o
    0x080011ee   0x080011ee   0x00000002   PAD
    0x080011f0   0x080011f0   0x00000160   Code   RO          274    .text.HAL_RCC_ClockConfig  stm32f4xx_hal_rcc.o
    0x08001350   0x08001350   0x0000006a   Code   RO          276    .text.HAL_RCC_GetSysClockFreq  stm32f4xx_hal_rcc.o
    0x080013ba   0x080013ba   0x00000002   PAD
    0x080013bc   0x080013bc   0x00000348   Code   RO          272    .text.HAL_RCC_OscConfig  stm32f4xx_hal_rcc.o
    0x08001704   0x08001704   0x00000008   Code   RO          574    .text.HAL_SYSTICK_Config  stm32f4xx_hal_cortex.o
    0x0800170c   0x0800170c   0x00000002   Code   RO          131    .text.HardFault_Handler  stm32f4xx_it.o
    0x0800170e   0x0800170e   0x00000002   PAD
    0x08001710   0x08001710   0x00000036   Code   RO          256    .text.I2SEx_RxISR_I2S  stm32f4xx_hal_i2s_ex.o
    0x08001746   0x08001746   0x00000002   PAD
    0x08001748   0x08001748   0x0000005c   Code   RO          252    .text.I2SEx_RxISR_I2SExt  stm32f4xx_hal_i2s_ex.o
    0x080017a4   0x080017a4   0x00000036   Code   RO          250    .text.I2SEx_TxISR_I2S  stm32f4xx_hal_i2s_ex.o
    0x080017da   0x080017da   0x00000002   PAD
    0x080017dc   0x080017dc   0x0000005c   Code   RO          254    .text.I2SEx_TxISR_I2SExt  stm32f4xx_hal_i2s_ex.o
    0x08001838   0x08001838   0x00000028   Code   RO          192    .text.I2S_DMAError  stm32f4xx_hal_i2s.o
    0x08001860   0x08001860   0x00000028   Code   RO          190    .text.I2S_DMATxCplt  stm32f4xx_hal_i2s.o
    0x08001888   0x08001888   0x0000000a   Code   RO          188    .text.I2S_DMATxHalfCplt  stm32f4xx_hal_i2s.o
    0x08001892   0x08001892   0x00000002   PAD
    0x08001894   0x08001894   0x000000b2   Code   RO          168    .text.I2S_IRQHandler  stm32f4xx_hal_i2s.o
    0x08001946   0x08001946   0x00000002   PAD
    0x08001948   0x08001948   0x00000030   Code   RO          222    .text.I2S_Receive_IT  stm32f4xx_hal_i2s.o
    0x08001978   0x08001978   0x00000030   Code   RO          224    .text.I2S_Transmit_IT  stm32f4xx_hal_i2s.o
    0x080019a8   0x080019a8   0x000000c8   Code   RO           13    .text.InitSineTable  sweep.o
    0x08001a70   0x08001a70   0x00000036   Code   RO          104    .text.MX_DMA_Init   dma.o
    0x08001aa6   0x08001aa6   0x00000002   PAD
    0x08001aa8   0x08001aa8   0x0000008e   Code   RO           95    .text.MX_GPIO_Init  gpio.o
    0x08001b36   0x08001b36   0x00000002   PAD
    0x08001b38   0x08001b38   0x0000003a   Code   RO          113    .text.MX_I2S2_Init  i2s.o
    0x08001b72   0x08001b72   0x00000002   PAD
    0x08001b74   0x08001b74   0x00000002   Code   RO          133    .text.MemManage_Handler  stm32f4xx_it.o
    0x08001b76   0x08001b76   0x00000002   PAD
    0x08001b78   0x08001b78   0x00000002   Code   RO          129    .text.NMI_Handler   stm32f4xx_it.o
    0x08001b7a   0x08001b7a   0x00000002   PAD
    0x08001b7c   0x08001b7c   0x0000002c   Code   RO          560    .text.NVIC_EncodePriority  stm32f4xx_hal_cortex.o
    0x08001ba8   0x08001ba8   0x00000002   Code   RO          143    .text.PendSV_Handler  stm32f4xx_it.o
    0x08001baa   0x08001baa   0x00000002   PAD
    0x08001bac   0x08001bac   0x00000010   Code   RO          149    .text.SPI2_IRQHandler  stm32f4xx_it.o
    0x08001bbc   0x08001bbc   0x00000002   Code   RO          139    .text.SVC_Handler   stm32f4xx_it.o
    0x08001bbe   0x08001bbe   0x00000002   PAD
    0x08001bc0   0x08001bc0   0x00000048   Code   RO           15    .text.SetSweepFrequency  sweep.o
    0x08001c08   0x08001c08   0x000000c6   Code   RO           19    .text.Sweep_FillBuffer  sweep.o
    0x08001cce   0x08001cce   0x00000002   PAD
    0x08001cd0   0x08001cd0   0x00000046   Code   RO           11    .text.Sweep_Init    sweep.o
    0x08001d16   0x08001d16   0x00000002   PAD
    0x08001d18   0x08001d18   0x00000014   Code   RO           17    .text.Sweep_Start   sweep.o
    0x08001d2c   0x08001d2c   0x0000002e   Code   RO          576    .text.SysTick_Config  stm32f4xx_hal_cortex.o
    0x08001d5a   0x08001d5a   0x00000002   PAD
    0x08001d5c   0x08001d5c   0x00000008   Code   RO          145    .text.SysTick_Handler  stm32f4xx_it.o
    0x08001d64   0x08001d64   0x000000a2   Code   RO           83    .text.SystemClock_Config  main.o
    0x08001e06   0x08001e06   0x00000002   PAD
    0x08001e08   0x08001e08   0x00000012   Code   RO          719    .text.SystemInit    system_stm32f4xx_1.o
    0x08001e1a   0x08001e1a   0x00000002   PAD
    0x08001e1c   0x08001e1c   0x00000002   Code   RO          137    .text.UsageFault_Handler  stm32f4xx_it.o
    0x08001e1e   0x08001e1e   0x00000002   PAD
    0x08001e20   0x08001e20   0x00000020   Code   RO          564    .text.__NVIC_EnableIRQ  stm32f4xx_hal_cortex.o
    0x08001e40   0x08001e40   0x00000010   Code   RO          556    .text.__NVIC_GetPriorityGrouping  stm32f4xx_hal_cortex.o
    0x08001e50   0x08001e50   0x00000022   Code   RO          558    .text.__NVIC_SetPriority  stm32f4xx_hal_cortex.o
    0x08001e72   0x08001e72   0x00000002   PAD
    0x08001e74   0x08001e74   0x00000020   Code   RO          552    .text.__NVIC_SetPriorityGrouping  stm32f4xx_hal_cortex.o
    0x08001e94   0x08001e94   0x0000001e   Code   RO           81    .text.main          main.o
    0x08001eb2   0x08001eb2   0x00000030   Code   RO          846    i.__ARM_fpclassify  m_wm.l(fpclassify.o)
    0x08001ee2   0x08001ee2   0x00000006   PAD
    0x08001ee8   0x08001ee8   0x000000c8   Code   RO          765    i.__hardfp_sin      m_wm.l(sin.o)
    0x08001fb0   0x08001fb0   0x00000438   Code   RO          804    i.__ieee754_rem_pio2  m_wm.l(rred.o)
    0x080023e8   0x080023e8   0x00000170   Code   RO          787    i.__kernel_cos      m_wm.l(cos_i.o)
    0x08002558   0x08002558   0x000000f8   Code   RO          848    i.__kernel_poly     m_wm.l(poly.o)
    0x08002650   0x08002650   0x00000130   Code   RO          809    i.__kernel_sin      m_wm.l(sin_i.o)
    0x08002780   0x08002780   0x00000014   Code   RO          791    i.__mathlib_dbl_infnan  m_wm.l(dunder.o)
    0x08002794   0x08002794   0x00000004   PAD
    0x08002798   0x08002798   0x00000020   Code   RO          793    i.__mathlib_dbl_invalid  m_wm.l(dunder.o)
    0x080027b8   0x080027b8   0x00000020   Code   RO          796    i.__mathlib_dbl_underflow  m_wm.l(dunder.o)
    0x080027d8   0x080027d8   0x00000018   Code   RO          842    i.fabs              m_wm.l(fabs.o)
    0x080027f0   0x080027f0   0x00000018   Code   RO          778    x$fpl$basic         fz_wm.l(basic.o)
    0x08002808   0x08002808   0x00000150   Code   RO          743    x$fpl$dadd          fz_wm.l(daddsub_clz.o)
    0x08002958   0x08002958   0x000002b4   Code   RO          750    x$fpl$ddiv          fz_wm.l(ddiv.o)
    0x08002c0c   0x08002c0c   0x0000005e   Code   RO          753    x$fpl$dfix          fz_wm.l(dfix.o)
    0x08002c6a   0x08002c6a   0x00000002   PAD
    0x08002c6c   0x08002c6c   0x0000005a   Code   RO          757    x$fpl$dfixu         fz_wm.l(dfixu.o)
    0x08002cc6   0x08002cc6   0x0000002e   Code   RO          835    x$fpl$dflt          fz_wm.l(dflt_clz.o)
    0x08002cf4   0x08002cf4   0x00000026   Code   RO          834    x$fpl$dfltu         fz_wm.l(dflt_clz.o)
    0x08002d1a   0x08002d1a   0x00000002   PAD
    0x08002d1c   0x08002d1c   0x00000154   Code   RO          761    x$fpl$dmul          fz_wm.l(dmul.o)
    0x08002e70   0x08002e70   0x0000009c   Code   RO          780    x$fpl$dnaninf       fz_wm.l(dnaninf.o)
    0x08002f0c   0x08002f0c   0x0000000c   Code   RO          782    x$fpl$dretinf       fz_wm.l(dretinf.o)
    0x08002f18   0x08002f18   0x00000016   Code   RO          744    x$fpl$drsb          fz_wm.l(daddsub_clz.o)
    0x08002f2e   0x08002f2e   0x00000002   PAD
    0x08002f30   0x08002f30   0x000001dc   Code   RO          745    x$fpl$dsub          fz_wm.l(daddsub_clz.o)
    0x0800310c   0x0800310c   0x00000056   Code   RO          763    x$fpl$f2d           fz_wm.l(f2d.o)
    0x08003162   0x08003162   0x0000008c   Code   RO          784    x$fpl$fnaninf       fz_wm.l(fnaninf.o)
    0x080031ee   0x080031ee   0x0000001a   Code   RO          937    x$fpl$fpinit        fz_wm.l(fpinit.o)
    0x08003208   0x08003208   0x00000000   Code   RO          786    x$fpl$usenofp       fz_wm.l(usenofp.o)
    0x08003208   0x08003208   0x00000030   Data   RO          788    .constdata          m_wm.l(cos_i.o)
    0x08003238   0x08003238   0x000000cc   Data   RO          806    .constdata          m_wm.l(rred.o)
    0x08003304   0x08003304   0x00000004   PAD
    0x08003308   0x08003308   0x00000028   Data   RO          810    .constdata          m_wm.l(sin_i.o)
    0x08003330   0x08003330   0x00000010   Data   RO          724    .rodata.AHBPrescTable  system_stm32f4xx_1.o
    0x08003340   0x08003340   0x00000020   Data   RO          998    Region$$Table       anon$$obj.o


    Execution Region RW_IRAM2 (Exec base: 0x10000000, Load base: 0x08003370, Size: 0x00000000, Max: 0x00010000, ABSOLUTE)

    **** No section assigned to this execution region ****


    Execution Region RW_IRAM1 (Exec base: 0x20000000, Load base: 0x08003360, Size: 0x00001138, Max: 0x00020000, ABSOLUTE)

    Exec Addr    Load Addr    Size         Type   Attr      Idx    E Section Name        Object

    0x20000000   0x08003360   0x00000004   Data   RW          723    .data.SystemCoreClock  system_stm32f4xx_1.o
    0x20000004   0x08003364   0x00000001   Data   RW          683    .data.uwTickFreq    stm32f4xx_hal.o
    0x20000005   0x08003365   0x00000003   PAD
    0x20000008   0x08003368   0x00000004   Data   RW          682    .data.uwTickPrio    stm32f4xx_hal.o
    0x2000000c   0x0800336c   0x00000004   PAD
    0x20000010        -       0x00000060   Zero   RW          851    .bss                c_w.l(libspace.o)
    0x20000070        -       0x00000004   Zero   RW           25    .bss.dds_phase_acc  sweep.o
    0x20000074        -       0x00000004   Zero   RW           27    .bss.dds_phase_step  sweep.o
    0x20000078        -       0x00000004   Zero   RW           48    .bss.fill_callback  audio_out.o
    0x2000007c        -       0x00000060   Zero   RW          120    .bss.hdma_spi2_tx   i2s.o
    0x200000dc        -       0x00000048   Zero   RW          119    .bss.hi2s2          i2s.o
    0x20000124        -       0x00000200   Zero   RW           26    .bss.sine_table     sweep.o
    0x20000324        -       0x00000004   Zero   RW           23    .bss.sweep_pair_counter  sweep.o
    0x20000328        -       0x00000001   Zero   RW           24    .bss.sweep_pairs_per_step  sweep.o
    0x20000329   0x0800336c   0x00000003   PAD
    0x2000032c        -       0x00000004   Zero   RW           21    .bss.sweep_step_index  sweep.o
    0x20000330        -       0x00000001   Zero   RW           22    .bss.sweep_total_steps  sweep.o
    0x20000331   0x0800336c   0x00000001   PAD
    0x20000332        -       0x00000800   Zero   RW           49    .bss.tx_buffer      audio_out.o
    0x20000b32   0x0800336c   0x00000002   PAD
    0x20000b34        -       0x00000004   Zero   RW          684    .bss.uwTick         stm32f4xx_hal.o
    0x20000b38        -       0x00000200   Zero   RW            2    HEAP                startup_stm32f407xx.o
    0x20000d38        -       0x00000400   Zero   RW            1    STACK               startup_stm32f407xx.o


==============================================================================

Image component sizes


      Code (inc. data)   RO Data    RW Data    ZI Data      Debug   Object Name

       174          0          0          0       2052       4090   audio_out.o
        54          0          0          0          0       3285   dma.o
       142          0          0          0          0       2134   gpio.o
       356          0          0          0        168       7128   i2s.o
       198          0          0          0          0       2742   main.o
        64         26        392          0       1536        828   startup_stm32f407xx.o
       172          0          0          5          4       7271   stm32f4xx_hal.o
       258          0          0          0          0      11011   stm32f4xx_hal_cortex.o
       888         12          0          0          0       9262   stm32f4xx_hal_dma.o
       420          0          0          0          0       5183   stm32f4xx_hal_gpio.o
       918          0          0          0          0      12676   stm32f4xx_hal_i2s.o
       708          0          0          0          0       9097   stm32f4xx_hal_i2s_ex.o
        56          0          0          0          0       1437   stm32f4xx_hal_msp.o
      1298          0          0          0          0       7361   stm32f4xx_hal_rcc.o
       414          0          0          0          0       4358   stm32f4xx_hal_rcc_ex.o
        56          0          0          0          0       1808   stm32f4xx_it.o
       560         56          0          0        530       2283   sweep.o
        18          0         16          4          0       2563   system_stm32f4xx_1.o

    ----------------------------------------------------------------------
      6834         94        440         12       4300      94517   Object Totals
         0          0         32          0          0          0   (incl. Generated)
        80          0          0          3         10          0   (incl. Padding)

    ----------------------------------------------------------------------

      Code (inc. data)   RO Data    RW Data    ZI Data      Debug   Library Member Name

         8          0          0          0          0         68   __main.o
         0          0          0          0          0          0   __rtentry.o
        12          0          0          0          0          0   __rtentry2.o
         6          0          0          0          0          0   __rtentry4.o
        52          8          0          0          0          0   __scatter.o
        26          0          0          0          0          0   __scatter_copy.o
        28          0          0          0          0          0   __scatter_zi.o
        22          0          0          0          0        100   _rserrno.o
        18          0          0          0          0         80   exit.o
         6          0          0          0          0        152   heapauxi.o
         0          0          0          0          0          0   indicate_semi.o
         2          0          0          0          0          0   libinit.o
         6          0          0          0          0          0   libinit2.o
         2          0          0          0          0          0   libshutdown.o
         2          0          0          0          0          0   libshutdown2.o
         8          4          0          0         96         68   libspace.o
       240          0          0          0          0        100   lludivv7m.o
         8          4          0          0          0         68   rt_errno_addr_intlibspace.o
        78          0          0          0          0         80   rt_memclr_w.o
         2          0          0          0          0          0   rtexit.o
        10          0          0          0          0          0   rtexit2.o
        12          4          0          0          0         68   sys_exit.o
        74          0          0          0          0         80   sys_stackheap_outer.o
         2          0          0          0          0         68   use_no_semi.o
        24          0          0          0          0        164   basic.o
       834         16          0          0          0        516   daddsub_clz.o
       692        140          0          0          0        264   ddiv.o
        94          4          0          0          0        140   dfix.o
        90          4          0          0          0        140   dfixu.o
        84          0          0          0          0        232   dflt_clz.o
       340         12          0          0          0        152   dmul.o
       156          4          0          0          0        140   dnaninf.o
        12          0          0          0          0        116   dretinf.o
        86          4          0          0          0        132   f2d.o
       140          4          0          0          0        132   fnaninf.o
        26          0          0          0          0        116   fpinit.o
         0          0          0          0          0          0   usenofp.o
       368         46         48          0          0        200   cos_i.o
        84         16          0          0          0        372   dunder.o
        24          0          0          0          0        124   fabs.o
        48          0          0          0          0        124   fpclassify.o
       248          0          0          0          0        152   poly.o
      1080        142        204          0          0        188   rred.o
       200         20          0          0          0        164   sin.o
       304         24         40          0          0        208   sin_i.o

    ----------------------------------------------------------------------
      5582        456        296          0         96       4708   Library Totals
        24          0          4          0          0          0   (incl. Padding)

    ----------------------------------------------------------------------

      Code (inc. data)   RO Data    RW Data    ZI Data      Debug   Library Name

       624         20          0          0         96        932   c_w.l
      2578        188          0          0          0       2244   fz_wm.l
      2356        248        292          0          0       1532   m_wm.l

    ----------------------------------------------------------------------
      5582        456        296          0         96       4708   Library Totals

    ----------------------------------------------------------------------

==============================================================================


      Code (inc. data)   RO Data    RW Data    ZI Data      Debug   

     12416        550        736         12       4396      96241   Grand Totals
     12416        550        736         12       4396      96241   ELF Image Totals
     12416        550        736         12          0          0   ROM Totals

==============================================================================

    Total RO  Size (Code + RO Data)                13152 (  12.84kB)
    Total RW  Size (RW Data + ZI Data)              4408 (   4.30kB)
    Total ROM Size (Code + RO Data + RW Data)      13164 (  12.86kB)

==============================================================================

