<html>
<body>
<pre>
<h1>�Vision Build Log</h1>
<h2>Tool Versions:</h2>
IDE-Version: ��Vision V5.36.0.0
Copyright (C) 2021 ARM Ltd and ARM Germany GmbH. All rights reserved.
License Information: l 473065664@qq.com, l, LIC=WHYH9-46HJH-PCZJ8-3X1WJ-I3FTB-RSMEB
 
Tool Versions:
Toolchain:       MDK-ARM Plus  Version: 5.36.0.0
Toolchain Path:  D:\Keil_v5\ARM\ARMCLANG\Bin
C Compiler:      ArmClang.exe V6.16
Assembler:       Armasm.exe V6.16
Linker/Locator:  ArmLink.exe V6.16
Library Manager: ArmAr.exe V6.16
Hex Converter:   FromElf.exe V6.16
CPU DLL:         SARMCM3.DLL V5.36.0.0
Dialog DLL:      DCM.DLL V1.17.3.0
Target DLL:      STLink\ST-LINKIII-KEIL_SWO.dll V3.0.9.0
Dialog DLL:      TCM.DLL V1.53.0.0
 
<h2>Project:</h2>
D:\My_Git\My_Driver\PCM5102\MDK-ARM\PCM5102.uvprojx
Project File Date:  06/02/2026

<h2>Output:</h2>
*** Using Compiler 'V6.16', folder: 'D:\Keil_v5\ARM\ARMCLANG\Bin'
Rebuild target 'PCM5102'
assembling startup_stm32f407xx.s...
compiling stm32f4xx_hal_rcc.c...
compiling stm32f4xx_it.c...
compiling stm32f4xx_hal_pwr_ex.c...
compiling i2c.c...
../Core/Src/usart.c(120): warning: implicitly declaring library function 'vsnprintf' with type 'int (char *, unsigned int, const char *, __builtin_va_list)' [-Wimplicit-function-declaration]
    int len = vsnprintf(tmp, 128 - 1, format, argptr);
              ^
../Core/Src/usart.c(120): note: include the header <stdio.h> or explicitly provide a declaration for 'vsnprintf'
1 warning generated.
compiling usart.c...
compiling sweep.c...
compiling stm32f4xx_hal_i2s.c...
compiling i2s.c...
compiling audio_out.c...
compiling stm32f4xx_hal_msp.c...
compiling stm32f4xx_hal_gpio.c...
compiling dma.c...
compiling system_stm32f4xx.c...
compiling stm32f4xx_hal_exti.c...
compiling stm32f4xx_hal_i2c_ex.c...
compiling stm32f4xx_hal_pwr.c...
compiling stm32f4xx_hal_flash_ramfunc.c...
compiling stm32f4xx_hal_dma.c...
../Core/Src/main.c(99): warning: implicit declaration of function 'UART2_Printf' is invalid in C99 [-Wimplicit-function-declaration]
UART2_Printf("init\r\n");
^
1 warning generated.
compiling main.c...
compiling gpio.c...
compiling stm32f4xx_hal.c...
compiling stm32f4xx_hal_flash_ex.c...
compiling stm32f4xx_hal_rcc_ex.c...
../Core/Src/cs43131.c(123): warning: implicit declaration of function 'UART2_Printf' is invalid in C99 [-Wimplicit-function-declaration]
    UART2_Printf("[CS43131] 开始扫描 I2C 总线...\r\n");
    ^
../Core/Src/cs43131.c(181): warning: implicit declaration of function 'UART2_Printf' is invalid in C99 [-Wimplicit-function-declaration]
        UART2_Printf("[CS43131] 设备未找到, 跳过 DAC 初始化\r\n");
        ^
../Core/Src/cs43131.c(187): warning: implicit declaration of function 'UART2_Printf' is invalid in C99 [-Wimplicit-function-declaration]
        UART2_Printf("[CS43131] 寄存器读取超时, 跳过 DAC 初始化\r\n");
        ^
../Core/Src/cs43131.c(190): warning: implicit declaration of function 'UART2_Printf' is invalid in C99 [-Wimplicit-function-declaration]
    UART2_Printf("[CS43131] DevID[0]=0x%02X\r\n", id);
    ^
4 warnings generated.
compiling cs43131.c...
compiling stm32f4xx_hal_flash.c...
compiling stm32f4xx_hal_cortex.c...
compiling stm32f4xx_hal_dma_ex.c...
compiling stm32f4xx_hal_i2s_ex.c...
compiling stm32f4xx_hal_uart.c...
compiling stm32f4xx_hal_i2c.c...
linking...
Program Size: Code=24224 RO-data=1420 RW-data=12 ZI-data=4564  
FromELF: creating hex file...
"PCM5102\PCM5102.axf" - 0 Error(s), 6 Warning(s).

<h2>Software Packages used:</h2>

Package Vendor: ARM
                http://www.keil.com/pack/ARM.CMSIS.5.8.0.pack
                ARM.CMSIS.5.8.0
                CMSIS (Common Microcontroller Software Interface Standard)
   * Component: CORE Version: 5.5.0

Package Vendor: Keil
                https://www.keil.com/pack/Keil.STM32F4xx_DFP.3.1.1.pack
                Keil.STM32F4xx_DFP.3.1.1
                STMicroelectronics STM32F4 Series Device Support

<h2>Collection of Component include folders:</h2>
  .\RTE\_PCM5102
  D:\Keil_v5\ARM\PACK\ARM\CMSIS\5.8.0\CMSIS\Core\Include

<h2>Collection of Component Files used:</h2>

   * Component: ARM::CMSIS:CORE:5.5.0
Build Time Elapsed:  00:00:02
</pre>
</body>
</html>
